Archive member included to satisfy reference by file (symbol)

c:/ac6/systemworkbench/plugins/fr.ac6.mcu.externaltools.arm-none.win32_1.17.0.201812190825/tools/compiler/bin/../lib/gcc/arm-none-eabi/7.3.1/thumb/v7e-m/fpv4-sp/hard\libgcc.a(_arm_addsubdf3.o)
                              Src/sd_card.o (__aeabi_dadd)
c:/ac6/systemworkbench/plugins/fr.ac6.mcu.externaltools.arm-none.win32_1.17.0.201812190825/tools/compiler/bin/../lib/gcc/arm-none-eabi/7.3.1/thumb/v7e-m/fpv4-sp/hard\libgcc.a(_arm_muldivdf3.o)
                              Src/sd_card.o (__aeabi_ddiv)
c:/ac6/systemworkbench/plugins/fr.ac6.mcu.externaltools.arm-none.win32_1.17.0.201812190825/tools/compiler/bin/../lib/gcc/arm-none-eabi/7.3.1/thumb/v7e-m/fpv4-sp/hard\libgcc.a(_aeabi_uldivmod.o)
                              Drivers/STM32F4xx_HAL_Driver/Src/stm32f4xx_hal_rcc.o (__aeabi_uldivmod)
c:/ac6/systemworkbench/plugins/fr.ac6.mcu.externaltools.arm-none.win32_1.17.0.201812190825/tools/compiler/bin/../lib/gcc/arm-none-eabi/7.3.1/thumb/v7e-m/fpv4-sp/hard\libgcc.a(_udivmoddi4.o)
                              c:/ac6/systemworkbench/plugins/fr.ac6.mcu.externaltools.arm-none.win32_1.17.0.201812190825/tools/compiler/bin/../lib/gcc/arm-none-eabi/7.3.1/thumb/v7e-m/fpv4-sp/hard\libgcc.a(_aeabi_uldivmod.o) (__udivmoddi4)
c:/ac6/systemworkbench/plugins/fr.ac6.mcu.externaltools.arm-none.win32_1.17.0.201812190825/tools/compiler/bin/../lib/gcc/arm-none-eabi/7.3.1/thumb/v7e-m/fpv4-sp/hard\libgcc.a(_dvmd_tls.o)
                              c:/ac6/systemworkbench/plugins/fr.ac6.mcu.externaltools.arm-none.win32_1.17.0.201812190825/tools/compiler/bin/../lib/gcc/arm-none-eabi/7.3.1/thumb/v7e-m/fpv4-sp/hard\libgcc.a(_aeabi_uldivmod.o) (__aeabi_ldiv0)
c:/ac6/systemworkbench/plugins/fr.ac6.mcu.externaltools.arm-none.win32_1.17.0.201812190825/tools/compiler/bin/../lib/gcc/arm-none-eabi/7.3.1/../../../../arm-none-eabi/lib/thumb/v7e-m/fpv4-sp/hard\libc_nano.a(lib_a-exit.o)
                              c:/ac6/systemworkbench/plugins/fr.ac6.mcu.externaltools.arm-none.win32_1.17.0.201812190825/tools/compiler/bin/../lib/gcc/arm-none-eabi/7.3.1/../../../../arm-none-eabi/lib/thumb/v7e-m/fpv4-sp/hard/crt0.o (exit)
c:/ac6/systemworkbench/plugins/fr.ac6.mcu.externaltools.arm-none.win32_1.17.0.201812190825/tools/compiler/bin/../lib/gcc/arm-none-eabi/7.3.1/../../../../arm-none-eabi/lib/thumb/v7e-m/fpv4-sp/hard\libc_nano.a(lib_a-impure.o)
                              c:/ac6/systemworkbench/plugins/fr.ac6.mcu.externaltools.arm-none.win32_1.17.0.201812190825/tools/compiler/bin/../lib/gcc/arm-none-eabi/7.3.1/../../../../arm-none-eabi/lib/thumb/v7e-m/fpv4-sp/hard\libc_nano.a(lib_a-exit.o) (_global_impure_ptr)
c:/ac6/systemworkbench/plugins/fr.ac6.mcu.externaltools.arm-none.win32_1.17.0.201812190825/tools/compiler/bin/../lib/gcc/arm-none-eabi/7.3.1/../../../../arm-none-eabi/lib/thumb/v7e-m/fpv4-sp/hard\libc_nano.a(lib_a-init.o)
                              c:/ac6/systemworkbench/plugins/fr.ac6.mcu.externaltools.arm-none.win32_1.17.0.201812190825/tools/compiler/bin/../lib/gcc/arm-none-eabi/7.3.1/../../../../arm-none-eabi/lib/thumb/v7e-m/fpv4-sp/hard/crt0.o (__libc_init_array)
c:/ac6/systemworkbench/plugins/fr.ac6.mcu.externaltools.arm-none.win32_1.17.0.201812190825/tools/compiler/bin/../lib/gcc/arm-none-eabi/7.3.1/../../../../arm-none-eabi/lib/thumb/v7e-m/fpv4-sp/hard\libc_nano.a(lib_a-memcpy-stub.o)
                              Middlewares/Third_Party/FreeRTOS/Source/queue.o (memcpy)
c:/ac6/systemworkbench/plugins/fr.ac6.mcu.externaltools.arm-none.win32_1.17.0.201812190825/tools/compiler/bin/../lib/gcc/arm-none-eabi/7.3.1/../../../../arm-none-eabi/lib/thumb/v7e-m/fpv4-sp/hard\libc_nano.a(lib_a-memset.o)
                              c:/ac6/systemworkbench/plugins/fr.ac6.mcu.externaltools.arm-none.win32_1.17.0.201812190825/tools/compiler/bin/../lib/gcc/arm-none-eabi/7.3.1/../../../../arm-none-eabi/lib/thumb/v7e-m/fpv4-sp/hard/crt0.o (memset)
c:/ac6/systemworkbench/plugins/fr.ac6.mcu.externaltools.arm-none.win32_1.17.0.201812190825/tools/compiler/bin/../lib/gcc/arm-none-eabi/7.3.1/../../../../arm-none-eabi/lib/thumb/v7e-m/fpv4-sp/hard\libc_nano.a(lib_a-reent.o)
                              Middlewares/Third_Party/FreeRTOS/Source/tasks.o (_reclaim_reent)
c:/ac6/systemworkbench/plugins/fr.ac6.mcu.externaltools.arm-none.win32_1.17.0.201812190825/tools/compiler/bin/../lib/gcc/arm-none-eabi/7.3.1/../../../../arm-none-eabi/lib/thumb/v7e-m/fpv4-sp/hard\libc_nano.a(lib_a-sprintf.o)
                              Src/sd_card.o (sprintf)
c:/ac6/systemworkbench/plugins/fr.ac6.mcu.externaltools.arm-none.win32_1.17.0.201812190825/tools/compiler/bin/../lib/gcc/arm-none-eabi/7.3.1/../../../../arm-none-eabi/lib/thumb/v7e-m/fpv4-sp/hard\libc_nano.a(lib_a-strlen.o)
                              Src/sd_card.o (strlen)
[...]
Memory Configuration

Name             Origin             Length             Attributes
RAM              0x20000000         0x00020000         xrw
FLASH            0x08000000         0x00080000         xr
*default*        0x00000000         0xffffffff

Linker script and memory map

LOAD c:/ac6/systemworkbench/plugins/fr.ac6.mcu.externaltools.arm-none.win32_1.17.0.201812190825/tools/compiler/bin/../lib/gcc/arm-none-eabi/7.3.1/thumb/v7e-m/fpv4-sp/hard/crti.o
LOAD c:/ac6/systemworkbench/plugins/fr.ac6.mcu.externaltools.arm-none.win32_1.17.0.201812190825/tools/compiler/bin/../lib/gcc/arm-none-eabi/7.3.1/thumb/v7e-m/fpv4-sp/hard/crtbegin.o
LOAD c:/ac6/systemworkbench/plugins/fr.ac6.mcu.externaltools.arm-none.win32_1.17.0.201812190825/tools/compiler/bin/../lib/gcc/arm-none-eabi/7.3.1/../../../../arm-none-eabi/lib/thumb/v7e-m/fpv4-sp/hard/crt0.o
LOAD Drivers/STM32F4xx_HAL_Driver/Src/stm32f4xx_hal.o
LOAD Drivers/STM32F4xx_HAL_Driver/Src/stm32f4xx_hal_adc.o
LOAD Drivers/STM32F4xx_HAL_Driver/Src/stm32f4xx_hal_adc_ex.o
LOAD Drivers/STM32F4xx_HAL_Driver/Src/stm32f4xx_hal_can.o
LOAD Drivers/STM32F4xx_HAL_Driver/Src/stm32f4xx_hal_cortex.o
LOAD Drivers/STM32F4xx_HAL_Driver/Src/stm32f4xx_hal_dma.o
LOAD Drivers/STM32F4xx_HAL_Driver/Src/stm32f4xx_hal_dma_ex.o
LOAD Drivers/STM32F4xx_HAL_Driver/Src/stm32f4xx_hal_exti.o
LOAD Drivers/STM32F4xx_HAL_Driver/Src/stm32f4xx_hal_flash.o
LOAD Drivers/STM32F4xx_HAL_Driver/Src/stm32f4xx_hal_flash_ex.o
LOAD Drivers/STM32F4xx_HAL_Driver/Src/stm32f4xx_hal_flash_ramfunc.o
LOAD Drivers/STM32F4xx_HAL_Driver/Src/stm32f4xx_hal_gpio.o
LOAD Drivers/STM32F4xx_HAL_Driver/Src/stm32f4xx_hal_pwr.o
LOAD Drivers/STM32F4xx_HAL_Driver/Src/stm32f4xx_hal_pwr_ex.o
LOAD Drivers/STM32F4xx_HAL_Driver/Src/stm32f4xx_hal_rcc.o
LOAD Drivers/STM32F4xx_HAL_Driver/Src/stm32f4xx_hal_rcc_ex.o
LOAD Drivers/STM32F4xx_HAL_Driver/Src/stm32f4xx_hal_rtc.o
LOAD Drivers/STM32F4xx_HAL_Driver/Src/stm32f4xx_hal_rtc_ex.o
LOAD Drivers/STM32F4xx_HAL_Driver/Src/stm32f4xx_hal_sd.o
LOAD Drivers/STM32F4xx_HAL_Driver/Src/stm32f4xx_hal_tim.o
LOAD Drivers/STM32F4xx_HAL_Driver/Src/stm32f4xx_hal_tim_ex.o
LOAD Drivers/STM32F4xx_HAL_Driver/Src/stm32f4xx_hal_uart.o
LOAD Drivers/STM32F4xx_HAL_Driver/Src/stm32f4xx_ll_adc.o
LOAD Drivers/STM32F4xx_HAL_Driver/Src/stm32f4xx_ll_sdmmc.o
LOAD Middlewares/Third_Party/FatFs/src/diskio.o
LOAD Middlewares/Third_Party/FatFs/src/ff.o
LOAD Middlewares/Third_Party/FatFs/src/ff_gen_drv.o
LOAD Middlewares/Third_Party/FatFs/src/option/ccsbcs.o
LOAD Middlewares/Third_Party/FatFs/src/option/syscall.o
LOAD Middlewares/Third_Party/FreeRTOS/Source/CMSIS_RTOS/cmsis_os.o
LOAD Middlewares/Third_Party/FreeRTOS/Source/croutine.o
LOAD Middlewares/Third_Party/FreeRTOS/Source/event_groups.o
LOAD Middlewares/Third_Party/FreeRTOS/Source/list.o
LOAD Middlewares/Third_Party/FreeRTOS/Source/queue.o
LOAD Middlewares/Third_Party/FreeRTOS/Source/stream_buffer.o
LOAD Middlewares/Third_Party/FreeRTOS/Source/tasks.o
LOAD Middlewares/Third_Party/FreeRTOS/Source/timers.o
LOAD Middlewares/Third_Party/FreeRTOS/Source/portable/GCC/ARM_CM4F/port.o
LOAD Middlewares/Third_Party/FreeRTOS/Source/portable/MemMang/heap_4.o
LOAD Src/adc.o
LOAD Src/bsp_driver_sd.o
LOAD Src/can.o
LOAD Src/dma.o
LOAD Src/fatfs.o
LOAD Src/fatfs_platform.o
LOAD Src/freertos.o
LOAD Src/gpio.o
LOAD Src/main.o
LOAD Src/rtc.o
LOAD Src/sd_card.o
LOAD Src/sd_diskio.o
LOAD Src/sdio.o
LOAD Src/stm32f4xx_hal_msp.o
LOAD Src/stm32f4xx_hal_timebase_tim.o
LOAD Src/stm32f4xx_it.o
LOAD Src/system_stm32f4xx.o
LOAD Src/tim.o
LOAD Src/timestamps.o
LOAD Src/usart.o
LOAD startup/startup_stm32f446xx.o
LOAD c:/ac6/systemworkbench/plugins/fr.ac6.mcu.externaltools.arm-none.win32_1.17.0.201812190825/tools/compiler/bin/../lib/gcc/arm-none-eabi/7.3.1/../../../../arm-none-eabi/lib/thumb/v7e-m/fpv4-sp/hard\libm.a
START GROUP
LOAD c:/ac6/systemworkbench/plugins/fr.ac6.mcu.externaltools.arm-none.win32_1.17.0.201812190825/tools/compiler/bin/../lib/gcc/arm-none-eabi/7.3.1/thumb/v7e-m/fpv4-sp/hard\libgcc.a
LOAD c:/ac6/systemworkbench/plugins/fr.ac6.mcu.externaltools.arm-none.win32_1.17.0.201812190825/tools/compiler/bin/../lib/gcc/arm-none-eabi/7.3.1/../../../../arm-none-eabi/lib/thumb/v7e-m/fpv4-sp/hard\libc_nano.a
END GROUP
START GROUP
LOAD c:/ac6/systemworkbench/plugins/fr.ac6.mcu.externaltools.arm-none.win32_1.17.0.201812190825/tools/compiler/bin/../lib/gcc/arm-none-eabi/7.3.1/thumb/v7e-m/fpv4-sp/hard\libgcc.a
LOAD c:/ac6/systemworkbench/plugins/fr.ac6.mcu.externaltools.arm-none.win32_1.17.0.201812190825/tools/compiler/bin/../lib/gcc/arm-none-eabi/7.3.1/../../../../arm-none-eabi/lib/thumb/v7e-m/fpv4-sp/hard\libc_nano.a
LOAD c:/ac6/systemworkbench/plugins/fr.ac6.mcu.externaltools.arm-none.win32_1.17.0.201812190825/tools/compiler/bin/../lib/gcc/arm-none-eabi/7.3.1/../../../../arm-none-eabi/lib/thumb/v7e-m/fpv4-sp/hard\libnosys.a
END GROUP
START GROUP
LOAD c:/ac6/systemworkbench/plugins/fr.ac6.mcu.externaltools.arm-none.win32_1.17.0.201812190825/tools/compiler/bin/../lib/gcc/arm-none-eabi/7.3.1/thumb/v7e-m/fpv4-sp/hard\libgcc.a
LOAD c:/ac6/systemworkbench/plugins/fr.ac6.mcu.externaltools.arm-none.win32_1.17.0.201812190825/tools/compiler/bin/../lib/gcc/arm-none-eabi/7.3.1/../../../../arm-none-eabi/lib/thumb/v7e-m/fpv4-sp/hard\libc_nano.a
LOAD c:/ac6/systemworkbench/plugins/fr.ac6.mcu.externaltools.arm-none.win32_1.17.0.201812190825/tools/compiler/bin/../lib/gcc/arm-none-eabi/7.3.1/../../../../arm-none-eabi/lib/thumb/v7e-m/fpv4-sp/hard\libnosys.a
END GROUP
LOAD c:/ac6/systemworkbench/plugins/fr.ac6.mcu.externaltools.arm-none.win32_1.17.0.201812190825/tools/compiler/bin/../lib/gcc/arm-none-eabi/7.3.1/thumb/v7e-m/fpv4-sp/hard/crtend.o
LOAD c:/ac6/systemworkbench/plugins/fr.ac6.mcu.externaltools.arm-none.win32_1.17.0.201812190825/tools/compiler/bin/../lib/gcc/arm-none-eabi/7.3.1/thumb/v7e-m/fpv4-sp/hard/crtn.o
                0x20020000                _estack = 0x20020000
                0x00000200                _Min_Heap_Size = 0x200
                0x00000400                _Min_Stack_Size = 0x400

.isr_vector     0x08000000      0x1c4
                0x08000000                . = ALIGN (0x4)
 *(.isr_vector)
 .isr_vector    0x08000000      0x1c4 startup/startup_stm32f446xx.o
                0x08000000                g_pfnVectors
                0x080001c4                . = ALIGN (0x4)

.text           0x080001d0     0xa0d0
                0x080001d0                . = ALIGN (0x4)
 *(.text)
 .text          0x080001d0       0x40 c:/ac6/systemworkbench/plugins/fr.ac6.mcu.externaltools.arm-none.win32_1.17.0.201812190825/tools/compiler/bin/../lib/gcc/arm-none-eabi/7.3.1/thumb/v7e-m/fpv4-sp/hard/crtbegin.o
 .text          0x08000210      0x378 c:/ac6/systemworkbench/plugins/fr.ac6.mcu.externaltools.arm-none.win32_1.17.0.201812190825/tools/compiler/bin/../lib/gcc/arm-none-eabi/7.3.1/thumb/v7e-m/fpv4-sp/hard\libgcc.a(_arm_addsubdf3.o)
                0x08000210                __aeabi_drsub
                0x08000218                __aeabi_dsub
                0x08000218                __subdf3
                0x0800021c                __aeabi_dadd
                0x0800021c                __adddf3
                0x08000494                __floatunsidf
                0x08000494                __aeabi_ui2d
                0x080004b4                __floatsidf
                0x080004b4                __aeabi_i2d
                0x080004d8                __aeabi_f2d
                0x080004d8                __extendsfdf2
                0x0800051c                __floatundidf
                0x0800051c                __aeabi_ul2d
                0x0800052c                __floatdidf
                0x0800052c                __aeabi_l2d
 .text          0x08000588      0x424 c:/ac6/systemworkbench/plugins/fr.ac6.mcu.externaltools.arm-none.win32_1.17.0.201812190825/tools/compiler/bin/../lib/gcc/arm-none-eabi/7.3.1/thumb/v7e-m/fpv4-sp/hard\libgcc.a(_arm_muldivdf3.o)
                0x08000588                __aeabi_dmul
                0x08000588                __muldf3
                0x080007dc                __divdf3
                0x080007dc                __aeabi_ddiv
 .text          0x080009ac       0x30 c:/ac6/systemworkbench/plugins/fr.ac6.mcu.externaltools.arm-none.win32_1.17.0.201812190825/tools/compiler/bin/../lib/gcc/arm-none-eabi/7.3.1/thumb/v7e-m/fpv4-sp/hard\libgcc.a(_aeabi_uldivmod.o)
                0x080009ac                __aeabi_uldivmod
 .text          0x080009dc      0x2cc c:/ac6/systemworkbench/plugins/fr.ac6.mcu.externaltools.arm-none.win32_1.17.0.201812190825/tools/compiler/bin/../lib/gcc/arm-none-eabi/7.3.1/thumb/v7e-m/fpv4-sp/hard\libgcc.a(_udivmoddi4.o)
                0x080009dc                __udivmoddi4
 .text          0x08000ca8        0x4 c:/ac6/systemworkbench/plugins/fr.ac6.mcu.externaltools.arm-none.win32_1.17.0.201812190825/tools/compiler/bin/../lib/gcc/arm-none-eabi/7.3.1/thumb/v7e-m/fpv4-sp/hard\libgcc.a(_dvmd_tls.o)
                0x08000ca8                __aeabi_idiv0
                0x08000ca8                __aeabi_ldiv0
 .text          0x08000cac       0x10 c:/ac6/systemworkbench/plugins/fr.ac6.mcu.externaltools.arm-none.win32_1.17.0.201812190825/tools/compiler/bin/../lib/gcc/arm-none-eabi/7.3.1/../../../../arm-none-eabi/lib/thumb/v7e-m/fpv4-sp/hard\libc_nano.a(lib_a-strlen.o)
                0x08000cac                strlen
 *fill*         0x08000cbc        0x4 
 .text          0x08000cc0       0xa0 c:/ac6/systemworkbench/plugins/fr.ac6.mcu.externaltools.arm-none.win32_1.17.0.201812190825/tools/compiler/bin/../lib/gcc/arm-none-eabi/7.3.1/../../../../arm-none-eabi/lib/thumb/v7e-m/fpv4-sp/hard\libc_nano.a(lib_a-memchr.o)
                0x08000cc0                memchr
 *(.text*)
 .text.HAL_Init
                0x08000d60       0x34 Drivers/STM32F4xx_HAL_Driver/Src/stm32f4xx_hal.o
                0x08000d60                HAL_Init
 .text.HAL_IncTick
                0x08000d94       0x18 Drivers/STM32F4xx_HAL_Driver/Src/stm32f4xx_hal.o
                0x08000d94                HAL_IncTick
 .text.HAL_GetTick
                0x08000dac        0xc Drivers/STM32F4xx_HAL_Driver/Src/stm32f4xx_hal.o
                0x08000dac                HAL_GetTick
 .text.HAL_Delay
                0x08000db8       0x28 Drivers/STM32F4xx_HAL_Driver/Src/stm32f4xx_hal.o
                0x08000db8                HAL_Delay
 .text.ADC_Init
                0x08000de0      0x134 Drivers/STM32F4xx_HAL_Driver/Src/stm32f4xx_hal_adc.o
 .text.HAL_ADC_Init
                0x08000f14       0x56 Drivers/STM32F4xx_HAL_Driver/Src/stm32f4xx_hal_adc.o
                0x08000f14                HAL_ADC_Init
 *fill*         0x08000f6a        0x2 
 .text.HAL_ADC_ConfigChannel
                0x08000f6c      0x1a4 Drivers/STM32F4xx_HAL_Driver/Src/stm32f4xx_hal_adc.o
                0x08000f6c                HAL_ADC_ConfigChannel
 .text.HAL_CAN_Init
                0x08001110      0x14c Drivers/STM32F4xx_HAL_Driver/Src/stm32f4xx_hal_can.o
                0x08001110                HAL_CAN_Init
 .text.HAL_NVIC_SetPriorityGrouping
                0x0800125c       0x24 Drivers/STM32F4xx_HAL_Driver/Src/stm32f4xx_hal_cortex.o
                0x0800125c                HAL_NVIC_SetPriorityGrouping
 .text.HAL_NVIC_SetPriority
                0x08001280       0x68 Drivers/STM32F4xx_HAL_Driver/Src/stm32f4xx_hal_cortex.o
                0x08001280                HAL_NVIC_SetPriority
 .text.HAL_NVIC_EnableIRQ
                0x080012e8       0x1c Drivers/STM32F4xx_HAL_Driver/Src/stm32f4xx_hal_cortex.o
                0x080012e8                HAL_NVIC_EnableIRQ
 .text.DMA_SetConfig
                0x08001304       0x2c Drivers/STM32F4xx_HAL_Driver/Src/stm32f4xx_hal_dma.o
 .text.DMA_CalcBaseAndBitshift
                0x08001330       0x3c Drivers/STM32F4xx_HAL_Driver/Src/stm32f4xx_hal_dma.o
 .text.DMA_CheckFifoParam
                0x0800136c       0x8e Drivers/STM32F4xx_HAL_Driver/Src/stm32f4xx_hal_dma.o
 *fill*         0x080013fa        0x2 
 .text.HAL_DMA_Init
                0x080013fc       0xcc Drivers/STM32F4xx_HAL_Driver/Src/stm32f4xx_hal_dma.o
                0x080013fc                HAL_DMA_Init
 .text.HAL_DMA_Start_IT
                0x080014c8       0x6a Drivers/STM32F4xx_HAL_Driver/Src/stm32f4xx_hal_dma.o
                0x080014c8                HAL_DMA_Start_IT
 .text.HAL_DMA_Abort_IT
                0x08001532       0x26 Drivers/STM32F4xx_HAL_Driver/Src/stm32f4xx_hal_dma.o
                0x08001532                HAL_DMA_Abort_IT
 .text.HAL_DMA_IRQHandler
                0x08001558      0x1dc Drivers/STM32F4xx_HAL_Driver/Src/stm32f4xx_hal_dma.o
                0x08001558                HAL_DMA_IRQHandler
 .text.HAL_DMA_GetError
                0x08001734        0x4 Drivers/STM32F4xx_HAL_Driver/Src/stm32f4xx_hal_dma.o
                0x08001734                HAL_DMA_GetError
 .text.HAL_GPIO_Init
                0x08001738      0x1c8 Drivers/STM32F4xx_HAL_Driver/Src/stm32f4xx_hal_gpio.o
                0x08001738                HAL_GPIO_Init
 .text.HAL_GPIO_ReadPin
                0x08001900        0xe Drivers/STM32F4xx_HAL_Driver/Src/stm32f4xx_hal_gpio.o
                0x08001900                HAL_GPIO_ReadPin
 *fill*         0x0800190e        0x2 
 .text.HAL_RCC_ClockConfig
                0x08001910      0x160 Drivers/STM32F4xx_HAL_Driver/Src/stm32f4xx_hal_rcc.o
                0x08001910                HAL_RCC_ClockConfig
 .text.HAL_RCC_GetHCLKFreq
                0x08001a70        0xc Drivers/STM32F4xx_HAL_Driver/Src/stm32f4xx_hal_rcc.o
                0x08001a70                HAL_RCC_GetHCLKFreq
 .text.HAL_RCC_GetPCLK1Freq
                0x08001a7c       0x20 Drivers/STM32F4xx_HAL_Driver/Src/stm32f4xx_hal_rcc.o
                0x08001a7c                HAL_RCC_GetPCLK1Freq
 .text.HAL_RCC_GetPCLK2Freq
                0x08001a9c       0x20 Drivers/STM32F4xx_HAL_Driver/Src/stm32f4xx_hal_rcc.o
                0x08001a9c                HAL_RCC_GetPCLK2Freq
 .text.HAL_RCC_GetClockConfig
                0x08001abc       0x3c Drivers/STM32F4xx_HAL_Driver/Src/stm32f4xx_hal_rcc.o
                0x08001abc                HAL_RCC_GetClockConfig
 .text.HAL_RCCEx_PeriphCLKConfig
                0x08001af8      0x47c Drivers/STM32F4xx_HAL_Driver/Src/stm32f4xx_hal_rcc_ex.o
                0x08001af8                HAL_RCCEx_PeriphCLKConfig
 .text.HAL_RCC_GetSysClockFreq
                0x08001f74      0x184 Drivers/STM32F4xx_HAL_Driver/Src/stm32f4xx_hal_rcc_ex.o
                0x08001f74                HAL_RCC_GetSysClockFreq
 .text.HAL_RCC_OscConfig
                0x080020f8      0x43c Drivers/STM32F4xx_HAL_Driver/Src/stm32f4xx_hal_rcc_ex.o
                0x080020f8                HAL_RCC_OscConfig
 .text.HAL_RTC_WaitForSynchro
                0x08002534       0x32 Drivers/STM32F4xx_HAL_Driver/Src/stm32f4xx_hal_rtc.o
                0x08002534                HAL_RTC_WaitForSynchro
 .text.RTC_EnterInitMode
                0x08002566       0x46 Drivers/STM32F4xx_HAL_Driver/Src/stm32f4xx_hal_rtc.o
                0x08002566                RTC_EnterInitMode
 .text.RTC_ExitInitMode
                0x080025ac       0x30 Drivers/STM32F4xx_HAL_Driver/Src/stm32f4xx_hal_rtc.o
                0x080025ac                RTC_ExitInitMode
 .text.HAL_RTC_Init
                0x080025dc       0x94 Drivers/STM32F4xx_HAL_Driver/Src/stm32f4xx_hal_rtc.o
                0x080025dc                HAL_RTC_Init
 .text.RTC_ByteToBcd2
                0x08002670       0x18 Drivers/STM32F4xx_HAL_Driver/Src/stm32f4xx_hal_rtc.o
                0x08002670                RTC_ByteToBcd2
 .text.HAL_RTC_SetTime
                0x08002688       0xc6 Drivers/STM32F4xx_HAL_Driver/Src/stm32f4xx_hal_rtc.o
                0x08002688                HAL_RTC_SetTime
 .text.HAL_RTC_SetDate
                0x0800274e       0xa4 Drivers/STM32F4xx_HAL_Driver/Src/stm32f4xx_hal_rtc.o
                0x0800274e                HAL_RTC_SetDate
 .text.RTC_Bcd2ToByte
                0x080027f2       0x12 Drivers/STM32F4xx_HAL_Driver/Src/stm32f4xx_hal_rtc.o
                0x080027f2                RTC_Bcd2ToByte
 .text.HAL_RTC_GetTime
                0x08002804       0x52 Drivers/STM32F4xx_HAL_Driver/Src/stm32f4xx_hal_rtc.o
                0x08002804                HAL_RTC_GetTime
 .text.SD_DMATransmitCplt
                0x08002856        0xe Drivers/STM32F4xx_HAL_Driver/Src/stm32f4xx_hal_sd.o
 .text.SD_PowerON
                0x08002864       0xc0 Drivers/STM32F4xx_HAL_Driver/Src/stm32f4xx_hal_sd.o
 .text.SD_Read_IT
                0x08002924       0x36 Drivers/STM32F4xx_HAL_Driver/Src/stm32f4xx_hal_sd.o
 .text.SD_Write_IT
                0x0800295a       0x48 Drivers/STM32F4xx_HAL_Driver/Src/stm32f4xx_hal_sd.o
 .text.SD_FindSCR
                0x080029a2      0x10a Drivers/STM32F4xx_HAL_Driver/Src/stm32f4xx_hal_sd.o
 .text.SD_WideBus_Enable
                0x08002aac       0x56 Drivers/STM32F4xx_HAL_Driver/Src/stm32f4xx_hal_sd.o
 .text.SD_WideBus_Disable
                0x08002b02       0x56 Drivers/STM32F4xx_HAL_Driver/Src/stm32f4xx_hal_sd.o
 .text.SD_SendStatus
                0x08002b58       0x2c Drivers/STM32F4xx_HAL_Driver/Src/stm32f4xx_hal_sd.o
 .text.HAL_SD_ReadBlocks_DMA
                0x08002b84      0x130 Drivers/STM32F4xx_HAL_Driver/Src/stm32f4xx_hal_sd.o
                0x08002b84                HAL_SD_ReadBlocks_DMA
 .text.HAL_SD_WriteBlocks_DMA
                0x08002cb4      0x130 Drivers/STM32F4xx_HAL_Driver/Src/stm32f4xx_hal_sd.o
                0x08002cb4                HAL_SD_WriteBlocks_DMA
 .text.HAL_SD_ErrorCallback
                0x08002de4        0x2 Drivers/STM32F4xx_HAL_Driver/Src/stm32f4xx_hal_sd.o
                0x08002de4                HAL_SD_ErrorCallback
 .text.SD_DMAReceiveCplt
                0x08002de6       0x48 Drivers/STM32F4xx_HAL_Driver/Src/stm32f4xx_hal_sd.o
 *fill*         0x08002e2e        0x2 
 .text.HAL_SD_GetCardCSD
                0x08002e30      0x1bc Drivers/STM32F4xx_HAL_Driver/Src/stm32f4xx_hal_sd.o
                0x08002e30                HAL_SD_GetCardCSD
 .text.SD_InitCard
                0x08002fec      0x100 Drivers/STM32F4xx_HAL_Driver/Src/stm32f4xx_hal_sd.o
 .text.HAL_SD_InitCard
                0x080030ec       0xa8 Drivers/STM32F4xx_HAL_Driver/Src/stm32f4xx_hal_sd.o
                0x080030ec                HAL_SD_InitCard
 .text.HAL_SD_Init
                0x08003194       0x3e Drivers/STM32F4xx_HAL_Driver/Src/stm32f4xx_hal_sd.o
                0x08003194                HAL_SD_Init
 .text.HAL_SD_GetCardInfo
                0x080031d2       0x24 Drivers/STM32F4xx_HAL_Driver/Src/stm32f4xx_hal_sd.o
                0x080031d2                HAL_SD_GetCardInfo
 *fill*         0x080031f6        0x2 
 .text.HAL_SD_ConfigWideBusOperation
                0x080031f8       0xc0 Drivers/STM32F4xx_HAL_Driver/Src/stm32f4xx_hal_sd.o
                0x080031f8                HAL_SD_ConfigWideBusOperation
 .text.HAL_SD_GetCardState
                0x080032b8       0x26 Drivers/STM32F4xx_HAL_Driver/Src/stm32f4xx_hal_sd.o
                0x080032b8                HAL_SD_GetCardState
 *fill*         0x080032de        0x2 
 .text.SD_DMAError
                0x080032e0       0x68 Drivers/STM32F4xx_HAL_Driver/Src/stm32f4xx_hal_sd.o
 .text.SD_DMATxAbort
                0x08003348       0x44 Drivers/STM32F4xx_HAL_Driver/Src/stm32f4xx_hal_sd.o
 .text.SD_DMARxAbort
                0x0800338c       0x44 Drivers/STM32F4xx_HAL_Driver/Src/stm32f4xx_hal_sd.o
 .text.HAL_SD_IRQHandler
                0x080033d0      0x1c8 Drivers/STM32F4xx_HAL_Driver/Src/stm32f4xx_hal_sd.o
                0x080033d0                HAL_SD_IRQHandler
 .text.HAL_TIM_Base_Start_IT
                0x08003598       0x88 Drivers/STM32F4xx_HAL_Driver/Src/stm32f4xx_hal_tim.o
                0x08003598                HAL_TIM_Base_Start_IT
 .text.HAL_TIM_OC_DelayElapsedCallback
                0x08003620        0x2 Drivers/STM32F4xx_HAL_Driver/Src/stm32f4xx_hal_tim.o
                0x08003620                HAL_TIM_OC_DelayElapsedCallback
 .text.HAL_TIM_IC_CaptureCallback
                0x08003622        0x2 Drivers/STM32F4xx_HAL_Driver/Src/stm32f4xx_hal_tim.o
                0x08003622                HAL_TIM_IC_CaptureCallback
 .text.HAL_TIM_PWM_PulseFinishedCallback
                0x08003624        0x2 Drivers/STM32F4xx_HAL_Driver/Src/stm32f4xx_hal_tim.o
                0x08003624                HAL_TIM_PWM_PulseFinishedCallback
 .text.HAL_TIM_TriggerCallback
                0x08003626        0x2 Drivers/STM32F4xx_HAL_Driver/Src/stm32f4xx_hal_tim.o
                0x08003626                HAL_TIM_TriggerCallback
 .text.HAL_TIM_IRQHandler
                0x08003628      0x17a Drivers/STM32F4xx_HAL_Driver/Src/stm32f4xx_hal_tim.o
                0x08003628                HAL_TIM_IRQHandler
 *fill*         0x080037a2        0x2 
 .text.TIM_Base_SetConfig
                0x080037a4       0xc8 Drivers/STM32F4xx_HAL_Driver/Src/stm32f4xx_hal_tim.o
                0x080037a4                TIM_Base_SetConfig
 .text.HAL_TIM_Base_Init
                0x0800386c       0x56 Drivers/STM32F4xx_HAL_Driver/Src/stm32f4xx_hal_tim.o
                0x0800386c                HAL_TIM_Base_Init
 .text.HAL_TIMEx_CommutCallback
                0x080038c2        0x2 Drivers/STM32F4xx_HAL_Driver/Src/stm32f4xx_hal_tim_ex.o
                0x080038c2                HAL_TIMEx_CommutCallback
 .text.HAL_TIMEx_BreakCallback
                0x080038c4        0x2 Drivers/STM32F4xx_HAL_Driver/Src/stm32f4xx_hal_tim_ex.o
                0x080038c4                HAL_TIMEx_BreakCallback
 *fill*         0x080038c6        0x2 
 .text.UART_SetConfig
                0x080038c8      0x134 Drivers/STM32F4xx_HAL_Driver/Src/stm32f4xx_hal_uart.o
 .text.HAL_UART_Init
                0x080039fc       0x5e Drivers/STM32F4xx_HAL_Driver/Src/stm32f4xx_hal_uart.o
                0x080039fc                HAL_UART_Init
 *fill*         0x08003a5a        0x2 
 .text.SDMMC_GetCmdError
                0x08003a5c       0x38 Drivers/STM32F4xx_HAL_Driver/Src/stm32f4xx_ll_sdmmc.o
 .text.SDIO_Init
                0x08003a94       0x38 Drivers/STM32F4xx_HAL_Driver/Src/stm32f4xx_ll_sdmmc.o
                0x08003a94                SDIO_Init
 .text.SDIO_ReadFIFO
                0x08003acc        0x6 Drivers/STM32F4xx_HAL_Driver/Src/stm32f4xx_ll_sdmmc.o
                0x08003acc                SDIO_ReadFIFO
 .text.SDIO_WriteFIFO
                0x08003ad2        0xa Drivers/STM32F4xx_HAL_Driver/Src/stm32f4xx_ll_sdmmc.o
                0x08003ad2                SDIO_WriteFIFO
 .text.SDIO_PowerState_ON
                0x08003adc        0x8 Drivers/STM32F4xx_HAL_Driver/Src/stm32f4xx_ll_sdmmc.o
                0x08003adc                SDIO_PowerState_ON
 .text.SDIO_GetPowerState
                0x08003ae4        0x8 Drivers/STM32F4xx_HAL_Driver/Src/stm32f4xx_ll_sdmmc.o
                0x08003ae4                SDIO_GetPowerState
 .text.SDIO_SendCommand
                0x08003aec       0x24 Drivers/STM32F4xx_HAL_Driver/Src/stm32f4xx_ll_sdmmc.o
                0x08003aec                SDIO_SendCommand
 .text.SDIO_GetCommandResponse
                0x08003b10        0x6 Drivers/STM32F4xx_HAL_Driver/Src/stm32f4xx_ll_sdmmc.o
                0x08003b10                SDIO_GetCommandResponse
 .text.SDIO_GetResponse
                0x08003b16        0x6 Drivers/STM32F4xx_HAL_Driver/Src/stm32f4xx_ll_sdmmc.o
                0x08003b16                SDIO_GetResponse
 .text.SDIO_ConfigData
                0x08003b1c       0x24 Drivers/STM32F4xx_HAL_Driver/Src/stm32f4xx_ll_sdmmc.o
                0x08003b1c                SDIO_ConfigData
 .text.SDMMC_CmdGoIdleState
                0x08003b40       0x26 Drivers/STM32F4xx_HAL_Driver/Src/stm32f4xx_ll_sdmmc.o
                0x08003b40                SDMMC_CmdGoIdleState
 *fill*         0x08003b66        0x2 
 .text.SDMMC_GetCmdResp1
                0x08003b68      0x158 Drivers/STM32F4xx_HAL_Driver/Src/stm32f4xx_ll_sdmmc.o
                0x08003b68                SDMMC_GetCmdResp1
 .text.SDMMC_CmdBlockLength
                0x08003cc0       0x30 Drivers/STM32F4xx_HAL_Driver/Src/stm32f4xx_ll_sdmmc.o
                0x08003cc0                SDMMC_CmdBlockLength
 .text.SDMMC_CmdReadSingleBlock
                0x08003cf0       0x30 Drivers/STM32F4xx_HAL_Driver/Src/stm32f4xx_ll_sdmmc.o
                0x08003cf0                SDMMC_CmdReadSingleBlock
 .text.SDMMC_CmdReadMultiBlock
                0x08003d20       0x30 Drivers/STM32F4xx_HAL_Driver/Src/stm32f4xx_ll_sdmmc.o
                0x08003d20                SDMMC_CmdReadMultiBlock
 .text.SDMMC_CmdWriteSingleBlock
                0x08003d50       0x30 Drivers/STM32F4xx_HAL_Driver/Src/stm32f4xx_ll_sdmmc.o
                0x08003d50                SDMMC_CmdWriteSingleBlock
 .text.SDMMC_CmdWriteMultiBlock
                0x08003d80       0x30 Drivers/STM32F4xx_HAL_Driver/Src/stm32f4xx_ll_sdmmc.o
                0x08003d80                SDMMC_CmdWriteMultiBlock
 .text.SDMMC_CmdStopTransfer
                0x08003db0       0x34 Drivers/STM32F4xx_HAL_Driver/Src/stm32f4xx_ll_sdmmc.o
                0x08003db0                SDMMC_CmdStopTransfer
 .text.SDMMC_CmdSelDesel
                0x08003de4       0x30 Drivers/STM32F4xx_HAL_Driver/Src/stm32f4xx_ll_sdmmc.o
                0x08003de4                SDMMC_CmdSelDesel
 .text.SDMMC_CmdAppCommand
                0x08003e14       0x30 Drivers/STM32F4xx_HAL_Driver/Src/stm32f4xx_ll_sdmmc.o
                0x08003e14                SDMMC_CmdAppCommand
 .text.SDMMC_CmdBusWidth
                0x08003e44       0x30 Drivers/STM32F4xx_HAL_Driver/Src/stm32f4xx_ll_sdmmc.o
                0x08003e44                SDMMC_CmdBusWidth
 .text.SDMMC_CmdSendSCR
                0x08003e74       0x30 Drivers/STM32F4xx_HAL_Driver/Src/stm32f4xx_ll_sdmmc.o
                0x08003e74                SDMMC_CmdSendSCR
 .text.SDMMC_CmdSendStatus
                0x08003ea4       0x30 Drivers/STM32F4xx_HAL_Driver/Src/stm32f4xx_ll_sdmmc.o
                0x08003ea4                SDMMC_CmdSendStatus
 .text.SDMMC_GetCmdResp2
                0x08003ed4       0x60 Drivers/STM32F4xx_HAL_Driver/Src/stm32f4xx_ll_sdmmc.o
                0x08003ed4                SDMMC_GetCmdResp2
 .text.SDMMC_CmdSendCID
                0x08003f34       0x2a Drivers/STM32F4xx_HAL_Driver/Src/stm32f4xx_ll_sdmmc.o
                0x08003f34                SDMMC_CmdSendCID
 .text.SDMMC_CmdSendCSD
                0x08003f5e       0x2a Drivers/STM32F4xx_HAL_Driver/Src/stm32f4xx_ll_sdmmc.o
                0x08003f5e                SDMMC_CmdSendCSD
 .text.SDMMC_GetCmdResp3
                0x08003f88       0x50 Drivers/STM32F4xx_HAL_Driver/Src/stm32f4xx_ll_sdmmc.o
                0x08003f88                SDMMC_GetCmdResp3
 .text.SDMMC_CmdAppOperCommand
                0x08003fd8       0x32 Drivers/STM32F4xx_HAL_Driver/Src/stm32f4xx_ll_sdmmc.o
                0x08003fd8                SDMMC_CmdAppOperCommand
 *fill*         0x0800400a        0x2 
 .text.SDMMC_GetCmdResp6
                0x0800400c       0xa4 Drivers/STM32F4xx_HAL_Driver/Src/stm32f4xx_ll_sdmmc.o
                0x0800400c                SDMMC_GetCmdResp6
 .text.SDMMC_CmdSetRelAdd
                0x080040b0       0x30 Drivers/STM32F4xx_HAL_Driver/Src/stm32f4xx_ll_sdmmc.o
                0x080040b0                SDMMC_CmdSetRelAdd
 .text.SDMMC_GetCmdResp7
                0x080040e0       0x6c Drivers/STM32F4xx_HAL_Driver/Src/stm32f4xx_ll_sdmmc.o
                0x080040e0                SDMMC_GetCmdResp7
 .text.SDMMC_CmdOperCond
                0x0800414c       0x2e Drivers/STM32F4xx_HAL_Driver/Src/stm32f4xx_ll_sdmmc.o
                0x0800414c                SDMMC_CmdOperCond
 *fill*         0x0800417a        0x2 
 .text.disk_status
                0x0800417c       0x18 Middlewares/Third_Party/FatFs/src/diskio.o
                0x0800417c                disk_status
 .text.disk_initialize
                0x08004194       0x28 Middlewares/Third_Party/FatFs/src/diskio.o
                0x08004194                disk_initialize
 .text.disk_read
                0x080041bc       0x18 Middlewares/Third_Party/FatFs/src/diskio.o
                0x080041bc                disk_read
 .text.disk_write
                0x080041d4       0x18 Middlewares/Third_Party/FatFs/src/diskio.o
                0x080041d4                disk_write
 .text.disk_ioctl
                0x080041ec       0x18 Middlewares/Third_Party/FatFs/src/diskio.o
                0x080041ec                disk_ioctl
 .text.ld_word  0x08004204        0xa Middlewares/Third_Party/FatFs/src/ff.o
 .text.ld_dword
                0x0800420e       0x16 Middlewares/Third_Party/FatFs/src/ff.o
 .text.st_word  0x08004224        0x8 Middlewares/Third_Party/FatFs/src/ff.o
 .text.st_dword
                0x0800422c       0x14 Middlewares/Third_Party/FatFs/src/ff.o
 .text.mem_cpy  0x08004240       0x12 Middlewares/Third_Party/FatFs/src/ff.o
 .text.mem_set  0x08004252        0xa Middlewares/Third_Party/FatFs/src/ff.o
 .text.mem_cmp  0x0800425c       0x1e Middlewares/Third_Party/FatFs/src/ff.o
 .text.chk_chr  0x0800427a       0x10 Middlewares/Third_Party/FatFs/src/ff.o
 *fill*         0x0800428a        0x2 
 .text.chk_lock
                0x0800428c       0x74 Middlewares/Third_Party/FatFs/src/ff.o
 .text.enq_lock
                0x08004300       0x20 Middlewares/Third_Party/FatFs/src/ff.o
 .text.inc_lock
                0x08004320       0xa4 Middlewares/Third_Party/FatFs/src/ff.o
 .text.dec_lock
                0x080043c4       0x40 Middlewares/Third_Party/FatFs/src/ff.o
 .text.clear_lock
                0x08004404       0x3c Middlewares/Third_Party/FatFs/src/ff.o
 .text.clust2sect
                0x08004440       0x18 Middlewares/Third_Party/FatFs/src/ff.o
 .text.clmt_clust
                0x08004458       0x22 Middlewares/Third_Party/FatFs/src/ff.o
 .text.ld_clust
                0x0800447a       0x26 Middlewares/Third_Party/FatFs/src/ff.o
 .text.st_clust
                0x080044a0       0x26 Middlewares/Third_Party/FatFs/src/ff.o
 *fill*         0x080044c6        0x2 
 .text.put_lfn  0x080044c8       0x78 Middlewares/Third_Party/FatFs/src/ff.o
 .text.gen_numname
                0x08004540       0xa0 Middlewares/Third_Party/FatFs/src/ff.o
 .text.sum_sfn  0x080045e0       0x1c Middlewares/Third_Party/FatFs/src/ff.o
 .text.get_ldnumber
                0x080045fc       0x54 Middlewares/Third_Party/FatFs/src/ff.o
 .text.putc_init
                0x08004650        0xa Middlewares/Third_Party/FatFs/src/ff.o
 .text.lock_fs  0x0800465a       0x18 Middlewares/Third_Party/FatFs/src/ff.o
 .text.sync_window
                0x08004672       0x54 Middlewares/Third_Party/FatFs/src/ff.o
 .text.move_window
                0x080046c6       0x34 Middlewares/Third_Party/FatFs/src/ff.o
 *fill*         0x080046fa        0x2 
 .text.check_fs
                0x080046fc       0x7c Middlewares/Third_Party/FatFs/src/ff.o
 .text.find_volume
                0x08004778      0x318 Middlewares/Third_Party/FatFs/src/ff.o
 .text.put_fat  0x08004a90      0x10a Middlewares/Third_Party/FatFs/src/ff.o
 .text.get_fat  0x08004b9a       0xd0 Middlewares/Third_Party/FatFs/src/ff.o
 .text.dir_sdi  0x08004c6a       0xa2 Middlewares/Third_Party/FatFs/src/ff.o
 .text.create_chain
                0x08004d0c       0xc4 Middlewares/Third_Party/FatFs/src/ff.o
 .text.remove_chain
                0x08004dd0       0x88 Middlewares/Third_Party/FatFs/src/ff.o
 .text.dir_next
                0x08004e58      0x10c Middlewares/Third_Party/FatFs/src/ff.o
 .text.dir_alloc
                0x08004f64       0x50 Middlewares/Third_Party/FatFs/src/ff.o
 .text.unlock_fs
                0x08004fb4       0x1a Middlewares/Third_Party/FatFs/src/ff.o
 .text.validate
                0x08004fce       0x60 Middlewares/Third_Party/FatFs/src/ff.o
 *fill*         0x0800502e        0x2 
 .text.create_name
                0x08005030      0x288 Middlewares/Third_Party/FatFs/src/ff.o
 .text.cmp_lfn  0x080052b8       0xa4 Middlewares/Third_Party/FatFs/src/ff.o
 .text.dir_find
                0x0800535c       0xe6 Middlewares/Third_Party/FatFs/src/ff.o
 .text.follow_path
                0x08005442       0xba Middlewares/Third_Party/FatFs/src/ff.o
 .text.dir_register
                0x080054fc      0x144 Middlewares/Third_Party/FatFs/src/ff.o
 .text.sync_fs  0x08005640       0x8c Middlewares/Third_Party/FatFs/src/ff.o
 .text.f_mount  0x080056cc       0x8c Middlewares/Third_Party/FatFs/src/ff.o
                0x080056cc                f_mount
 .text.f_open   0x08005758      0x238 Middlewares/Third_Party/FatFs/src/ff.o
                0x08005758                f_open
 .text.f_read   0x08005990      0x206 Middlewares/Third_Party/FatFs/src/ff.o
                0x08005990                f_read
 .text.f_write  0x08005b96      0x236 Middlewares/Third_Party/FatFs/src/ff.o
                0x08005b96                f_write
 .text.putc_bfd
                0x08005dcc       0x4e Middlewares/Third_Party/FatFs/src/ff.o
 .text.putc_flush
                0x08005e1a       0x3a Middlewares/Third_Party/FatFs/src/ff.o
 .text.f_sync   0x08005e54       0xb0 Middlewares/Third_Party/FatFs/src/ff.o
                0x08005e54                f_sync
 .text.f_close  0x08005f04       0x3a Middlewares/Third_Party/FatFs/src/ff.o
                0x08005f04                f_close
 .text.f_chdir  0x08005f3e       0x6c Middlewares/Third_Party/FatFs/src/ff.o
                0x08005f3e                f_chdir
 .text.f_lseek  0x08005faa      0x306 Middlewares/Third_Party/FatFs/src/ff.o
                0x08005faa                f_lseek
 .text.f_mkdir  0x080062b0      0x184 Middlewares/Third_Party/FatFs/src/ff.o
                0x080062b0                f_mkdir
 .text.f_puts   0x08006434       0x26 Middlewares/Third_Party/FatFs/src/ff.o
                0x08006434                f_puts
 *fill*         0x0800645a        0x2 
 .text.FATFS_LinkDriverEx
                0x0800645c       0x48 Middlewares/Third_Party/FatFs/src/ff_gen_drv.o
                0x0800645c                FATFS_LinkDriverEx
 .text.FATFS_LinkDriver
                0x080064a4        0xa Middlewares/Third_Party/FatFs/src/ff_gen_drv.o
                0x080064a4                FATFS_LinkDriver
 *fill*         0x080064ae        0x2 
 .text.ff_convert
                0x080064b0       0x38 Middlewares/Third_Party/FatFs/src/option/ccsbcs.o
                0x080064b0                ff_convert
 .text.ff_wtoupper
                0x080064e8       0x9c Middlewares/Third_Party/FatFs/src/option/ccsbcs.o
                0x080064e8                ff_wtoupper
 .text.ff_cre_syncobj
                0x08006584       0x20 Middlewares/Third_Party/FatFs/src/option/syscall.o
                0x08006584                ff_cre_syncobj
 .text.ff_del_syncobj
                0x080065a4        0xa Middlewares/Third_Party/FatFs/src/option/syscall.o
                0x080065a4                ff_del_syncobj
 .text.ff_req_grant
                0x080065ae       0x14 Middlewares/Third_Party/FatFs/src/option/syscall.o
                0x080065ae                ff_req_grant
 .text.ff_rel_grant
                0x080065c2        0x8 Middlewares/Third_Party/FatFs/src/option/syscall.o
                0x080065c2                ff_rel_grant
 .text.makeFreeRtosPriority
                0x080065ca        0xc Middlewares/Third_Party/FreeRTOS/Source/CMSIS_RTOS/cmsis_os.o
 .text.inHandlerMode
                0x080065d6        0xc Middlewares/Third_Party/FreeRTOS/Source/CMSIS_RTOS/cmsis_os.o
 .text.osKernelStart
                0x080065e2        0xa Middlewares/Third_Party/FreeRTOS/Source/CMSIS_RTOS/cmsis_os.o
                0x080065e2                osKernelStart
 .text.osKernelRunning
                0x080065ec       0x12 Middlewares/Third_Party/FreeRTOS/Source/CMSIS_RTOS/cmsis_os.o
                0x080065ec                osKernelRunning
 .text.osKernelSysTick
                0x080065fe       0x14 Middlewares/Third_Party/FreeRTOS/Source/CMSIS_RTOS/cmsis_os.o
                0x080065fe                osKernelSysTick
 .text.osThreadCreate
                0x08006612       0x6c Middlewares/Third_Party/FreeRTOS/Source/CMSIS_RTOS/cmsis_os.o
                0x08006612                osThreadCreate
 .text.osDelay  0x0800667e       0x12 Middlewares/Third_Party/FreeRTOS/Source/CMSIS_RTOS/cmsis_os.o
                0x0800667e                osDelay
 .text.osSemaphoreCreate
                0x08006690       0x4a Middlewares/Third_Party/FreeRTOS/Source/CMSIS_RTOS/cmsis_os.o
                0x08006690                osSemaphoreCreate
 *fill*         0x080066da        0x2 
 .text.osSemaphoreWait
                0x080066dc       0x70 Middlewares/Third_Party/FreeRTOS/Source/CMSIS_RTOS/cmsis_os.o
                0x080066dc                osSemaphoreWait
 .text.osSemaphoreRelease
                0x0800674c       0x5c Middlewares/Third_Party/FreeRTOS/Source/CMSIS_RTOS/cmsis_os.o
                0x0800674c                osSemaphoreRelease
 .text.osSemaphoreDelete
                0x080067a8       0x18 Middlewares/Third_Party/FreeRTOS/Source/CMSIS_RTOS/cmsis_os.o
                0x080067a8                osSemaphoreDelete
 .text.osMessageCreate
                0x080067c0       0x28 Middlewares/Third_Party/FreeRTOS/Source/CMSIS_RTOS/cmsis_os.o
                0x080067c0                osMessageCreate
 .text.osMessagePut
                0x080067e8       0x68 Middlewares/Third_Party/FreeRTOS/Source/CMSIS_RTOS/cmsis_os.o
                0x080067e8                osMessagePut
 .text.osMessageGet
                0x08006850       0xa0 Middlewares/Third_Party/FreeRTOS/Source/CMSIS_RTOS/cmsis_os.o
                0x08006850                osMessageGet
 .text.vListInitialise
                0x080068f0       0x16 Middlewares/Third_Party/FreeRTOS/Source/list.o
                0x080068f0                vListInitialise
 .text.vListInitialiseItem
                0x08006906        0x6 Middlewares/Third_Party/FreeRTOS/Source/list.o
                0x08006906                vListInitialiseItem
 .text.vListInsertEnd
                0x0800690c       0x18 Middlewares/Third_Party/FreeRTOS/Source/list.o
                0x0800690c                vListInsertEnd
 .text.vListInsert
                0x08006924       0x34 Middlewares/Third_Party/FreeRTOS/Source/list.o
                0x08006924                vListInsert
 .text.uxListRemove
                0x08006958       0x28 Middlewares/Third_Party/FreeRTOS/Source/list.o
                0x08006958                uxListRemove
 .text.prvGetDisinheritPriorityAfterTimeout
                0x08006980       0x12 Middlewares/Third_Party/FreeRTOS/Source/queue.o
 .text.prvIsQueueFull
                0x08006992       0x1e Middlewares/Third_Party/FreeRTOS/Source/queue.o
 .text.prvIsQueueEmpty
                0x080069b0       0x1a Middlewares/Third_Party/FreeRTOS/Source/queue.o
 .text.prvCopyDataToQueue
                0x080069ca       0x76 Middlewares/Third_Party/FreeRTOS/Source/queue.o
 .text.prvCopyDataFromQueue
                0x08006a40       0x24 Middlewares/Third_Party/FreeRTOS/Source/queue.o
 .text.prvUnlockQueue
                0x08006a64       0x6e Middlewares/Third_Party/FreeRTOS/Source/queue.o
 *fill*         0x08006ad2        0x2 
 .text.xQueueGenericReset
                0x08006ad4       0x84 Middlewares/Third_Party/FreeRTOS/Source/queue.o
                0x08006ad4                xQueueGenericReset
 .text.prvInitialiseNewQueue
                0x08006b58       0x1c Middlewares/Third_Party/FreeRTOS/Source/queue.o
 .text.xQueueGenericCreateStatic
                0x08006b74       0x92 Middlewares/Third_Party/FreeRTOS/Source/queue.o
                0x08006b74                xQueueGenericCreateStatic
 .text.xQueueGenericCreate
                0x08006c06       0x48 Middlewares/Third_Party/FreeRTOS/Source/queue.o
                0x08006c06                xQueueGenericCreate
 *fill*         0x08006c4e        0x2 
 .text.xQueueGenericSend
                0x08006c50      0x17c Middlewares/Third_Party/FreeRTOS/Source/queue.o
                0x08006c50                xQueueGenericSend
 .text.xQueueGenericSendFromISR
                0x08006dcc       0xce Middlewares/Third_Party/FreeRTOS/Source/queue.o
                0x08006dcc                xQueueGenericSendFromISR
 .text.xQueueGiveFromISR
                0x08006e9a       0xb2 Middlewares/Third_Party/FreeRTOS/Source/queue.o
                0x08006e9a                xQueueGiveFromISR
 .text.xQueueReceive
                0x08006f4c      0x158 Middlewares/Third_Party/FreeRTOS/Source/queue.o
                0x08006f4c                xQueueReceive
 .text.xQueueSemaphoreTake
                0x080070a4      0x19c Middlewares/Third_Party/FreeRTOS/Source/queue.o
                0x080070a4                xQueueSemaphoreTake
 .text.xQueueReceiveFromISR
                0x08007240       0xaa Middlewares/Third_Party/FreeRTOS/Source/queue.o
                0x08007240                xQueueReceiveFromISR
 .text.uxQueueMessagesWaiting
                0x080072ea       0x26 Middlewares/Third_Party/FreeRTOS/Source/queue.o
                0x080072ea                uxQueueMessagesWaiting
 .text.vQueueUnregisterQueue
                0x08007310       0x2c Middlewares/Third_Party/FreeRTOS/Source/queue.o
                0x08007310                vQueueUnregisterQueue
 .text.vQueueDelete
                0x0800733c       0x2c Middlewares/Third_Party/FreeRTOS/Source/queue.o
                0x0800733c                vQueueDelete
 .text.prvResetNextTaskUnblockTime
                0x08007368       0x24 Middlewares/Third_Party/FreeRTOS/Source/tasks.o
 .text.prvInitialiseNewTask
                0x0800738c       0xee Middlewares/Third_Party/FreeRTOS/Source/tasks.o
 *fill*         0x0800747a        0x2 
 .text.prvInitialiseTaskLists
                0x0800747c       0x58 Middlewares/Third_Party/FreeRTOS/Source/tasks.o
 .text.prvAddNewTaskToReadyList
                0x080074d4       0xac Middlewares/Third_Party/FreeRTOS/Source/tasks.o
 .text.prvDeleteTCB
                0x08007580       0x40 Middlewares/Third_Party/FreeRTOS/Source/tasks.o
 .text.prvCheckTasksWaitingTermination
                0x080075c0       0x44 Middlewares/Third_Party/FreeRTOS/Source/tasks.o
 .text.prvIdleTask
                0x08007604       0x28 Middlewares/Third_Party/FreeRTOS/Source/tasks.o
 .text.prvAddCurrentTaskToDelayedList
                0x0800762c       0x88 Middlewares/Third_Party/FreeRTOS/Source/tasks.o
 .text.xTaskCreateStatic
                0x080076b4       0x78 Middlewares/Third_Party/FreeRTOS/Source/tasks.o
                0x080076b4                xTaskCreateStatic
 .text.xTaskCreate
                0x0800772c       0x68 Middlewares/Third_Party/FreeRTOS/Source/tasks.o
                0x0800772c                xTaskCreate
 .text.vTaskStartScheduler
                0x08007794       0x78 Middlewares/Third_Party/FreeRTOS/Source/tasks.o
                0x08007794                vTaskStartScheduler
 .text.vTaskSuspendAll
                0x0800780c       0x14 Middlewares/Third_Party/FreeRTOS/Source/tasks.o
                0x0800780c                vTaskSuspendAll
 .text.xTaskGetTickCount
                0x08007820        0xc Middlewares/Third_Party/FreeRTOS/Source/tasks.o
                0x08007820                xTaskGetTickCount
 .text.xTaskGetTickCountFromISR
                0x0800782c       0x14 Middlewares/Third_Party/FreeRTOS/Source/tasks.o
                0x0800782c                xTaskGetTickCountFromISR
 .text.xTaskIncrementTick
                0x08007840      0x10c Middlewares/Third_Party/FreeRTOS/Source/tasks.o
                0x08007840                xTaskIncrementTick
 .text.xTaskResumeAll
                0x0800794c       0xf0 Middlewares/Third_Party/FreeRTOS/Source/tasks.o
                0x0800794c                xTaskResumeAll
 .text.vTaskDelay
                0x08007a3c       0x4c Middlewares/Third_Party/FreeRTOS/Source/tasks.o
                0x08007a3c                vTaskDelay
 .text.vTaskSwitchContext
                0x08007a88       0xb8 Middlewares/Third_Party/FreeRTOS/Source/tasks.o
                0x08007a88                vTaskSwitchContext
 .text.vTaskSuspend
                0x08007b40       0xe4 Middlewares/Third_Party/FreeRTOS/Source/tasks.o
                0x08007b40                vTaskSuspend
 .text.vTaskPlaceOnEventList
                0x08007c24       0x34 Middlewares/Third_Party/FreeRTOS/Source/tasks.o
                0x08007c24                vTaskPlaceOnEventList
 .text.xTaskRemoveFromEventList
                0x08007c58       0x84 Middlewares/Third_Party/FreeRTOS/Source/tasks.o
                0x08007c58                xTaskRemoveFromEventList
 .text.vTaskInternalSetTimeOutState
                0x08007cdc       0x14 Middlewares/Third_Party/FreeRTOS/Source/tasks.o
                0x08007cdc                vTaskInternalSetTimeOutState
 .text.xTaskCheckForTimeOut
                0x08007cf0       0x80 Middlewares/Third_Party/FreeRTOS/Source/tasks.o
                0x08007cf0                xTaskCheckForTimeOut
 .text.vTaskMissedYield
                0x08007d70       0x10 Middlewares/Third_Party/FreeRTOS/Source/tasks.o
                0x08007d70                vTaskMissedYield
 .text.xTaskGetSchedulerState
                0x08007d80       0x20 Middlewares/Third_Party/FreeRTOS/Source/tasks.o
                0x08007d80                xTaskGetSchedulerState
 .text.xTaskPriorityInherit
                0x08007da0       0xb8 Middlewares/Third_Party/FreeRTOS/Source/tasks.o
                0x08007da0                xTaskPriorityInherit
 .text.xTaskPriorityDisinherit
                0x08007e58       0xb0 Middlewares/Third_Party/FreeRTOS/Source/tasks.o
                0x08007e58                xTaskPriorityDisinherit
 .text.vTaskPriorityDisinheritAfterTimeout
                0x08007f08       0xb8 Middlewares/Third_Party/FreeRTOS/Source/tasks.o
                0x08007f08                vTaskPriorityDisinheritAfterTimeout
 .text.pvTaskIncrementMutexHeldCount
                0x08007fc0       0x20 Middlewares/Third_Party/FreeRTOS/Source/tasks.o
                0x08007fc0                pvTaskIncrementMutexHeldCount
 .text.ulTaskNotifyTake
                0x08007fe0       0x8c Middlewares/Third_Party/FreeRTOS/Source/tasks.o
                0x08007fe0                ulTaskNotifyTake
 .text.xTaskGenericNotify
                0x0800806c      0x10c Middlewares/Third_Party/FreeRTOS/Source/tasks.o
                0x0800806c                xTaskGenericNotify
 .text.prvTaskExitError
                0x08008178       0x40 Middlewares/Third_Party/FreeRTOS/Source/portable/GCC/ARM_CM4F/port.o
 .text.prvPortStartFirstTask
                0x080081b8       0x28 Middlewares/Third_Party/FreeRTOS/Source/portable/GCC/ARM_CM4F/port.o
 .text.vPortEnableVFP
                0x080081e0       0x14 Middlewares/Third_Party/FreeRTOS/Source/portable/GCC/ARM_CM4F/port.o
 .text.pxPortInitialiseStack
                0x080081f4       0x2c Middlewares/Third_Party/FreeRTOS/Source/portable/GCC/ARM_CM4F/port.o
                0x080081f4                pxPortInitialiseStack
 .text.SVC_Handler
                0x08008220       0x24 Middlewares/Third_Party/FreeRTOS/Source/portable/GCC/ARM_CM4F/port.o
                0x08008220                SVC_Handler
 .text.vPortEnterCritical
                0x08008244       0x44 Middlewares/Third_Party/FreeRTOS/Source/portable/GCC/ARM_CM4F/port.o
                0x08008244                vPortEnterCritical
 .text.vPortExitCritical
                0x08008288       0x2c Middlewares/Third_Party/FreeRTOS/Source/portable/GCC/ARM_CM4F/port.o
                0x08008288                vPortExitCritical
 *fill*         0x080082b4        0xc 
 .text.PendSV_Handler
                0x080082c0       0x64 Middlewares/Third_Party/FreeRTOS/Source/portable/GCC/ARM_CM4F/port.o
                0x080082c0                PendSV_Handler
 .text.SysTick_Handler
                0x08008324       0x2c Middlewares/Third_Party/FreeRTOS/Source/portable/GCC/ARM_CM4F/port.o
                0x08008324                SysTick_Handler
 .text.vPortSetupTimerInterrupt
                0x08008350       0x38 Middlewares/Third_Party/FreeRTOS/Source/portable/GCC/ARM_CM4F/port.o
                0x08008350                vPortSetupTimerInterrupt
 .text.xPortStartScheduler
                0x08008388      0x108 Middlewares/Third_Party/FreeRTOS/Source/portable/GCC/ARM_CM4F/port.o
                0x08008388                xPortStartScheduler
 .text.vPortValidateInterruptPriority
                0x08008490       0x58 Middlewares/Third_Party/FreeRTOS/Source/portable/GCC/ARM_CM4F/port.o
                0x08008490                vPortValidateInterruptPriority
 .text.prvHeapInit
                0x080084e8       0x4c Middlewares/Third_Party/FreeRTOS/Source/portable/MemMang/heap_4.o
 .text.prvInsertBlockIntoFreeList
                0x08008534       0x54 Middlewares/Third_Party/FreeRTOS/Source/portable/MemMang/heap_4.o
 .text.pvPortMalloc
                0x08008588       0xfc Middlewares/Third_Party/FreeRTOS/Source/portable/MemMang/heap_4.o
                0x08008588                pvPortMalloc
 .text.vPortFree
                0x08008684       0x70 Middlewares/Third_Party/FreeRTOS/Source/portable/MemMang/heap_4.o
                0x08008684                vPortFree
 .text.MX_ADC1_Init
                0x080086f4      0x200 Src/adc.o
                0x080086f4                MX_ADC1_Init
 .text.HAL_ADC_MspInit
                0x080088f4       0xf8 Src/adc.o
                0x080088f4                HAL_ADC_MspInit
 .text.BSP_SD_ReadBlocks_DMA
                0x080089ec       0x18 Src/bsp_driver_sd.o
                0x080089ec                BSP_SD_ReadBlocks_DMA
 .text.BSP_SD_WriteBlocks_DMA
                0x08008a04       0x18 Src/bsp_driver_sd.o
                0x08008a04                BSP_SD_WriteBlocks_DMA
 .text.BSP_SD_GetCardState
                0x08008a1c       0x14 Src/bsp_driver_sd.o
                0x08008a1c                BSP_SD_GetCardState
 .text.BSP_SD_GetCardInfo
                0x08008a30       0x10 Src/bsp_driver_sd.o
                0x08008a30                BSP_SD_GetCardInfo
 .text.BSP_SD_AbortCallback
                0x08008a40        0x2 Src/bsp_driver_sd.o
                0x08008a40                BSP_SD_AbortCallback
 .text.HAL_SD_AbortCallback
                0x08008a42        0x8 Src/bsp_driver_sd.o
                0x08008a42                HAL_SD_AbortCallback
 .text.HAL_SD_TxCpltCallback
                0x08008a4a        0x8 Src/bsp_driver_sd.o
                0x08008a4a                HAL_SD_TxCpltCallback
 .text.HAL_SD_RxCpltCallback
                0x08008a52        0x8 Src/bsp_driver_sd.o
                0x08008a52                HAL_SD_RxCpltCallback
 .text.BSP_SD_IsDetected
                0x08008a5a       0x20 Src/bsp_driver_sd.o
                0x08008a5a                BSP_SD_IsDetected
 *fill*         0x08008a7a        0x2 
 .text.BSP_SD_Init
                0x08008a7c       0x34 Src/bsp_driver_sd.o
                0x08008a7c                BSP_SD_Init
 .text.MX_CAN1_Init
                0x08008ab0       0x38 Src/can.o
                0x08008ab0                MX_CAN1_Init
 .text.HAL_CAN_MspInit
                0x08008ae8       0x70 Src/can.o
                0x08008ae8                HAL_CAN_MspInit
 .text.MX_DMA_Init
                0x08008b58       0x54 Src/dma.o
                0x08008b58                MX_DMA_Init
 .text.MX_FATFS_Init
                0x08008bac       0x1c Src/fatfs.o
                0x08008bac                MX_FATFS_Init
 .text.get_fattime
                0x08008bc8        0x4 Src/fatfs.o
                0x08008bc8                get_fattime
 .text.BSP_PlatformIsDetected
                0x08008bcc       0x1c Src/fatfs_platform.o
                0x08008bcc                BSP_PlatformIsDetected
 .text.StartDefaultTask
                0x08008be8        0xa Src/freertos.o
                0x08008be8                StartDefaultTask
 .text.configureTimerForRunTimeStats
                0x08008bf2        0x2 Src/freertos.o
                0x08008bf2                configureTimerForRunTimeStats
 .text.getRunTimeCounterValue
                0x08008bf4        0x4 Src/freertos.o
                0x08008bf4                getRunTimeCounterValue
 .text.vApplicationGetIdleTaskMemory
                0x08008bf8       0x14 Src/freertos.o
                0x08008bf8                vApplicationGetIdleTaskMemory
 .text.MX_FREERTOS_Init
                0x08008c0c       0x2c Src/freertos.o
                0x08008c0c                MX_FREERTOS_Init
 .text.MX_GPIO_Init
                0x08008c38       0x94 Src/gpio.o
                0x08008c38                MX_GPIO_Init
 .text.SystemClock_Config
                0x08008ccc       0x9c Src/main.o
                0x08008ccc                SystemClock_Config
 .text.main     0x08008d68       0x40 Src/main.o
                0x08008d68                main
 .text.HAL_TIM_PeriodElapsedCallback
                0x08008da8       0x18 Src/main.o
                0x08008da8                HAL_TIM_PeriodElapsedCallback
 .text.Error_Handler
                0x08008dc0        0x2 Src/main.o
                0x08008dc0                Error_Handler
 *fill*         0x08008dc2        0x2 
 .text.MX_RTC_Init
                0x08008dc4       0x90 Src/rtc.o
                0x08008dc4                MX_RTC_Init
 .text.HAL_RTC_MspInit
                0x08008e54       0x44 Src/rtc.o
                0x08008e54                HAL_RTC_MspInit
 .text.SD_Task_Read
                0x08008e98       0x6c Src/sd_card.o
 .text.SD_Task_Write
                0x08008f04       0x70 Src/sd_card.o
 .text.xSD_Card_Gatekeeper
                0x08008f74      0x124 Src/sd_card.o
                0x08008f74                xSD_Card_Gatekeeper
 .text.xSD_Sync
                0x08009098       0x44 Src/sd_card.o
                0x08009098                xSD_Sync
 .text.Init_SD_Card
                0x080090dc       0x40 Src/sd_card.o
                0x080090dc                Init_SD_Card
 .text.Init_SD_RTOS_Tasks
                0x0800911c       0x8c Src/sd_card.o
                0x0800911c                Init_SD_RTOS_Tasks
 .text.SD_Log   0x080091a8       0x34 Src/sd_card.o
                0x080091a8                SD_Log
 .text.xTest_Sender_Task
                0x080091dc       0x7c Src/sd_card.o
                0x080091dc                xTest_Sender_Task
 .text.SD_CheckStatus
                0x08009258       0x24 Src/sd_diskio.o
 .text.SD_initialize
                0x0800927c       0x74 Src/sd_diskio.o
                0x0800927c                SD_initialize
 .text.SD_status
                0x080092f0        0x8 Src/sd_diskio.o
                0x080092f0                SD_status
 .text.SD_CheckStatusWithTimeout
                0x080092f8       0x26 Src/sd_diskio.o
 *fill*         0x0800931e        0x2 
 .text.SD_read  0x08009320       0x78 Src/sd_diskio.o
                0x08009320                SD_read
 .text.SD_write
                0x08009398       0x78 Src/sd_diskio.o
                0x08009398                SD_write
 .text.SD_ioctl
                0x08009410       0x5c Src/sd_diskio.o
                0x08009410                SD_ioctl
 .text.BSP_SD_WriteCpltCallback
                0x0800946c       0x14 Src/sd_diskio.o
                0x0800946c                BSP_SD_WriteCpltCallback
 .text.BSP_SD_ReadCpltCallback
                0x08009480       0x14 Src/sd_diskio.o
                0x08009480                BSP_SD_ReadCpltCallback
 .text.MX_SDIO_SD_Init
                0x08009494       0x20 Src/sdio.o
                0x08009494                MX_SDIO_SD_Init
 .text.HAL_SD_MspInit
                0x080094b4      0x1c0 Src/sdio.o
                0x080094b4                HAL_SD_MspInit
 .text.HAL_MspInit
                0x08009674       0x44 Src/stm32f4xx_hal_msp.o
                0x08009674                HAL_MspInit
 .text.HAL_InitTick
                0x080096b8       0x98 Src/stm32f4xx_hal_timebase_tim.o
                0x080096b8                HAL_InitTick
 .text.NMI_Handler
                0x08009750        0x2 Src/stm32f4xx_it.o
                0x08009750                NMI_Handler
 .text.HardFault_Handler
                0x08009752        0x2 Src/stm32f4xx_it.o
                0x08009752                HardFault_Handler
 .text.MemManage_Handler
                0x08009754        0x2 Src/stm32f4xx_it.o
                0x08009754                MemManage_Handler
 .text.BusFault_Handler
                0x08009756        0x2 Src/stm32f4xx_it.o
                0x08009756                BusFault_Handler
 .text.UsageFault_Handler
                0x08009758        0x2 Src/stm32f4xx_it.o
                0x08009758                UsageFault_Handler
 .text.DebugMon_Handler
                0x0800975a        0x2 Src/stm32f4xx_it.o
                0x0800975a                DebugMon_Handler
 .text.TIM1_UP_TIM10_IRQHandler
                0x0800975c       0x10 Src/stm32f4xx_it.o
                0x0800975c                TIM1_UP_TIM10_IRQHandler
 .text.SDIO_IRQHandler
                0x0800976c       0x10 Src/stm32f4xx_it.o
                0x0800976c                SDIO_IRQHandler
 .text.DMA2_Stream0_IRQHandler
                0x0800977c       0x10 Src/stm32f4xx_it.o
                0x0800977c                DMA2_Stream0_IRQHandler
 .text.DMA2_Stream3_IRQHandler
                0x0800978c       0x10 Src/stm32f4xx_it.o
                0x0800978c                DMA2_Stream3_IRQHandler
 .text.DMA2_Stream6_IRQHandler
                0x0800979c       0x10 Src/stm32f4xx_it.o
                0x0800979c                DMA2_Stream6_IRQHandler
 .text.SystemInit
                0x080097ac       0x4c Src/system_stm32f4xx.o
                0x080097ac                SystemInit
 .text.HAL_TIM_Base_MspInit
                0x080097f8       0x40 Src/tim.o
                0x080097f8                HAL_TIM_Base_MspInit
 .text.MX_USART1_UART_Init
                0x08009838       0x34 Src/usart.o
                0x08009838                MX_USART1_UART_Init
 .text.HAL_UART_MspInit
                0x0800986c       0x74 Src/usart.o
                0x0800986c                HAL_UART_MspInit
 .text.Reset_Handler
                0x080098e0       0x50 startup/startup_stm32f446xx.o
                0x080098e0                Reset_Handler
 .text.Default_Handler
                0x08009930        0x2 startup/startup_stm32f446xx.o
                0x08009930                RTC_Alarm_IRQHandler
                0x08009930                EXTI2_IRQHandler
                0x08009930                TIM8_CC_IRQHandler
                0x08009930                SPI4_IRQHandler
                0x08009930                TIM1_CC_IRQHandler
                0x08009930                DMA2_Stream5_IRQHandler
                0x08009930                DMA1_Stream5_IRQHandler
                0x08009930                PVD_IRQHandler
                0x08009930                TAMP_STAMP_IRQHandler
                0x08009930                CAN2_RX1_IRQHandler
                0x08009930                EXTI3_IRQHandler
                0x08009930                TIM8_TRG_COM_TIM14_IRQHandler
                0x08009930                TIM8_UP_TIM13_IRQHandler
                0x08009930                I2C3_ER_IRQHandler
                0x08009930                FMPI2C1_Event_IRQHandler
                0x08009930                EXTI0_IRQHandler
                0x08009930                I2C2_EV_IRQHandler
                0x08009930                DMA1_Stream2_IRQHandler
                0x08009930                CAN1_RX0_IRQHandler
                0x08009930                FPU_IRQHandler
                0x08009930                OTG_HS_WKUP_IRQHandler
                0x08009930                CAN2_SCE_IRQHandler
                0x08009930                DMA2_Stream2_IRQHandler
                0x08009930                SPI1_IRQHandler
                0x08009930                TIM6_DAC_IRQHandler
                0x08009930                TIM1_BRK_TIM9_IRQHandler
                0x08009930                DCMI_IRQHandler
                0x08009930                CAN2_RX0_IRQHandler
                0x08009930                SAI2_IRQHandler
                0x08009930                USART6_IRQHandler
                0x08009930                USART3_IRQHandler
                0x08009930                CAN1_RX1_IRQHandler
                0x08009930                UART5_IRQHandler
                0x08009930                TIM4_IRQHandler
                0x08009930                QUADSPI_IRQHandler
                0x08009930                I2C1_EV_IRQHandler
                0x08009930                DMA1_Stream6_IRQHandler
                0x08009930                DMA1_Stream1_IRQHandler
                0x08009930                UART4_IRQHandler
                0x08009930                TIM3_IRQHandler
                0x08009930                RCC_IRQHandler
                0x08009930                TIM8_BRK_TIM12_IRQHandler
                0x08009930                Default_Handler
                0x08009930                CEC_IRQHandler
                0x08009930                EXTI15_10_IRQHandler
                0x08009930                ADC_IRQHandler
                0x08009930                DMA1_Stream7_IRQHandler
                0x08009930                TIM7_IRQHandler
                0x08009930                CAN2_TX_IRQHandler
                0x08009930                TIM5_IRQHandler
                0x08009930                DMA2_Stream7_IRQHandler
                0x08009930                I2C3_EV_IRQHandler
                0x08009930                EXTI9_5_IRQHandler
                0x08009930                RTC_WKUP_IRQHandler
                0x08009930                SPDIF_RX_IRQHandler
                0x08009930                SPI2_IRQHandler
                0x08009930                OTG_HS_EP1_IN_IRQHandler
                0x08009930                DMA1_Stream0_IRQHandler
                0x08009930                CAN1_TX_IRQHandler
                0x08009930                EXTI4_IRQHandler
                0x08009930                OTG_HS_EP1_OUT_IRQHandler
                0x08009930                WWDG_IRQHandler
                0x08009930                TIM2_IRQHandler
                0x08009930                OTG_FS_WKUP_IRQHandler
                0x08009930                TIM1_TRG_COM_TIM11_IRQHandler
                0x08009930                OTG_HS_IRQHandler
                0x08009930                EXTI1_IRQHandler
                0x08009930                USART2_IRQHandler
                0x08009930                I2C2_ER_IRQHandler
                0x08009930                DMA2_Stream1_IRQHandler
                0x08009930                CAN1_SCE_IRQHandler
                0x08009930                FLASH_IRQHandler
                0x08009930                DMA2_Stream4_IRQHandler
                0x08009930                USART1_IRQHandler
                0x08009930                OTG_FS_IRQHandler
                0x08009930                SPI3_IRQHandler
                0x08009930                DMA1_Stream4_IRQHandler
                0x08009930                I2C1_ER_IRQHandler
                0x08009930                FMC_IRQHandler
                0x08009930                SAI1_IRQHandler
                0x08009930                DMA1_Stream3_IRQHandler
                0x08009930                FMPI2C1_Error_IRQHandler
 *fill*         0x08009932        0x2 
 .text.__libc_init_array
                0x08009934       0x48 c:/ac6/systemworkbench/plugins/fr.ac6.mcu.externaltools.arm-none.win32_1.17.0.201812190825/tools/compiler/bin/../lib/gcc/arm-none-eabi/7.3.1/../../../../arm-none-eabi/lib/thumb/v7e-m/fpv4-sp/hard\libc_nano.a(lib_a-init.o)
                0x08009934                __libc_init_array
 .text.memcpy   0x0800997c       0x16 c:/ac6/systemworkbench/plugins/fr.ac6.mcu.externaltools.arm-none.win32_1.17.0.201812190825/tools/compiler/bin/../lib/gcc/arm-none-eabi/7.3.1/../../../../arm-none-eabi/lib/thumb/v7e-m/fpv4-sp/hard\libc_nano.a(lib_a-memcpy-stub.o)
                0x0800997c                memcpy
 .text.memset   0x08009992       0x10 c:/ac6/systemworkbench/plugins/fr.ac6.mcu.externaltools.arm-none.win32_1.17.0.201812190825/tools/compiler/bin/../lib/gcc/arm-none-eabi/7.3.1/../../../../arm-none-eabi/lib/thumb/v7e-m/fpv4-sp/hard\libc_nano.a(lib_a-memset.o)
                0x08009992                memset
 .text.cleanup_glue
                0x080099a2       0x1a c:/ac6/systemworkbench/plugins/fr.ac6.mcu.externaltools.arm-none.win32_1.17.0.201812190825/tools/compiler/bin/../lib/gcc/arm-none-eabi/7.3.1/../../../../arm-none-eabi/lib/thumb/v7e-m/fpv4-sp/hard\libc_nano.a(lib_a-reent.o)
                0x080099a2                cleanup_glue
 .text._reclaim_reent
                0x080099bc       0xb8 c:/ac6/systemworkbench/plugins/fr.ac6.mcu.externaltools.arm-none.win32_1.17.0.201812190825/tools/compiler/bin/../lib/gcc/arm-none-eabi/7.3.1/../../../../arm-none-eabi/lib/thumb/v7e-m/fpv4-sp/hard\libc_nano.a(lib_a-reent.o)
                0x080099bc                _reclaim_reent
 .text.sprintf  0x08009a74       0x40 c:/ac6/systemworkbench/plugins/fr.ac6.mcu.externaltools.arm-none.win32_1.17.0.201812190825/tools/compiler/bin/../lib/gcc/arm-none-eabi/7.3.1/../../../../arm-none-eabi/lib/thumb/v7e-m/fpv4-sp/hard\libc_nano.a(lib_a-sprintf.o)
                0x08009a74                siprintf
                0x08009a74                sprintf
 .text._free_r  0x08009ab4       0x9c c:/ac6/systemworkbench/plugins/fr.ac6.mcu.externaltools.arm-none.win32_1.17.0.201812190825/tools/compiler/bin/../lib/gcc/arm-none-eabi/7.3.1/../../../../arm-none-eabi/lib/thumb/v7e-m/fpv4-sp/hard\libc_nano.a(lib_a-nano-freer.o)
                0x08009ab4                _free_r
 .text._malloc_r
                0x08009b50       0xb4 c:/ac6/systemworkbench/plugins/fr.ac6.mcu.externaltools.arm-none.win32_1.17.0.201812190825/tools/compiler/bin/../lib/gcc/arm-none-eabi/7.3.1/../../../../arm-none-eabi/lib/thumb/v7e-m/fpv4-sp/hard\libc_nano.a(lib_a-nano-mallocr.o)
                0x08009b50                _malloc_r
 .text.__ssputs_r
                0x08009c04       0xb4 c:/ac6/systemworkbench/plugins/fr.ac6.mcu.externaltools.arm-none.win32_1.17.0.201812190825/tools/compiler/bin/../lib/gcc/arm-none-eabi/7.3.1/../../../../arm-none-eabi/lib/thumb/v7e-m/fpv4-sp/hard\libc_nano.a(lib_a-nano-svfprintf.o)
                0x08009c04                __ssputs_r
 .text._svfprintf_r
                0x08009cb8      0x1f0 c:/ac6/systemworkbench/plugins/fr.ac6.mcu.externaltools.arm-none.win32_1.17.0.201812190825/tools/compiler/bin/../lib/gcc/arm-none-eabi/7.3.1/../../../../arm-none-eabi/lib/thumb/v7e-m/fpv4-sp/hard\libc_nano.a(lib_a-nano-svfprintf.o)
                0x08009cb8                _svfiprintf_r
                0x08009cb8                _svfprintf_r
 .text._printf_common
                0x08009ea8       0xea c:/ac6/systemworkbench/plugins/fr.ac6.mcu.externaltools.arm-none.win32_1.17.0.201812190825/tools/compiler/bin/../lib/gcc/arm-none-eabi/7.3.1/../../../../arm-none-eabi/lib/thumb/v7e-m/fpv4-sp/hard\libc_nano.a(lib_a-nano-vfprintf_i.o)
                0x08009ea8                _printf_common
 *fill*         0x08009f92        0x2 
 .text._printf_i
                0x08009f94      0x224 c:/ac6/systemworkbench/plugins/fr.ac6.mcu.externaltools.arm-none.win32_1.17.0.201812190825/tools/compiler/bin/../lib/gcc/arm-none-eabi/7.3.1/../../../../arm-none-eabi/lib/thumb/v7e-m/fpv4-sp/hard\libc_nano.a(lib_a-nano-vfprintf_i.o)
                0x08009f94                _printf_i
 .text._sbrk_r  0x0800a1b8       0x20 c:/ac6/systemworkbench/plugins/fr.ac6.mcu.externaltools.arm-none.win32_1.17.0.201812190825/tools/compiler/bin/../lib/gcc/arm-none-eabi/7.3.1/../../../../arm-none-eabi/lib/thumb/v7e-m/fpv4-sp/hard\libc_nano.a(lib_a-sbrkr.o)
                0x0800a1b8                _sbrk_r
 .text.memmove  0x0800a1d8       0x32 c:/ac6/systemworkbench/plugins/fr.ac6.mcu.externaltools.arm-none.win32_1.17.0.201812190825/tools/compiler/bin/../lib/gcc/arm-none-eabi/7.3.1/../../../../arm-none-eabi/lib/thumb/v7e-m/fpv4-sp/hard\libc_nano.a(lib_a-memmove.o)
                0x0800a1d8                memmove
 .text.__malloc_lock
                0x0800a20a        0x2 c:/ac6/systemworkbench/plugins/fr.ac6.mcu.externaltools.arm-none.win32_1.17.0.201812190825/tools/compiler/bin/../lib/gcc/arm-none-eabi/7.3.1/../../../../arm-none-eabi/lib/thumb/v7e-m/fpv4-sp/hard\libc_nano.a(lib_a-mlock.o)
                0x0800a20a                __malloc_lock
 .text.__malloc_unlock
                0x0800a20c        0x2 c:/ac6/systemworkbench/plugins/fr.ac6.mcu.externaltools.arm-none.win32_1.17.0.201812190825/tools/compiler/bin/../lib/gcc/arm-none-eabi/7.3.1/../../../../arm-none-eabi/lib/thumb/v7e-m/fpv4-sp/hard\libc_nano.a(lib_a-mlock.o)
                0x0800a20c                __malloc_unlock
 .text._realloc_r
                0x0800a20e       0x4c c:/ac6/systemworkbench/plugins/fr.ac6.mcu.externaltools.arm-none.win32_1.17.0.201812190825/tools/compiler/bin/../lib/gcc/arm-none-eabi/7.3.1/../../../../arm-none-eabi/lib/thumb/v7e-m/fpv4-sp/hard\libc_nano.a(lib_a-nano-reallocr.o)
                0x0800a20e                _realloc_r
 .text._malloc_usable_size_r
                0x0800a25a       0x10 c:/ac6/systemworkbench/plugins/fr.ac6.mcu.externaltools.arm-none.win32_1.17.0.201812190825/tools/compiler/bin/../lib/gcc/arm-none-eabi/7.3.1/../../../../arm-none-eabi/lib/thumb/v7e-m/fpv4-sp/hard\libc_nano.a(lib_a-nano-msizer.o)
                0x0800a25a                _malloc_usable_size_r
 *fill*         0x0800a26a        0x2 
 .text._sbrk    0x0800a26c       0x1c c:/ac6/systemworkbench/plugins/fr.ac6.mcu.externaltools.arm-none.win32_1.17.0.201812190825/tools/compiler/bin/../lib/gcc/arm-none-eabi/7.3.1/../../../../arm-none-eabi/lib/thumb/v7e-m/fpv4-sp/hard\libnosys.a(sbrk.o)
                0x0800a26c                _sbrk
 *(.glue_7)
 .glue_7        0x0800a288        0x0 linker stubs
 *(.glue_7t)
 .glue_7t       0x0800a288        0x0 linker stubs
 *(.eh_frame)
 .eh_frame      0x0800a288        0x0 c:/ac6/systemworkbench/plugins/fr.ac6.mcu.externaltools.arm-none.win32_1.17.0.201812190825/tools/compiler/bin/../lib/gcc/arm-none-eabi/7.3.1/thumb/v7e-m/fpv4-sp/hard/crtbegin.o
 *(.init)
 .init          0x0800a288        0x4 c:/ac6/systemworkbench/plugins/fr.ac6.mcu.externaltools.arm-none.win32_1.17.0.201812190825/tools/compiler/bin/../lib/gcc/arm-none-eabi/7.3.1/thumb/v7e-m/fpv4-sp/hard/crti.o
                0x0800a288                _init
 .init          0x0800a28c        0x8 c:/ac6/systemworkbench/plugins/fr.ac6.mcu.externaltools.arm-none.win32_1.17.0.201812190825/tools/compiler/bin/../lib/gcc/arm-none-eabi/7.3.1/thumb/v7e-m/fpv4-sp/hard/crtn.o
 *(.fini)
 .fini          0x0800a294        0x4 c:/ac6/systemworkbench/plugins/fr.ac6.mcu.externaltools.arm-none.win32_1.17.0.201812190825/tools/compiler/bin/../lib/gcc/arm-none-eabi/7.3.1/thumb/v7e-m/fpv4-sp/hard/crti.o
                0x0800a294                _fini
 .fini          0x0800a298        0x8 c:/ac6/systemworkbench/plugins/fr.ac6.mcu.externaltools.arm-none.win32_1.17.0.201812190825/tools/compiler/bin/../lib/gcc/arm-none-eabi/7.3.1/thumb/v7e-m/fpv4-sp/hard/crtn.o
                0x0800a2a0                . = ALIGN (0x4)
                0x0800a2a0                _etext = .

.vfp11_veneer   0x0800a2a0        0x0
 .vfp11_veneer  0x0800a2a0        0x0 linker stubs

.v4_bx          0x0800a2a0        0x0
 .v4_bx         0x0800a2a0        0x0 linker stubs

.iplt           0x0800a2a0        0x0
 .iplt          0x0800a2a0        0x0 c:/ac6/systemworkbench/plugins/fr.ac6.mcu.externaltools.arm-none.win32_1.17.0.201812190825/tools/compiler/bin/../lib/gcc/arm-none-eabi/7.3.1/thumb/v7e-m/fpv4-sp/hard/crtbegin.o

.rodata         0x0800a2a0      0x5bc
                0x0800a2a0                . = ALIGN (0x4)
 *(.rodata)
 .rodata        0x0800a2a0        0x8 Drivers/STM32F4xx_HAL_Driver/Src/stm32f4xx_hal_dma.o
 .rodata        0x0800a2a8       0xae Middlewares/Third_Party/FatFs/src/ff.o
 *fill*         0x0800a356        0x2 
 .rodata        0x0800a358      0x3ae Middlewares/Third_Party/FatFs/src/option/ccsbcs.o
 *fill*         0x0800a706        0x2 
 .rodata        0x0800a708       0x1c Src/freertos.o
 .rodata        0x0800a724        0x9 Src/sd_card.o
 *fill*         0x0800a72d        0x3 
 .rodata        0x0800a730       0x24 Src/sd_diskio.o
                0x0800a740                SD_Driver
 .rodata        0x0800a754       0x18 Src/system_stm32f4xx.o
                0x0800a754                AHBPrescTable
                0x0800a764                APBPrescTable
 *(.rodata*)
 .rodata.str1.4
                0x0800a76c       0x48 Middlewares/Third_Party/FatFs/src/ff.o
 .rodata.str1.4
                0x0800a7b4        0x5 Middlewares/Third_Party/FreeRTOS/Source/tasks.o
 *fill*         0x0800a7b9        0x3 
 .rodata.str1.4
                0x0800a7bc        0xc Src/freertos.o
 .rodata.str1.4
                0x0800a7c8       0x60 Src/sd_card.o
                                 0x61 (size before relaxing)
 .rodata._svfprintf_r.str1.1
                0x0800a828       0x11 c:/ac6/systemworkbench/plugins/fr.ac6.mcu.externaltools.arm-none.win32_1.17.0.201812190825/tools/compiler/bin/../lib/gcc/arm-none-eabi/7.3.1/../../../../arm-none-eabi/lib/thumb/v7e-m/fpv4-sp/hard\libc_nano.a(lib_a-nano-svfprintf.o)
 .rodata._printf_i.str1.1
                0x0800a839       0x22 c:/ac6/systemworkbench/plugins/fr.ac6.mcu.externaltools.arm-none.win32_1.17.0.201812190825/tools/compiler/bin/../lib/gcc/arm-none-eabi/7.3.1/../../../../arm-none-eabi/lib/thumb/v7e-m/fpv4-sp/hard\libc_nano.a(lib_a-nano-vfprintf_i.o)
                0x0800a85c                . = ALIGN (0x4)
 *fill*         0x0800a85b        0x1 

.ARM.extab
 *(.ARM.extab* .gnu.linkonce.armextab.*)

.ARM            0x0800a85c        0x8
                0x0800a85c                __exidx_start = .
 *(.ARM.exidx*)
 .ARM.exidx     0x0800a85c        0x8 c:/ac6/systemworkbench/plugins/fr.ac6.mcu.externaltools.arm-none.win32_1.17.0.201812190825/tools/compiler/bin/../lib/gcc/arm-none-eabi/7.3.1/thumb/v7e-m/fpv4-sp/hard\libgcc.a(_udivmoddi4.o)
                0x0800a864                __exidx_end = .

.rel.dyn        0x0800a864        0x0
 .rel.iplt      0x0800a864        0x0 c:/ac6/systemworkbench/plugins/fr.ac6.mcu.externaltools.arm-none.win32_1.17.0.201812190825/tools/compiler/bin/../lib/gcc/arm-none-eabi/7.3.1/thumb/v7e-m/fpv4-sp/hard/crtbegin.o

.preinit_array  0x0800a864        0x0
                0x0800a864                PROVIDE (__preinit_array_start = .)
 *(.preinit_array*)
                0x0800a864                PROVIDE (__preinit_array_end = .)

.init_array     0x0800a864        0x4
                0x0800a864                PROVIDE (__init_array_start = .)
 *(SORT_BY_NAME(.init_array.*))
 *(.init_array*)
 .init_array    0x0800a864        0x4 c:/ac6/systemworkbench/plugins/fr.ac6.mcu.externaltools.arm-none.win32_1.17.0.201812190825/tools/compiler/bin/../lib/gcc/arm-none-eabi/7.3.1/thumb/v7e-m/fpv4-sp/hard/crtbegin.o
                0x0800a868                PROVIDE (__init_array_end = .)

.fini_array     0x0800a868        0x4
                [!provide]                PROVIDE (__fini_array_start = .)
 *(SORT_BY_NAME(.fini_array.*))
 *(.fini_array*)
 .fini_array    0x0800a868        0x4 c:/ac6/systemworkbench/plugins/fr.ac6.mcu.externaltools.arm-none.win32_1.17.0.201812190825/tools/compiler/bin/../lib/gcc/arm-none-eabi/7.3.1/thumb/v7e-m/fpv4-sp/hard/crtbegin.o
                [!provide]                PROVIDE (__fini_array_end = .)
                0x0800a86c                _sidata = LOADADDR (.data)

.data           0x20000000       0x84 load address 0x0800a86c
                0x20000000                . = ALIGN (0x4)
                0x20000000                _sdata = .
 *(.data)
 .data          0x20000000        0x8 Drivers/STM32F4xx_HAL_Driver/Src/stm32f4xx_hal.o
                0x20000000                uwTickFreq
                0x20000004                uwTickPrio
 .data          0x20000008        0x4 Middlewares/Third_Party/FreeRTOS/Source/portable/GCC/ARM_CM4F/port.o
 .data          0x2000000c        0xd Src/sd_card.o
 .data          0x20000019        0x1 Src/sd_diskio.o
 *fill*         0x2000001a        0x2 
 .data          0x2000001c        0x4 Src/system_stm32f4xx.o
                0x2000001c                SystemCoreClock
 *(.data*)
 .data._impure_ptr
                0x20000020        0x4 c:/ac6/systemworkbench/plugins/fr.ac6.mcu.externaltools.arm-none.win32_1.17.0.201812190825/tools/compiler/bin/../lib/gcc/arm-none-eabi/7.3.1/../../../../arm-none-eabi/lib/thumb/v7e-m/fpv4-sp/hard\libc_nano.a(lib_a-impure.o)
                0x20000020                _impure_ptr
 .data.impure_data
                0x20000024       0x60 c:/ac6/systemworkbench/plugins/fr.ac6.mcu.externaltools.arm-none.win32_1.17.0.201812190825/tools/compiler/bin/../lib/gcc/arm-none-eabi/7.3.1/../../../../arm-none-eabi/lib/thumb/v7e-m/fpv4-sp/hard\libc_nano.a(lib_a-impure.o)
                0x20000084                . = ALIGN (0x4)
                0x20000084                _edata = .

.igot.plt       0x20000084        0x0 load address 0x0800a8f0
 .igot.plt      0x20000084        0x0 c:/ac6/systemworkbench/plugins/fr.ac6.mcu.externaltools.arm-none.win32_1.17.0.201812190825/tools/compiler/bin/../lib/gcc/arm-none-eabi/7.3.1/thumb/v7e-m/fpv4-sp/hard/crtbegin.o
                0x20000084                . = ALIGN (0x4)

.bss            0x20000088     0x6ccc load address 0x0800a8f0
                0x20000088                _sbss = .
                0x20000088                __bss_start__ = _sbss
 *(.bss)
 .bss           0x20000088       0x1c c:/ac6/systemworkbench/plugins/fr.ac6.mcu.externaltools.arm-none.win32_1.17.0.201812190825/tools/compiler/bin/../lib/gcc/arm-none-eabi/7.3.1/thumb/v7e-m/fpv4-sp/hard/crtbegin.o
 .bss           0x200000a4       0x26 Middlewares/Third_Party/FatFs/src/ff.o
 *fill*         0x200000ca        0x2 
 .bss           0x200000cc        0xc Middlewares/Third_Party/FatFs/src/ff_gen_drv.o
                0x200000cc                disk
 .bss           0x200000d8      0x12c Middlewares/Third_Party/FreeRTOS/Source/tasks.o
                0x200001d8                pxCurrentTCB
 .bss           0x20000204        0x8 Middlewares/Third_Party/FreeRTOS/Source/portable/GCC/ARM_CM4F/port.o
 .bss           0x2000020c     0x3c20 Middlewares/Third_Party/FreeRTOS/Source/portable/MemMang/heap_4.o
 *fill*         0x20003e2c        0x4 
 .bss           0x20003e30      0x680 Src/freertos.o
 .bss           0x200044b0     0x20c8 Src/sd_card.o
 .bss           0x20006578        0x4 Src/sd_diskio.o
 *(.bss*)
 .bss.__malloc_free_list
                0x2000657c        0x4 c:/ac6/systemworkbench/plugins/fr.ac6.mcu.externaltools.arm-none.win32_1.17.0.201812190825/tools/compiler/bin/../lib/gcc/arm-none-eabi/7.3.1/../../../../arm-none-eabi/lib/thumb/v7e-m/fpv4-sp/hard\libc_nano.a(lib_a-nano-mallocr.o)
                0x2000657c                __malloc_free_list
 .bss.__malloc_sbrk_start
                0x20006580        0x4 c:/ac6/systemworkbench/plugins/fr.ac6.mcu.externaltools.arm-none.win32_1.17.0.201812190825/tools/compiler/bin/../lib/gcc/arm-none-eabi/7.3.1/../../../../arm-none-eabi/lib/thumb/v7e-m/fpv4-sp/hard\libc_nano.a(lib_a-nano-mallocr.o)
                0x20006580                __malloc_sbrk_start
 .bss.heap_end.5377
                0x20006584        0x4 c:/ac6/systemworkbench/plugins/fr.ac6.mcu.externaltools.arm-none.win32_1.17.0.201812190825/tools/compiler/bin/../lib/gcc/arm-none-eabi/7.3.1/../../../../arm-none-eabi/lib/thumb/v7e-m/fpv4-sp/hard\libnosys.a(sbrk.o)
 *(COMMON)
 COMMON         0x20006588        0x4 Drivers/STM32F4xx_HAL_Driver/Src/stm32f4xx_hal.o
                0x20006588                uwTick
 COMMON         0x2000658c       0x40 Middlewares/Third_Party/FreeRTOS/Source/queue.o
                0x2000658c                xQueueRegistry
 COMMON         0x200065cc       0xa8 Src/adc.o
                0x200065cc                hadc1
                0x20006614                hdma_adc1
 COMMON         0x20006674       0x28 Src/can.o
                0x20006674                hcan1
 COMMON         0x2000669c      0x474 Src/fatfs.o
                0x2000669c                retSD
                0x200066a0                SDPath
                0x200066a4                SDFile
                0x200068d4                SDFatFS
 COMMON         0x20006b10        0x4 Src/freertos.o
                0x20006b10                defaultTaskHandle
 COMMON         0x20006b14       0x20 Src/rtc.o
                0x20006b14                hrtc
 COMMON         0x20006b34       0x4c Src/sd_card.o
                0x20006b34                xSD_Card_Queue
                0x20006b38                xSD_Card_Queue_Storage
 COMMON         0x20006b80      0x144 Src/sdio.o
                0x20006b80                hdma_sdio_rx
                0x20006be0                hdma_sdio_tx
                0x20006c40                hsd
 COMMON         0x20006cc4       0x48 Src/stm32f4xx_hal_timebase_tim.o
                0x20006cc4                htim10
 COMMON         0x20006d0c       0x44 Src/usart.o
                0x20006d0c                huart1
 COMMON         0x20006d50        0x4 c:/ac6/systemworkbench/plugins/fr.ac6.mcu.externaltools.arm-none.win32_1.17.0.201812190825/tools/compiler/bin/../lib/gcc/arm-none-eabi/7.3.1/../../../../arm-none-eabi/lib/thumb/v7e-m/fpv4-sp/hard\libc_nano.a(lib_a-reent.o)
                0x20006d50                errno
                0x20006d54                . = ALIGN (0x4)
                0x20006d54                _ebss = .
                0x20006d54                __bss_end__ = _ebss

._user_heap_stack
                0x20006d54      0x604 load address 0x0800a8f0
                0x20006d58                . = ALIGN (0x8)
 *fill*         0x20006d54        0x4 
                0x20006d58                PROVIDE (end = .)
                [!provide]                PROVIDE (_end = .)
                0x20006f58                . = (. + _Min_Heap_Size)
 *fill*         0x20006d58      0x200 
                0x20007358                . = (. + _Min_Stack_Size)
 *fill*         0x20006f58      0x400 
                0x20007358                . = ALIGN (0x8)

/DISCARD/
 libc.a(*)
 libm.a(*)
 libgcc.a(*)

.ARM.attributes
                0x00000000       0x30
 *(.ARM.attributes)
 .ARM.attributes
                0x00000000       0x22 c:/ac6/systemworkbench/plugins/fr.ac6.mcu.externaltools.arm-none.win32_1.17.0.201812190825/tools/compiler/bin/../lib/gcc/arm-none-eabi/7.3.1/thumb/v7e-m/fpv4-sp/hard/crti.o
 .ARM.attributes
                0x00000022       0x34 c:/ac6/systemworkbench/plugins/fr.ac6.mcu.externaltools.arm-none.win32_1.17.0.201812190825/tools/compiler/bin/../lib/gcc/arm-none-eabi/7.3.1/thumb/v7e-m/fpv4-sp/hard/crtbegin.o
 .ARM.attributes
                0x00000056       0x39 Drivers/STM32F4xx_HAL_Driver/Src/stm32f4xx_hal.o
 .ARM.attributes
                0x0000008f       0x39 Drivers/STM32F4xx_HAL_Driver/Src/stm32f4xx_hal_adc.o
 .ARM.attributes
                0x000000c8       0x39 Drivers/STM32F4xx_HAL_Driver/Src/stm32f4xx_hal_can.o
 .ARM.attributes
                0x00000101       0x39 Drivers/STM32F4xx_HAL_Driver/Src/stm32f4xx_hal_cortex.o
 .ARM.attributes
                0x0000013a       0x39 Drivers/STM32F4xx_HAL_Driver/Src/stm32f4xx_hal_dma.o
 .ARM.attributes
                0x00000173       0x39 Drivers/STM32F4xx_HAL_Driver/Src/stm32f4xx_hal_gpio.o
 .ARM.attributes
                0x000001ac       0x39 Drivers/STM32F4xx_HAL_Driver/Src/stm32f4xx_hal_rcc.o
 .ARM.attributes
                0x000001e5       0x39 Drivers/STM32F4xx_HAL_Driver/Src/stm32f4xx_hal_rcc_ex.o
 .ARM.attributes
                0x0000021e       0x39 Drivers/STM32F4xx_HAL_Driver/Src/stm32f4xx_hal_rtc.o
 .ARM.attributes
                0x00000257       0x39 Drivers/STM32F4xx_HAL_Driver/Src/stm32f4xx_hal_sd.o
 .ARM.attributes
                0x00000290       0x39 Drivers/STM32F4xx_HAL_Driver/Src/stm32f4xx_hal_tim.o
 .ARM.attributes
                0x000002c9       0x39 Drivers/STM32F4xx_HAL_Driver/Src/stm32f4xx_hal_tim_ex.o
 .ARM.attributes
                0x00000302       0x39 Drivers/STM32F4xx_HAL_Driver/Src/stm32f4xx_hal_uart.o
 .ARM.attributes
                0x0000033b       0x39 Drivers/STM32F4xx_HAL_Driver/Src/stm32f4xx_ll_sdmmc.o
 .ARM.attributes
                0x00000374       0x39 Middlewares/Third_Party/FatFs/src/diskio.o
 .ARM.attributes
                0x000003ad       0x39 Middlewares/Third_Party/FatFs/src/ff.o
 .ARM.attributes
                0x000003e6       0x39 Middlewares/Third_Party/FatFs/src/ff_gen_drv.o
 .ARM.attributes
                0x0000041f       0x39 Middlewares/Third_Party/FatFs/src/option/ccsbcs.o
 .ARM.attributes
                0x00000458       0x39 Middlewares/Third_Party/FatFs/src/option/syscall.o
 .ARM.attributes
                0x00000491       0x39 Middlewares/Third_Party/FreeRTOS/Source/CMSIS_RTOS/cmsis_os.o
 .ARM.attributes
                0x000004ca       0x39 Middlewares/Third_Party/FreeRTOS/Source/list.o
 .ARM.attributes
                0x00000503       0x39 Middlewares/Third_Party/FreeRTOS/Source/queue.o
 .ARM.attributes
                0x0000053c       0x39 Middlewares/Third_Party/FreeRTOS/Source/tasks.o
 .ARM.attributes
                0x00000575       0x39 Middlewares/Third_Party/FreeRTOS/Source/portable/GCC/ARM_CM4F/port.o
 .ARM.attributes
                0x000005ae       0x39 Middlewares/Third_Party/FreeRTOS/Source/portable/MemMang/heap_4.o
 .ARM.attributes
                0x000005e7       0x39 Src/adc.o
 .ARM.attributes
                0x00000620       0x39 Src/bsp_driver_sd.o
 .ARM.attributes
                0x00000659       0x39 Src/can.o
 .ARM.attributes
                0x00000692       0x39 Src/dma.o
 .ARM.attributes
                0x000006cb       0x39 Src/fatfs.o
 .ARM.attributes
                0x00000704       0x39 Src/fatfs_platform.o
 .ARM.attributes
                0x0000073d       0x39 Src/freertos.o
 .ARM.attributes
                0x00000776       0x39 Src/gpio.o
 .ARM.attributes
                0x000007af       0x39 Src/main.o
 .ARM.attributes
                0x000007e8       0x39 Src/rtc.o
 .ARM.attributes
                0x00000821       0x39 Src/sd_card.o
 .ARM.attributes
                0x0000085a       0x39 Src/sd_diskio.o
 .ARM.attributes
                0x00000893       0x39 Src/sdio.o
 .ARM.attributes
                0x000008cc       0x39 Src/stm32f4xx_hal_msp.o
 .ARM.attributes
                0x00000905       0x39 Src/stm32f4xx_hal_timebase_tim.o
 .ARM.attributes
                0x0000093e       0x39 Src/stm32f4xx_it.o
 .ARM.attributes
                0x00000977       0x39 Src/system_stm32f4xx.o
 .ARM.attributes
                0x000009b0       0x39 Src/tim.o
 .ARM.attributes
                0x000009e9       0x39 Src/usart.o
 .ARM.attributes
                0x00000a22       0x21 startup/startup_stm32f446xx.o
 .ARM.attributes
                0x00000a43       0x22 c:/ac6/systemworkbench/plugins/fr.ac6.mcu.externaltools.arm-none.win32_1.17.0.201812190825/tools/compiler/bin/../lib/gcc/arm-none-eabi/7.3.1/thumb/v7e-m/fpv4-sp/hard\libgcc.a(_arm_addsubdf3.o)
 .ARM.attributes
                0x00000a65       0x22 c:/ac6/systemworkbench/plugins/fr.ac6.mcu.externaltools.arm-none.win32_1.17.0.201812190825/tools/compiler/bin/../lib/gcc/arm-none-eabi/7.3.1/thumb/v7e-m/fpv4-sp/hard\libgcc.a(_arm_muldivdf3.o)
 .ARM.attributes
                0x00000a87       0x22 c:/ac6/systemworkbench/plugins/fr.ac6.mcu.externaltools.arm-none.win32_1.17.0.201812190825/tools/compiler/bin/../lib/gcc/arm-none-eabi/7.3.1/thumb/v7e-m/fpv4-sp/hard\libgcc.a(_aeabi_uldivmod.o)
 .ARM.attributes
                0x00000aa9       0x34 c:/ac6/systemworkbench/plugins/fr.ac6.mcu.externaltools.arm-none.win32_1.17.0.201812190825/tools/compiler/bin/../lib/gcc/arm-none-eabi/7.3.1/thumb/v7e-m/fpv4-sp/hard\libgcc.a(_udivmoddi4.o)
 .ARM.attributes
                0x00000add       0x22 c:/ac6/systemworkbench/plugins/fr.ac6.mcu.externaltools.arm-none.win32_1.17.0.201812190825/tools/compiler/bin/../lib/gcc/arm-none-eabi/7.3.1/thumb/v7e-m/fpv4-sp/hard\libgcc.a(_dvmd_tls.o)
 .ARM.attributes
                0x00000aff       0x34 c:/ac6/systemworkbench/plugins/fr.ac6.mcu.externaltools.arm-none.win32_1.17.0.201812190825/tools/compiler/bin/../lib/gcc/arm-none-eabi/7.3.1/../../../../arm-none-eabi/lib/thumb/v7e-m/fpv4-sp/hard\libc_nano.a(lib_a-impure.o)
 .ARM.attributes
                0x00000b33       0x34 c:/ac6/systemworkbench/plugins/fr.ac6.mcu.externaltools.arm-none.win32_1.17.0.201812190825/tools/compiler/bin/../lib/gcc/arm-none-eabi/7.3.1/../../../../arm-none-eabi/lib/thumb/v7e-m/fpv4-sp/hard\libc_nano.a(lib_a-init.o)
 .ARM.attributes
                0x00000b67       0x34 c:/ac6/systemworkbench/plugins/fr.ac6.mcu.externaltools.arm-none.win32_1.17.0.201812190825/tools/compiler/bin/../lib/gcc/arm-none-eabi/7.3.1/../../../../arm-none-eabi/lib/thumb/v7e-m/fpv4-sp/hard\libc_nano.a(lib_a-memcpy-stub.o)
 .ARM.attributes
                0x00000b9b       0x34 c:/ac6/systemworkbench/plugins/fr.ac6.mcu.externaltools.arm-none.win32_1.17.0.201812190825/tools/compiler/bin/../lib/gcc/arm-none-eabi/7.3.1/../../../../arm-none-eabi/lib/thumb/v7e-m/fpv4-sp/hard\libc_nano.a(lib_a-memset.o)
 .ARM.attributes
                0x00000bcf       0x34 c:/ac6/systemworkbench/plugins/fr.ac6.mcu.externaltools.arm-none.win32_1.17.0.201812190825/tools/compiler/bin/../lib/gcc/arm-none-eabi/7.3.1/../../../../arm-none-eabi/lib/thumb/v7e-m/fpv4-sp/hard\libc_nano.a(lib_a-reent.o)
 .ARM.attributes
                0x00000c03       0x34 c:/ac6/systemworkbench/plugins/fr.ac6.mcu.externaltools.arm-none.win32_1.17.0.201812190825/tools/compiler/bin/../lib/gcc/arm-none-eabi/7.3.1/../../../../arm-none-eabi/lib/thumb/v7e-m/fpv4-sp/hard\libc_nano.a(lib_a-sprintf.o)
 .ARM.attributes
                0x00000c37       0x1b c:/ac6/systemworkbench/plugins/fr.ac6.mcu.externaltools.arm-none.win32_1.17.0.201812190825/tools/compiler/bin/../lib/gcc/arm-none-eabi/7.3.1/../../../../arm-none-eabi/lib/thumb/v7e-m/fpv4-sp/hard\libc_nano.a(lib_a-strlen.o)
 .ARM.attributes
                0x00000c52       0x34 c:/ac6/systemworkbench/plugins/fr.ac6.mcu.externaltools.arm-none.win32_1.17.0.201812190825/tools/compiler/bin/../lib/gcc/arm-none-eabi/7.3.1/../../../../arm-none-eabi/lib/thumb/v7e-m/fpv4-sp/hard\libc_nano.a(lib_a-nano-freer.o)
 .ARM.attributes
                0x00000c86       0x34 c:/ac6/systemworkbench/plugins/fr.ac6.mcu.externaltools.arm-none.win32_1.17.0.201812190825/tools/compiler/bin/../lib/gcc/arm-none-eabi/7.3.1/../../../../arm-none-eabi/lib/thumb/v7e-m/fpv4-sp/hard\libc_nano.a(lib_a-nano-mallocr.o)
 .ARM.attributes
                0x00000cba       0x34 c:/ac6/systemworkbench/plugins/fr.ac6.mcu.externaltools.arm-none.win32_1.17.0.201812190825/tools/compiler/bin/../lib/gcc/arm-none-eabi/7.3.1/../../../../arm-none-eabi/lib/thumb/v7e-m/fpv4-sp/hard\libc_nano.a(lib_a-nano-svfprintf.o)
 .ARM.attributes
                0x00000cee       0x34 c:/ac6/systemworkbench/plugins/fr.ac6.mcu.externaltools.arm-none.win32_1.17.0.201812190825/tools/compiler/bin/../lib/gcc/arm-none-eabi/7.3.1/../../../../arm-none-eabi/lib/thumb/v7e-m/fpv4-sp/hard\libc_nano.a(lib_a-nano-vfprintf_i.o)
 .ARM.attributes
                0x00000d22       0x34 c:/ac6/systemworkbench/plugins/fr.ac6.mcu.externaltools.arm-none.win32_1.17.0.201812190825/tools/compiler/bin/../lib/gcc/arm-none-eabi/7.3.1/../../../../arm-none-eabi/lib/thumb/v7e-m/fpv4-sp/hard\libc_nano.a(lib_a-sbrkr.o)
 .ARM.attributes
                0x00000d56       0x20 c:/ac6/systemworkbench/plugins/fr.ac6.mcu.externaltools.arm-none.win32_1.17.0.201812190825/tools/compiler/bin/../lib/gcc/arm-none-eabi/7.3.1/../../../../arm-none-eabi/lib/thumb/v7e-m/fpv4-sp/hard\libc_nano.a(lib_a-memchr.o)
 .ARM.attributes
                0x00000d76       0x34 c:/ac6/systemworkbench/plugins/fr.ac6.mcu.externaltools.arm-none.win32_1.17.0.201812190825/tools/compiler/bin/../lib/gcc/arm-none-eabi/7.3.1/../../../../arm-none-eabi/lib/thumb/v7e-m/fpv4-sp/hard\libc_nano.a(lib_a-memmove.o)
 .ARM.attributes
                0x00000daa       0x34 c:/ac6/systemworkbench/plugins/fr.ac6.mcu.externaltools.arm-none.win32_1.17.0.201812190825/tools/compiler/bin/../lib/gcc/arm-none-eabi/7.3.1/../../../../arm-none-eabi/lib/thumb/v7e-m/fpv4-sp/hard\libc_nano.a(lib_a-mlock.o)
 .ARM.attributes
                0x00000dde       0x34 c:/ac6/systemworkbench/plugins/fr.ac6.mcu.externaltools.arm-none.win32_1.17.0.201812190825/tools/compiler/bin/../lib/gcc/arm-none-eabi/7.3.1/../../../../arm-none-eabi/lib/thumb/v7e-m/fpv4-sp/hard\libc_nano.a(lib_a-nano-reallocr.o)
 .ARM.attributes
                0x00000e12       0x34 c:/ac6/systemworkbench/plugins/fr.ac6.mcu.externaltools.arm-none.win32_1.17.0.201812190825/tools/compiler/bin/../lib/gcc/arm-none-eabi/7.3.1/../../../../arm-none-eabi/lib/thumb/v7e-m/fpv4-sp/hard\libc_nano.a(lib_a-nano-msizer.o)
 .ARM.attributes
                0x00000e46       0x34 c:/ac6/systemworkbench/plugins/fr.ac6.mcu.externaltools.arm-none.win32_1.17.0.201812190825/tools/compiler/bin/../lib/gcc/arm-none-eabi/7.3.1/../../../../arm-none-eabi/lib/thumb/v7e-m/fpv4-sp/hard\libnosys.a(sbrk.o)
 .ARM.attributes
                0x00000e7a       0x22 c:/ac6/systemworkbench/plugins/fr.ac6.mcu.externaltools.arm-none.win32_1.17.0.201812190825/tools/compiler/bin/../lib/gcc/arm-none-eabi/7.3.1/thumb/v7e-m/fpv4-sp/hard/crtn.o
OUTPUT(SensorSquid.elf elf32-littlearm)

.debug_info     0x00000000    0x365c7
 .debug_info    0x00000000      0xa43 Drivers/STM32F4xx_HAL_Driver/Src/stm32f4xx_hal.o
 .debug_info    0x00000a43      0xe31 Drivers/STM32F4xx_HAL_Driver/Src/stm32f4xx_hal_adc.o
 .debug_info    0x00001874     0x113c Drivers/STM32F4xx_HAL_Driver/Src/stm32f4xx_hal_can.o
 .debug_info    0x000029b0      0xfaa Drivers/STM32F4xx_HAL_Driver/Src/stm32f4xx_hal_cortex.o
 .debug_info    0x0000395a      0xaad Drivers/STM32F4xx_HAL_Driver/Src/stm32f4xx_hal_dma.o
 .debug_info    0x00004407      0x81e Drivers/STM32F4xx_HAL_Driver/Src/stm32f4xx_hal_gpio.o
 .debug_info    0x00004c25      0xad4 Drivers/STM32F4xx_HAL_Driver/Src/stm32f4xx_hal_rcc.o
 .debug_info    0x000056f9      0xc44 Drivers/STM32F4xx_HAL_Driver/Src/stm32f4xx_hal_rcc_ex.o
 .debug_info    0x0000633d      0xf9e Drivers/STM32F4xx_HAL_Driver/Src/stm32f4xx_hal_rtc.o
 .debug_info    0x000072db     0x234c Drivers/STM32F4xx_HAL_Driver/Src/stm32f4xx_hal_sd.o
 .debug_info    0x00009627     0x3738 Drivers/STM32F4xx_HAL_Driver/Src/stm32f4xx_hal_tim.o
 .debug_info    0x0000cd5f     0x1877 Drivers/STM32F4xx_HAL_Driver/Src/stm32f4xx_hal_tim_ex.o
 .debug_info    0x0000e5d6     0x3944 Drivers/STM32F4xx_HAL_Driver/Src/stm32f4xx_hal_uart.o
 .debug_info    0x00011f1a     0x17ad Drivers/STM32F4xx_HAL_Driver/Src/stm32f4xx_ll_sdmmc.o