Archive member included to satisfy reference by file (symbol)

c:/ac6/systemworkbench/plugins/fr.ac6.mcu.externaltools.arm-none.win32_1.17.0.201812190825/tools/compiler/bin/../lib/gcc/arm-none-eabi/7.3.1/thumb/v7e-m/fpv4-sp/hard\libgcc.a(_arm_addsubdf3.o)
                              Src/sd_card.o (__aeabi_dadd)
c:/ac6/systemworkbench/plugins/fr.ac6.mcu.externaltools.arm-none.win32_1.17.0.201812190825/tools/compiler/bin/../lib/gcc/arm-none-eabi/7.3.1/thumb/v7e-m/fpv4-sp/hard\libgcc.a(_arm_muldivdf3.o)
                              Src/sd_card.o (__aeabi_ddiv)
c:/ac6/systemworkbench/plugins/fr.ac6.mcu.externaltools.arm-none.win32_1.17.0.201812190825/tools/compiler/bin/../lib/gcc/arm-none-eabi/7.3.1/thumb/v7e-m/fpv4-sp/hard\libgcc.a(_aeabi_uldivmod.o)
                              Drivers/STM32F4xx_HAL_Driver/Src/stm32f4xx_hal_rcc.o (__aeabi_uldivmod)
c:/ac6/systemworkbench/plugins/fr.ac6.mcu.externaltools.arm-none.win32_1.17.0.201812190825/tools/compiler/bin/../lib/gcc/arm-none-eabi/7.3.1/thumb/v7e-m/fpv4-sp/hard\libgcc.a(_udivmoddi4.o)
                              c:/ac6/systemworkbench/plugins/fr.ac6.mcu.externaltools.arm-none.win32_1.17.0.201812190825/tools/compiler/bin/../lib/gcc/arm-none-eabi/7.3.1/thumb/v7e-m/fpv4-sp/hard\libgcc.a(_aeabi_uldivmod.o) (__udivmoddi4)
c:/ac6/systemworkbench/plugins/fr.ac6.mcu.externaltools.arm-none.win32_1.17.0.201812190825/tools/compiler/bin/../lib/gcc/arm-none-eabi/7.3.1/thumb/v7e-m/fpv4-sp/hard\libgcc.a(_dvmd_tls.o)
                              c:/ac6/systemworkbench/plugins/fr.ac6.mcu.externaltools.arm-none.win32_1.17.0.201812190825/tools/compiler/bin/../lib/gcc/arm-none-eabi/7.3.1/thumb/v7e-m/fpv4-sp/hard\libgcc.a(_aeabi_uldivmod.o) (__aeabi_ldiv0)
c:/ac6/systemworkbench/plugins/fr.ac6.mcu.externaltools.arm-none.win32_1.17.0.201812190825/tools/compiler/bin/../lib/gcc/arm-none-eabi/7.3.1/../../../../arm-none-eabi/lib/thumb/v7e-m/fpv4-sp/hard\libc_nano.a(lib_a-exit.o)
                              c:/ac6/systemworkbench/plugins/fr.ac6.mcu.externaltools.arm-none.win32_1.17.0.201812190825/tools/compiler/bin/../lib/gcc/arm-none-eabi/7.3.1/../../../../arm-none-eabi/lib/thumb/v7e-m/fpv4-sp/hard/crt0.o (exit)
c:/ac6/systemworkbench/plugins/fr.ac6.mcu.externaltools.arm-none.win32_1.17.0.201812190825/tools/compiler/bin/../lib/gcc/arm-none-eabi/7.3.1/../../../../arm-none-eabi/lib/thumb/v7e-m/fpv4-sp/hard\libc_nano.a(lib_a-impure.o)
                              c:/ac6/systemworkbench/plugins/fr.ac6.mcu.externaltools.arm-none.win32_1.17.0.201812190825/tools/compiler/bin/../lib/gcc/arm-none-eabi/7.3.1/../../../../arm-none-eabi/lib/thumb/v7e-m/fpv4-sp/hard\libc_nano.a(lib_a-exit.o) (_global_impure_ptr)
c:/ac6/systemworkbench/plugins/fr.ac6.mcu.externaltools.arm-none.win32_1.17.0.201812190825/tools/compiler/bin/../lib/gcc/arm-none-eabi/7.3.1/../../../../arm-none-eabi/lib/thumb/v7e-m/fpv4-sp/hard\libc_nano.a(lib_a-init.o)
                              c:/ac6/systemworkbench/plugins/fr.ac6.mcu.externaltools.arm-none.win32_1.17.0.201812190825/tools/compiler/bin/../lib/gcc/arm-none-eabi/7.3.1/../../../../arm-none-eabi/lib/thumb/v7e-m/fpv4-sp/hard/crt0.o (__libc_init_array)
c:/ac6/systemworkbench/plugins/fr.ac6.mcu.externaltools.arm-none.win32_1.17.0.201812190825/tools/compiler/bin/../lib/gcc/arm-none-eabi/7.3.1/../../../../arm-none-eabi/lib/thumb/v7e-m/fpv4-sp/hard\libc_nano.a(lib_a-memcpy-stub.o)
                              Middlewares/Third_Party/FreeRTOS/Source/queue.o (memcpy)
c:/ac6/systemworkbench/plugins/fr.ac6.mcu.externaltools.arm-none.win32_1.17.0.201812190825/tools/compiler/bin/../lib/gcc/arm-none-eabi/7.3.1/../../../../arm-none-eabi/lib/thumb/v7e-m/fpv4-sp/hard\libc_nano.a(lib_a-memset.o)
                              c:/ac6/systemworkbench/plugins/fr.ac6.mcu.externaltools.arm-none.win32_1.17.0.201812190825/tools/compiler/bin/../lib/gcc/arm-none-eabi/7.3.1/../../../../arm-none-eabi/lib/thumb/v7e-m/fpv4-sp/hard/crt0.o (memset)
c:/ac6/systemworkbench/plugins/fr.ac6.mcu.externaltools.arm-none.win32_1.17.0.201812190825/tools/compiler/bin/../lib/gcc/arm-none-eabi/7.3.1/../../../../arm-none-eabi/lib/thumb/v7e-m/fpv4-sp/hard\libc_nano.a(lib_a-reent.o)
                              Middlewares/Third_Party/FreeRTOS/Source/tasks.o (_reclaim_reent)
c:/ac6/systemworkbench/plugins/fr.ac6.mcu.externaltools.arm-none.win32_1.17.0.201812190825/tools/compiler/bin/../lib/gcc/arm-none-eabi/7.3.1/../../../../arm-none-eabi/lib/thumb/v7e-m/fpv4-sp/hard\libc_nano.a(lib_a-sprintf.o)
                              Src/sd_card.o (sprintf)
c:/ac6/systemworkbench/plugins/fr.ac6.mcu.externaltools.arm-none.win32_1.17.0.201812190825/tools/compiler/bin/../lib/gcc/arm-none-eabi/7.3.1/../../../../arm-none-eabi/lib/thumb/v7e-m/fpv4-sp/hard\libc_nano.a(lib_a-strlen.o)
                              Src/sd_card.o (strlen)
[...]
Memory Configuration

Name             Origin             Length             Attributes
RAM              0x20000000         0x00020000         xrw
FLASH            0x08000000         0x00080000         xr
*default*        0x00000000         0xffffffff

Linker script and memory map

LOAD c:/ac6/systemworkbench/plugins/fr.ac6.mcu.externaltools.arm-none.win32_1.17.0.201812190825/tools/compiler/bin/../lib/gcc/arm-none-eabi/7.3.1/thumb/v7e-m/fpv4-sp/hard/crti.o
LOAD c:/ac6/systemworkbench/plugins/fr.ac6.mcu.externaltools.arm-none.win32_1.17.0.201812190825/tools/compiler/bin/../lib/gcc/arm-none-eabi/7.3.1/thumb/v7e-m/fpv4-sp/hard/crtbegin.o
LOAD c:/ac6/systemworkbench/plugins/fr.ac6.mcu.externaltools.arm-none.win32_1.17.0.201812190825/tools/compiler/bin/../lib/gcc/arm-none-eabi/7.3.1/../../../../arm-none-eabi/lib/thumb/v7e-m/fpv4-sp/hard/crt0.o
LOAD Drivers/STM32F4xx_HAL_Driver/Src/stm32f4xx_hal.o
LOAD Drivers/STM32F4xx_HAL_Driver/Src/stm32f4xx_hal_adc.o
LOAD Drivers/STM32F4xx_HAL_Driver/Src/stm32f4xx_hal_adc_ex.o
LOAD Drivers/STM32F4xx_HAL_Driver/Src/stm32f4xx_hal_can.o
LOAD Drivers/STM32F4xx_HAL_Driver/Src/stm32f4xx_hal_cortex.o
LOAD Drivers/STM32F4xx_HAL_Driver/Src/stm32f4xx_hal_dma.o
LOAD Drivers/STM32F4xx_HAL_Driver/Src/stm32f4xx_hal_dma_ex.o
LOAD Drivers/STM32F4xx_HAL_Driver/Src/stm32f4xx_hal_exti.o
LOAD Drivers/STM32F4xx_HAL_Driver/Src/stm32f4xx_hal_flash.o
LOAD Drivers/STM32F4xx_HAL_Driver/Src/stm32f4xx_hal_flash_ex.o
LOAD Drivers/STM32F4xx_HAL_Driver/Src/stm32f4xx_hal_flash_ramfunc.o
LOAD Drivers/STM32F4xx_HAL_Driver/Src/stm32f4xx_hal_gpio.o
LOAD Drivers/STM32F4xx_HAL_Driver/Src/stm32f4xx_hal_pwr.o
LOAD Drivers/STM32F4xx_HAL_Driver/Src/stm32f4xx_hal_pwr_ex.o
LOAD Drivers/STM32F4xx_HAL_Driver/Src/stm32f4xx_hal_rcc.o
LOAD Drivers/STM32F4xx_HAL_Driver/Src/stm32f4xx_hal_rcc_ex.o
LOAD Drivers/STM32F4xx_HAL_Driver/Src/stm32f4xx_hal_rtc.o
LOAD Drivers/STM32F4xx_HAL_Driver/Src/stm32f4xx_hal_rtc_ex.o
LOAD Drivers/STM32F4xx_HAL_Driver/Src/stm32f4xx_hal_sd.o
LOAD Drivers/STM32F4xx_HAL_Driver/Src/stm32f4xx_hal_tim.o
LOAD Drivers/STM32F4xx_HAL_Driver/Src/stm32f4xx_hal_tim_ex.o
LOAD Drivers/STM32F4xx_HAL_Driver/Src/stm32f4xx_hal_uart.o
LOAD Drivers/STM32F4xx_HAL_Driver/Src/stm32f4xx_ll_adc.o
LOAD Drivers/STM32F4xx_HAL_Driver/Src/stm32f4xx_ll_sdmmc.o
LOAD Middlewares/Third_Party/FatFs/src/diskio.o
LOAD Middlewares/Third_Party/FatFs/src/ff.o
LOAD Middlewares/Third_Party/FatFs/src/ff_gen_drv.o
LOAD Middlewares/Third_Party/FatFs/src/option/ccsbcs.o
LOAD Middlewares/Third_Party/FatFs/src/option/syscall.o
LOAD Middlewares/Third_Party/FreeRTOS/Source/CMSIS_RTOS/cmsis_os.o
LOAD Middlewares/Third_Party/FreeRTOS/Source/croutine.o
LOAD Middlewares/Third_Party/FreeRTOS/Source/event_groups.o
LOAD Middlewares/Third_Party/FreeRTOS/Source/list.o
LOAD Middlewares/Third_Party/FreeRTOS/Source/queue.o
LOAD Middlewares/Third_Party/FreeRTOS/Source/stream_buffer.o
LOAD Middlewares/Third_Party/FreeRTOS/Source/tasks.o
LOAD Middlewares/Third_Party/FreeRTOS/Source/timers.o
LOAD Middlewares/Third_Party/FreeRTOS/Source/portable/GCC/ARM_CM4F/port.o
LOAD Middlewares/Third_Party/FreeRTOS/Source/portable/MemMang/heap_4.o
LOAD Src/adc.o
LOAD Src/bsp_driver_sd.o
LOAD Src/can.o
LOAD Src/dma.o
LOAD Src/fatfs.o
LOAD Src/fatfs_platform.o
LOAD Src/freertos.o
LOAD Src/gpio.o
LOAD Src/main.o
LOAD Src/rtc.o
LOAD Src/sd_card.o
LOAD Src/sd_diskio.o
LOAD Src/sdio.o
LOAD Src/stm32f4xx_hal_msp.o
LOAD Src/stm32f4xx_hal_timebase_tim.o
LOAD Src/stm32f4xx_it.o
LOAD Src/system_stm32f4xx.o
LOAD Src/usart.o
LOAD startup/startup_stm32f446xx.o
LOAD c:/ac6/systemworkbench/plugins/fr.ac6.mcu.externaltools.arm-none.win32_1.17.0.201812190825/tools/compiler/bin/../lib/gcc/arm-none-eabi/7.3.1/../../../../arm-none-eabi/lib/thumb/v7e-m/fpv4-sp/hard\libm.a
START GROUP
LOAD c:/ac6/systemworkbench/plugins/fr.ac6.mcu.externaltools.arm-none.win32_1.17.0.201812190825/tools/compiler/bin/../lib/gcc/arm-none-eabi/7.3.1/thumb/v7e-m/fpv4-sp/hard\libgcc.a
LOAD c:/ac6/systemworkbench/plugins/fr.ac6.mcu.externaltools.arm-none.win32_1.17.0.201812190825/tools/compiler/bin/../lib/gcc/arm-none-eabi/7.3.1/../../../../arm-none-eabi/lib/thumb/v7e-m/fpv4-sp/hard\libc_nano.a
END GROUP
START GROUP
LOAD c:/ac6/systemworkbench/plugins/fr.ac6.mcu.externaltools.arm-none.win32_1.17.0.201812190825/tools/compiler/bin/../lib/gcc/arm-none-eabi/7.3.1/thumb/v7e-m/fpv4-sp/hard\libgcc.a
LOAD c:/ac6/systemworkbench/plugins/fr.ac6.mcu.externaltools.arm-none.win32_1.17.0.201812190825/tools/compiler/bin/../lib/gcc/arm-none-eabi/7.3.1/../../../../arm-none-eabi/lib/thumb/v7e-m/fpv4-sp/hard\libc_nano.a
LOAD c:/ac6/systemworkbench/plugins/fr.ac6.mcu.externaltools.arm-none.win32_1.17.0.201812190825/tools/compiler/bin/../lib/gcc/arm-none-eabi/7.3.1/../../../../arm-none-eabi/lib/thumb/v7e-m/fpv4-sp/hard\libnosys.a
END GROUP
START GROUP
LOAD c:/ac6/systemworkbench/plugins/fr.ac6.mcu.externaltools.arm-none.win32_1.17.0.201812190825/tools/compiler/bin/../lib/gcc/arm-none-eabi/7.3.1/thumb/v7e-m/fpv4-sp/hard\libgcc.a
LOAD c:/ac6/systemworkbench/plugins/fr.ac6.mcu.externaltools.arm-none.win32_1.17.0.201812190825/tools/compiler/bin/../lib/gcc/arm-none-eabi/7.3.1/../../../../arm-none-eabi/lib/thumb/v7e-m/fpv4-sp/hard\libc_nano.a
LOAD c:/ac6/systemworkbench/plugins/fr.ac6.mcu.externaltools.arm-none.win32_1.17.0.201812190825/tools/compiler/bin/../lib/gcc/arm-none-eabi/7.3.1/../../../../arm-none-eabi/lib/thumb/v7e-m/fpv4-sp/hard\libnosys.a
END GROUP
LOAD c:/ac6/systemworkbench/plugins/fr.ac6.mcu.externaltools.arm-none.win32_1.17.0.201812190825/tools/compiler/bin/../lib/gcc/arm-none-eabi/7.3.1/thumb/v7e-m/fpv4-sp/hard/crtend.o
LOAD c:/ac6/systemworkbench/plugins/fr.ac6.mcu.externaltools.arm-none.win32_1.17.0.201812190825/tools/compiler/bin/../lib/gcc/arm-none-eabi/7.3.1/thumb/v7e-m/fpv4-sp/hard/crtn.o
                0x20020000                _estack = 0x20020000
                0x00000200                _Min_Heap_Size = 0x200
                0x00000400                _Min_Stack_Size = 0x400

.isr_vector     0x08000000      0x1c4
                0x08000000                . = ALIGN (0x4)
 *(.isr_vector)
 .isr_vector    0x08000000      0x1c4 startup/startup_stm32f446xx.o
                0x08000000                g_pfnVectors
                0x080001c4                . = ALIGN (0x4)

.text           0x080001d0     0xa098
                0x080001d0                . = ALIGN (0x4)
 *(.text)
 .text          0x080001d0       0x40 c:/ac6/systemworkbench/plugins/fr.ac6.mcu.externaltools.arm-none.win32_1.17.0.201812190825/tools/compiler/bin/../lib/gcc/arm-none-eabi/7.3.1/thumb/v7e-m/fpv4-sp/hard/crtbegin.o
 .text          0x08000210      0x378 c:/ac6/systemworkbench/plugins/fr.ac6.mcu.externaltools.arm-none.win32_1.17.0.201812190825/tools/compiler/bin/../lib/gcc/arm-none-eabi/7.3.1/thumb/v7e-m/fpv4-sp/hard\libgcc.a(_arm_addsubdf3.o)
                0x08000210                __aeabi_drsub
                0x08000218                __aeabi_dsub
                0x08000218                __subdf3
                0x0800021c                __aeabi_dadd
                0x0800021c                __adddf3
                0x08000494                __floatunsidf
                0x08000494                __aeabi_ui2d
                0x080004b4                __floatsidf
                0x080004b4                __aeabi_i2d
                0x080004d8                __aeabi_f2d
                0x080004d8                __extendsfdf2
                0x0800051c                __floatundidf
                0x0800051c                __aeabi_ul2d
                0x0800052c                __floatdidf
                0x0800052c                __aeabi_l2d
 .text          0x08000588      0x424 c:/ac6/systemworkbench/plugins/fr.ac6.mcu.externaltools.arm-none.win32_1.17.0.201812190825/tools/compiler/bin/../lib/gcc/arm-none-eabi/7.3.1/thumb/v7e-m/fpv4-sp/hard\libgcc.a(_arm_muldivdf3.o)
                0x08000588                __aeabi_dmul
                0x08000588                __muldf3
                0x080007dc                __divdf3
                0x080007dc                __aeabi_ddiv
 .text          0x080009ac       0x30 c:/ac6/systemworkbench/plugins/fr.ac6.mcu.externaltools.arm-none.win32_1.17.0.201812190825/tools/compiler/bin/../lib/gcc/arm-none-eabi/7.3.1/thumb/v7e-m/fpv4-sp/hard\libgcc.a(_aeabi_uldivmod.o)
                0x080009ac                __aeabi_uldivmod
 .text          0x080009dc      0x2cc c:/ac6/systemworkbench/plugins/fr.ac6.mcu.externaltools.arm-none.win32_1.17.0.201812190825/tools/compiler/bin/../lib/gcc/arm-none-eabi/7.3.1/thumb/v7e-m/fpv4-sp/hard\libgcc.a(_udivmoddi4.o)
                0x080009dc                __udivmoddi4
 .text          0x08000ca8        0x4 c:/ac6/systemworkbench/plugins/fr.ac6.mcu.externaltools.arm-none.win32_1.17.0.201812190825/tools/compiler/bin/../lib/gcc/arm-none-eabi/7.3.1/thumb/v7e-m/fpv4-sp/hard\libgcc.a(_dvmd_tls.o)
                0x08000ca8                __aeabi_idiv0
                0x08000ca8                __aeabi_ldiv0
 .text          0x08000cac       0x10 c:/ac6/systemworkbench/plugins/fr.ac6.mcu.externaltools.arm-none.win32_1.17.0.201812190825/tools/compiler/bin/../lib/gcc/arm-none-eabi/7.3.1/../../../../arm-none-eabi/lib/thumb/v7e-m/fpv4-sp/hard\libc_nano.a(lib_a-strlen.o)
                0x08000cac                strlen
 *fill*         0x08000cbc        0x4 
 .text          0x08000cc0       0xa0 c:/ac6/systemworkbench/plugins/fr.ac6.mcu.externaltools.arm-none.win32_1.17.0.201812190825/tools/compiler/bin/../lib/gcc/arm-none-eabi/7.3.1/../../../../arm-none-eabi/lib/thumb/v7e-m/fpv4-sp/hard\libc_nano.a(lib_a-memchr.o)
                0x08000cc0                memchr
 *(.text*)
 .text.HAL_Init
                0x08000d60       0x34 Drivers/STM32F4xx_HAL_Driver/Src/stm32f4xx_hal.o
                0x08000d60                HAL_Init
 .text.HAL_IncTick
                0x08000d94       0x18 Drivers/STM32F4xx_HAL_Driver/Src/stm32f4xx_hal.o
                0x08000d94                HAL_IncTick
 .text.HAL_GetTick
                0x08000dac        0xc Drivers/STM32F4xx_HAL_Driver/Src/stm32f4xx_hal.o
                0x08000dac                HAL_GetTick
 .text.HAL_Delay
                0x08000db8       0x28 Drivers/STM32F4xx_HAL_Driver/Src/stm32f4xx_hal.o
                0x08000db8                HAL_Delay
 .text.ADC_Init
                0x08000de0      0x134 Drivers/STM32F4xx_HAL_Driver/Src/stm32f4xx_hal_adc.o
 .text.HAL_ADC_Init
                0x08000f14       0x56 Drivers/STM32F4xx_HAL_Driver/Src/stm32f4xx_hal_adc.o
                0x08000f14                HAL_ADC_Init
 *fill*         0x08000f6a        0x2 
 .text.HAL_ADC_ConfigChannel
                0x08000f6c      0x1a4 Drivers/STM32F4xx_HAL_Driver/Src/stm32f4xx_hal_adc.o
                0x08000f6c                HAL_ADC_ConfigChannel
 .text.HAL_CAN_Init
                0x08001110      0x14c Drivers/STM32F4xx_HAL_Driver/Src/stm32f4xx_hal_can.o
                0x08001110                HAL_CAN_Init
 .text.HAL_NVIC_SetPriorityGrouping
                0x0800125c       0x24 Drivers/STM32F4xx_HAL_Driver/Src/stm32f4xx_hal_cortex.o
                0x0800125c                HAL_NVIC_SetPriorityGrouping
 .text.HAL_NVIC_SetPriority
                0x08001280       0x68 Drivers/STM32F4xx_HAL_Driver/Src/stm32f4xx_hal_cortex.o
                0x08001280                HAL_NVIC_SetPriority
 .text.HAL_NVIC_EnableIRQ
                0x080012e8       0x1c Drivers/STM32F4xx_HAL_Driver/Src/stm32f4xx_hal_cortex.o
                0x080012e8                HAL_NVIC_EnableIRQ
 .text.DMA_SetConfig
                0x08001304       0x2c Drivers/STM32F4xx_HAL_Driver/Src/stm32f4xx_hal_dma.o
 .text.DMA_CalcBaseAndBitshift
                0x08001330       0x3c Drivers/STM32F4xx_HAL_Driver/Src/stm32f4xx_hal_dma.o
 .text.DMA_CheckFifoParam
                0x0800136c       0x8e Drivers/STM32F4xx_HAL_Driver/Src/stm32f4xx_hal_dma.o
 *fill*         0x080013fa        0x2 
 .text.HAL_DMA_Init
                0x080013fc       0xcc Drivers/STM32F4xx_HAL_Driver/Src/stm32f4xx_hal_dma.o
                0x080013fc                HAL_DMA_Init
 .text.HAL_DMA_Start_IT
                0x080014c8       0x6a Drivers/STM32F4xx_HAL_Driver/Src/stm32f4xx_hal_dma.o
                0x080014c8                HAL_DMA_Start_IT
 .text.HAL_DMA_Abort_IT
                0x08001532       0x26 Drivers/STM32F4xx_HAL_Driver/Src/stm32f4xx_hal_dma.o
                0x08001532                HAL_DMA_Abort_IT
 .text.HAL_DMA_IRQHandler
                0x08001558      0x1dc Drivers/STM32F4xx_HAL_Driver/Src/stm32f4xx_hal_dma.o
                0x08001558                HAL_DMA_IRQHandler
 .text.HAL_DMA_GetError
                0x08001734        0x4 Drivers/STM32F4xx_HAL_Driver/Src/stm32f4xx_hal_dma.o
                0x08001734                HAL_DMA_GetError
 .text.HAL_GPIO_Init
                0x08001738      0x1c8 Drivers/STM32F4xx_HAL_Driver/Src/stm32f4xx_hal_gpio.o
                0x08001738                HAL_GPIO_Init
 .text.HAL_GPIO_ReadPin
                0x08001900        0xe Drivers/STM32F4xx_HAL_Driver/Src/stm32f4xx_hal_gpio.o
                0x08001900                HAL_GPIO_ReadPin
 *fill*         0x0800190e        0x2 
 .text.HAL_RCC_ClockConfig
                0x08001910      0x160 Drivers/STM32F4xx_HAL_Driver/Src/stm32f4xx_hal_rcc.o
                0x08001910                HAL_RCC_ClockConfig
 .text.HAL_RCC_GetHCLKFreq
                0x08001a70        0xc Drivers/STM32F4xx_HAL_Driver/Src/stm32f4xx_hal_rcc.o
                0x08001a70                HAL_RCC_GetHCLKFreq
 .text.HAL_RCC_GetPCLK1Freq
                0x08001a7c       0x20 Drivers/STM32F4xx_HAL_Driver/Src/stm32f4xx_hal_rcc.o
                0x08001a7c                HAL_RCC_GetPCLK1Freq
 .text.HAL_RCC_GetPCLK2Freq
                0x08001a9c       0x20 Drivers/STM32F4xx_HAL_Driver/Src/stm32f4xx_hal_rcc.o
                0x08001a9c                HAL_RCC_GetPCLK2Freq
 .text.HAL_RCC_GetClockConfig
                0x08001abc       0x3c Drivers/STM32F4xx_HAL_Driver/Src/stm32f4xx_hal_rcc.o
                0x08001abc                HAL_RCC_GetClockConfig
 .text.HAL_RCCEx_PeriphCLKConfig
                0x08001af8      0x47c Drivers/STM32F4xx_HAL_Driver/Src/stm32f4xx_hal_rcc_ex.o
                0x08001af8                HAL_RCCEx_PeriphCLKConfig
 .text.HAL_RCC_GetSysClockFreq
                0x08001f74      0x184 Drivers/STM32F4xx_HAL_Driver/Src/stm32f4xx_hal_rcc_ex.o
                0x08001f74                HAL_RCC_GetSysClockFreq
 .text.HAL_RCC_OscConfig
                0x080020f8      0x43c Drivers/STM32F4xx_HAL_Driver/Src/stm32f4xx_hal_rcc_ex.o
                0x080020f8                HAL_RCC_OscConfig
 .text.HAL_RTC_WaitForSynchro
                0x08002534       0x32 Drivers/STM32F4xx_HAL_Driver/Src/stm32f4xx_hal_rtc.o
                0x08002534                HAL_RTC_WaitForSynchro
 .text.RTC_EnterInitMode
                0x08002566       0x46 Drivers/STM32F4xx_HAL_Driver/Src/stm32f4xx_hal_rtc.o
                0x08002566                RTC_EnterInitMode
 .text.RTC_ExitInitMode
                0x080025ac       0x30 Drivers/STM32F4xx_HAL_Driver/Src/stm32f4xx_hal_rtc.o
                0x080025ac                RTC_ExitInitMode
 .text.HAL_RTC_Init
                0x080025dc       0x94 Drivers/STM32F4xx_HAL_Driver/Src/stm32f4xx_hal_rtc.o
                0x080025dc                HAL_RTC_Init
 .text.RTC_ByteToBcd2
                0x08002670       0x18 Drivers/STM32F4xx_HAL_Driver/Src/stm32f4xx_hal_rtc.o
                0x08002670                RTC_ByteToBcd2
 .text.HAL_RTC_SetTime
                0x08002688       0xc6 Drivers/STM32F4xx_HAL_Driver/Src/stm32f4xx_hal_rtc.o
                0x08002688                HAL_RTC_SetTime
 .text.HAL_RTC_SetDate
                0x0800274e       0xa4 Drivers/STM32F4xx_HAL_Driver/Src/stm32f4xx_hal_rtc.o
                0x0800274e                HAL_RTC_SetDate
 .text.RTC_Bcd2ToByte
                0x080027f2       0x12 Drivers/STM32F4xx_HAL_Driver/Src/stm32f4xx_hal_rtc.o
                0x080027f2                RTC_Bcd2ToByte
 .text.HAL_RTC_GetTime
                0x08002804       0x52 Drivers/STM32F4xx_HAL_Driver/Src/stm32f4xx_hal_rtc.o
                0x08002804                HAL_RTC_GetTime
 .text.SD_DMATransmitCplt
                0x08002856        0xe Drivers/STM32F4xx_HAL_Driver/Src/stm32f4xx_hal_sd.o
 .text.SD_PowerON
                0x08002864       0xc0 Drivers/STM32F4xx_HAL_Driver/Src/stm32f4xx_hal_sd.o
 .text.SD_Read_IT
                0x08002924       0x36 Drivers/STM32F4xx_HAL_Driver/Src/stm32f4xx_hal_sd.o
 .text.SD_Write_IT
                0x0800295a       0x48 Drivers/STM32F4xx_HAL_Driver/Src/stm32f4xx_hal_sd.o
 .text.SD_FindSCR
                0x080029a2      0x10a Drivers/STM32F4xx_HAL_Driver/Src/stm32f4xx_hal_sd.o
 .text.SD_WideBus_Enable
                0x08002aac       0x56 Drivers/STM32F4xx_HAL_Driver/Src/stm32f4xx_hal_sd.o
 .text.SD_WideBus_Disable
                0x08002b02       0x56 Drivers/STM32F4xx_HAL_Driver/Src/stm32f4xx_hal_sd.o
 .text.SD_SendStatus
                0x08002b58       0x2c Drivers/STM32F4xx_HAL_Driver/Src/stm32f4xx_hal_sd.o
 .text.HAL_SD_ReadBlocks_DMA
                0x08002b84      0x130 Drivers/STM32F4xx_HAL_Driver/Src/stm32f4xx_hal_sd.o
                0x08002b84                HAL_SD_ReadBlocks_DMA
 .text.HAL_SD_WriteBlocks_DMA
                0x08002cb4      0x130 Drivers/STM32F4xx_HAL_Driver/Src/stm32f4xx_hal_sd.o
                0x08002cb4                HAL_SD_WriteBlocks_DMA
 .text.HAL_SD_ErrorCallback
                0x08002de4        0x2 Drivers/STM32F4xx_HAL_Driver/Src/stm32f4xx_hal_sd.o
                0x08002de4                HAL_SD_ErrorCallback
 .text.SD_DMAReceiveCplt
                0x08002de6       0x48 Drivers/STM32F4xx_HAL_Driver/Src/stm32f4xx_hal_sd.o
 *fill*         0x08002e2e        0x2 
 .text.HAL_SD_GetCardCSD
                0x08002e30      0x1bc Drivers/STM32F4xx_HAL_Driver/Src/stm32f4xx_hal_sd.o
                0x08002e30                HAL_SD_GetCardCSD
 .text.SD_InitCard
                0x08002fec      0x100 Drivers/STM32F4xx_HAL_Driver/Src/stm32f4xx_hal_sd.o
 .text.HAL_SD_InitCard
                0x080030ec       0xa8 Drivers/STM32F4xx_HAL_Driver/Src/stm32f4xx_hal_sd.o
                0x080030ec                HAL_SD_InitCard
 .text.HAL_SD_Init
                0x08003194       0x3e Drivers/STM32F4xx_HAL_Driver/Src/stm32f4xx_hal_sd.o
                0x08003194                HAL_SD_Init
 .text.HAL_SD_GetCardInfo
                0x080031d2       0x24 Drivers/STM32F4xx_HAL_Driver/Src/stm32f4xx_hal_sd.o
                0x080031d2                HAL_SD_GetCardInfo
 *fill*         0x080031f6        0x2 
 .text.HAL_SD_ConfigWideBusOperation
                0x080031f8       0xc0 Drivers/STM32F4xx_HAL_Driver/Src/stm32f4xx_hal_sd.o
                0x080031f8                HAL_SD_ConfigWideBusOperation
 .text.HAL_SD_GetCardState
                0x080032b8       0x26 Drivers/STM32F4xx_HAL_Driver/Src/stm32f4xx_hal_sd.o
                0x080032b8                HAL_SD_GetCardState
 *fill*         0x080032de        0x2 
 .text.SD_DMAError
                0x080032e0       0x68 Drivers/STM32F4xx_HAL_Driver/Src/stm32f4xx_hal_sd.o
 .text.SD_DMATxAbort
                0x08003348       0x44 Drivers/STM32F4xx_HAL_Driver/Src/stm32f4xx_hal_sd.o
 .text.SD_DMARxAbort
                0x0800338c       0x44 Drivers/STM32F4xx_HAL_Driver/Src/stm32f4xx_hal_sd.o
 .text.HAL_SD_IRQHandler
                0x080033d0      0x1c8 Drivers/STM32F4xx_HAL_Driver/Src/stm32f4xx_hal_sd.o
                0x080033d0                HAL_SD_IRQHandler
 .text.HAL_TIM_Base_MspInit
                0x08003598        0x2 Drivers/STM32F4xx_HAL_Driver/Src/stm32f4xx_hal_tim.o
                0x08003598                HAL_TIM_Base_MspInit
 *fill*         0x0800359a        0x2 
 .text.HAL_TIM_Base_Start_IT
                0x0800359c       0x88 Drivers/STM32F4xx_HAL_Driver/Src/stm32f4xx_hal_tim.o
                0x0800359c                HAL_TIM_Base_Start_IT
 .text.HAL_TIM_OC_DelayElapsedCallback
                0x08003624        0x2 Drivers/STM32F4xx_HAL_Driver/Src/stm32f4xx_hal_tim.o
                0x08003624                HAL_TIM_OC_DelayElapsedCallback
 .text.HAL_TIM_IC_CaptureCallback
                0x08003626        0x2 Drivers/STM32F4xx_HAL_Driver/Src/stm32f4xx_hal_tim.o
                0x08003626                HAL_TIM_IC_CaptureCallback
 .text.HAL_TIM_PWM_PulseFinishedCallback
                0x08003628        0x2 Drivers/STM32F4xx_HAL_Driver/Src/stm32f4xx_hal_tim.o
                0x08003628                HAL_TIM_PWM_PulseFinishedCallback
 .text.HAL_TIM_TriggerCallback
                0x0800362a        0x2 Drivers/STM32F4xx_HAL_Driver/Src/stm32f4xx_hal_tim.o
                0x0800362a                HAL_TIM_TriggerCallback
 .text.HAL_TIM_IRQHandler
                0x0800362c      0x17a Drivers/STM32F4xx_HAL_Driver/Src/stm32f4xx_hal_tim.o
                0x0800362c                HAL_TIM_IRQHandler
 *fill*         0x080037a6        0x2 
 .text.TIM_Base_SetConfig
                0x080037a8       0xc8 Drivers/STM32F4xx_HAL_Driver/Src/stm32f4xx_hal_tim.o
                0x080037a8                TIM_Base_SetConfig
 .text.HAL_TIM_Base_Init
                0x08003870       0x56 Drivers/STM32F4xx_HAL_Driver/Src/stm32f4xx_hal_tim.o
                0x08003870                HAL_TIM_Base_Init
 .text.HAL_TIMEx_CommutCallback
                0x080038c6        0x2 Drivers/STM32F4xx_HAL_Driver/Src/stm32f4xx_hal_tim_ex.o
                0x080038c6                HAL_TIMEx_CommutCallback
 .text.HAL_TIMEx_BreakCallback
                0x080038c8        0x2 Drivers/STM32F4xx_HAL_Driver/Src/stm32f4xx_hal_tim_ex.o
                0x080038c8                HAL_TIMEx_BreakCallback
 *fill*         0x080038ca        0x2 
 .text.UART_SetConfig
                0x080038cc      0x134 Drivers/STM32F4xx_HAL_Driver/Src/stm32f4xx_hal_uart.o
 .text.HAL_UART_Init
                0x08003a00       0x5e Drivers/STM32F4xx_HAL_Driver/Src/stm32f4xx_hal_uart.o
                0x08003a00                HAL_UART_Init
 *fill*         0x08003a5e        0x2 
 .text.SDMMC_GetCmdError
                0x08003a60       0x38 Drivers/STM32F4xx_HAL_Driver/Src/stm32f4xx_ll_sdmmc.o
 .text.SDIO_Init
                0x08003a98       0x38 Drivers/STM32F4xx_HAL_Driver/Src/stm32f4xx_ll_sdmmc.o
                0x08003a98                SDIO_Init
 .text.SDIO_ReadFIFO
                0x08003ad0        0x6 Drivers/STM32F4xx_HAL_Driver/Src/stm32f4xx_ll_sdmmc.o
                0x08003ad0                SDIO_ReadFIFO
 .text.SDIO_WriteFIFO
                0x08003ad6        0xa Drivers/STM32F4xx_HAL_Driver/Src/stm32f4xx_ll_sdmmc.o
                0x08003ad6                SDIO_WriteFIFO
 .text.SDIO_PowerState_ON
                0x08003ae0        0x8 Drivers/STM32F4xx_HAL_Driver/Src/stm32f4xx_ll_sdmmc.o
                0x08003ae0                SDIO_PowerState_ON
 .text.SDIO_GetPowerState
                0x08003ae8        0x8 Drivers/STM32F4xx_HAL_Driver/Src/stm32f4xx_ll_sdmmc.o
                0x08003ae8                SDIO_GetPowerState
 .text.SDIO_SendCommand
                0x08003af0       0x24 Drivers/STM32F4xx_HAL_Driver/Src/stm32f4xx_ll_sdmmc.o
                0x08003af0                SDIO_SendCommand
 .text.SDIO_GetCommandResponse
                0x08003b14        0x6 Drivers/STM32F4xx_HAL_Driver/Src/stm32f4xx_ll_sdmmc.o
                0x08003b14                SDIO_GetCommandResponse
 .text.SDIO_GetResponse
                0x08003b1a        0x6 Drivers/STM32F4xx_HAL_Driver/Src/stm32f4xx_ll_sdmmc.o
                0x08003b1a                SDIO_GetResponse
 .text.SDIO_ConfigData
                0x08003b20       0x24 Drivers/STM32F4xx_HAL_Driver/Src/stm32f4xx_ll_sdmmc.o
                0x08003b20                SDIO_ConfigData
 .text.SDMMC_CmdGoIdleState
                0x08003b44       0x26 Drivers/STM32F4xx_HAL_Driver/Src/stm32f4xx_ll_sdmmc.o
                0x08003b44                SDMMC_CmdGoIdleState
 *fill*         0x08003b6a        0x2 
 .text.SDMMC_GetCmdResp1
                0x08003b6c      0x158 Drivers/STM32F4xx_HAL_Driver/Src/stm32f4xx_ll_sdmmc.o
                0x08003b6c                SDMMC_GetCmdResp1
 .text.SDMMC_CmdBlockLength
                0x08003cc4       0x30 Drivers/STM32F4xx_HAL_Driver/Src/stm32f4xx_ll_sdmmc.o
                0x08003cc4                SDMMC_CmdBlockLength
 .text.SDMMC_CmdReadSingleBlock
                0x08003cf4       0x30 Drivers/STM32F4xx_HAL_Driver/Src/stm32f4xx_ll_sdmmc.o
                0x08003cf4                SDMMC_CmdReadSingleBlock
 .text.SDMMC_CmdReadMultiBlock
                0x08003d24       0x30 Drivers/STM32F4xx_HAL_Driver/Src/stm32f4xx_ll_sdmmc.o
                0x08003d24                SDMMC_CmdReadMultiBlock
 .text.SDMMC_CmdWriteSingleBlock
                0x08003d54       0x30 Drivers/STM32F4xx_HAL_Driver/Src/stm32f4xx_ll_sdmmc.o
                0x08003d54                SDMMC_CmdWriteSingleBlock
 .text.SDMMC_CmdWriteMultiBlock
                0x08003d84       0x30 Drivers/STM32F4xx_HAL_Driver/Src/stm32f4xx_ll_sdmmc.o
                0x08003d84                SDMMC_CmdWriteMultiBlock
 .text.SDMMC_CmdStopTransfer
                0x08003db4       0x34 Drivers/STM32F4xx_HAL_Driver/Src/stm32f4xx_ll_sdmmc.o
                0x08003db4                SDMMC_CmdStopTransfer
 .text.SDMMC_CmdSelDesel
                0x08003de8       0x30 Drivers/STM32F4xx_HAL_Driver/Src/stm32f4xx_ll_sdmmc.o
                0x08003de8                SDMMC_CmdSelDesel
 .text.SDMMC_CmdAppCommand
                0x08003e18       0x30 Drivers/STM32F4xx_HAL_Driver/Src/stm32f4xx_ll_sdmmc.o
                0x08003e18                SDMMC_CmdAppCommand
 .text.SDMMC_CmdBusWidth
                0x08003e48       0x30 Drivers/STM32F4xx_HAL_Driver/Src/stm32f4xx_ll_sdmmc.o
                0x08003e48                SDMMC_CmdBusWidth
 .text.SDMMC_CmdSendSCR
                0x08003e78       0x30 Drivers/STM32F4xx_HAL_Driver/Src/stm32f4xx_ll_sdmmc.o
                0x08003e78                SDMMC_CmdSendSCR
 .text.SDMMC_CmdSendStatus
                0x08003ea8       0x30 Drivers/STM32F4xx_HAL_Driver/Src/stm32f4xx_ll_sdmmc.o
                0x08003ea8                SDMMC_CmdSendStatus
 .text.SDMMC_GetCmdResp2
                0x08003ed8       0x60 Drivers/STM32F4xx_HAL_Driver/Src/stm32f4xx_ll_sdmmc.o
                0x08003ed8                SDMMC_GetCmdResp2
 .text.SDMMC_CmdSendCID
                0x08003f38       0x2a Drivers/STM32F4xx_HAL_Driver/Src/stm32f4xx_ll_sdmmc.o
                0x08003f38                SDMMC_CmdSendCID
 .text.SDMMC_CmdSendCSD
                0x08003f62       0x2a Drivers/STM32F4xx_HAL_Driver/Src/stm32f4xx_ll_sdmmc.o
                0x08003f62                SDMMC_CmdSendCSD
 .text.SDMMC_GetCmdResp3
                0x08003f8c       0x50 Drivers/STM32F4xx_HAL_Driver/Src/stm32f4xx_ll_sdmmc.o
                0x08003f8c                SDMMC_GetCmdResp3
 .text.SDMMC_CmdAppOperCommand
                0x08003fdc       0x32 Drivers/STM32F4xx_HAL_Driver/Src/stm32f4xx_ll_sdmmc.o
                0x08003fdc                SDMMC_CmdAppOperCommand
 *fill*         0x0800400e        0x2 
 .text.SDMMC_GetCmdResp6
                0x08004010       0xa4 Drivers/STM32F4xx_HAL_Driver/Src/stm32f4xx_ll_sdmmc.o
                0x08004010                SDMMC_GetCmdResp6
 .text.SDMMC_CmdSetRelAdd
                0x080040b4       0x30 Drivers/STM32F4xx_HAL_Driver/Src/stm32f4xx_ll_sdmmc.o
                0x080040b4                SDMMC_CmdSetRelAdd
 .text.SDMMC_GetCmdResp7
                0x080040e4       0x6c Drivers/STM32F4xx_HAL_Driver/Src/stm32f4xx_ll_sdmmc.o
                0x080040e4                SDMMC_GetCmdResp7
 .text.SDMMC_CmdOperCond
                0x08004150       0x2e Drivers/STM32F4xx_HAL_Driver/Src/stm32f4xx_ll_sdmmc.o
                0x08004150                SDMMC_CmdOperCond
 *fill*         0x0800417e        0x2 
 .text.disk_status
                0x08004180       0x18 Middlewares/Third_Party/FatFs/src/diskio.o
                0x08004180                disk_status
 .text.disk_initialize
                0x08004198       0x28 Middlewares/Third_Party/FatFs/src/diskio.o
                0x08004198                disk_initialize
 .text.disk_read
                0x080041c0       0x18 Middlewares/Third_Party/FatFs/src/diskio.o
                0x080041c0                disk_read
 .text.disk_write
                0x080041d8       0x18 Middlewares/Third_Party/FatFs/src/diskio.o
                0x080041d8                disk_write
 .text.disk_ioctl
                0x080041f0       0x18 Middlewares/Third_Party/FatFs/src/diskio.o
                0x080041f0                disk_ioctl
 .text.ld_word  0x08004208        0xa Middlewares/Third_Party/FatFs/src/ff.o
 .text.ld_dword
                0x08004212       0x16 Middlewares/Third_Party/FatFs/src/ff.o
 .text.st_word  0x08004228        0x8 Middlewares/Third_Party/FatFs/src/ff.o
 .text.st_dword
                0x08004230       0x14 Middlewares/Third_Party/FatFs/src/ff.o
 .text.mem_cpy  0x08004244       0x12 Middlewares/Third_Party/FatFs/src/ff.o
 .text.mem_set  0x08004256        0xa Middlewares/Third_Party/FatFs/src/ff.o
 .text.mem_cmp  0x08004260       0x1e Middlewares/Third_Party/FatFs/src/ff.o
 .text.chk_chr  0x0800427e       0x10 Middlewares/Third_Party/FatFs/src/ff.o
 *fill*         0x0800428e        0x2 
 .text.chk_lock
                0x08004290       0x74 Middlewares/Third_Party/FatFs/src/ff.o
 .text.enq_lock
                0x08004304       0x20 Middlewares/Third_Party/FatFs/src/ff.o
 .text.inc_lock
                0x08004324       0xa4 Middlewares/Third_Party/FatFs/src/ff.o
 .text.dec_lock
                0x080043c8       0x40 Middlewares/Third_Party/FatFs/src/ff.o
 .text.clear_lock
                0x08004408       0x3c Middlewares/Third_Party/FatFs/src/ff.o
 .text.clust2sect
                0x08004444       0x18 Middlewares/Third_Party/FatFs/src/ff.o
 .text.clmt_clust
                0x0800445c       0x22 Middlewares/Third_Party/FatFs/src/ff.o
 .text.ld_clust
                0x0800447e       0x26 Middlewares/Third_Party/FatFs/src/ff.o
 .text.st_clust
                0x080044a4       0x26 Middlewares/Third_Party/FatFs/src/ff.o
 *fill*         0x080044ca        0x2 
 .text.put_lfn  0x080044cc       0x78 Middlewares/Third_Party/FatFs/src/ff.o
 .text.gen_numname
                0x08004544       0xa0 Middlewares/Third_Party/FatFs/src/ff.o
 .text.sum_sfn  0x080045e4       0x1c Middlewares/Third_Party/FatFs/src/ff.o
 .text.get_ldnumber
                0x08004600       0x54 Middlewares/Third_Party/FatFs/src/ff.o
 .text.putc_init
                0x08004654        0xa Middlewares/Third_Party/FatFs/src/ff.o
 .text.lock_fs  0x0800465e       0x18 Middlewares/Third_Party/FatFs/src/ff.o
 .text.sync_window
                0x08004676       0x54 Middlewares/Third_Party/FatFs/src/ff.o
 .text.move_window
                0x080046ca       0x34 Middlewares/Third_Party/FatFs/src/ff.o
 *fill*         0x080046fe        0x2 
 .text.check_fs
                0x08004700       0x7c Middlewares/Third_Party/FatFs/src/ff.o
 .text.find_volume
                0x0800477c      0x318 Middlewares/Third_Party/FatFs/src/ff.o
 .text.put_fat  0x08004a94      0x10a Middlewares/Third_Party/FatFs/src/ff.o
 .text.get_fat  0x08004b9e       0xd0 Middlewares/Third_Party/FatFs/src/ff.o
 .text.dir_sdi  0x08004c6e       0xa2 Middlewares/Third_Party/FatFs/src/ff.o
 .text.create_chain
                0x08004d10       0xc4 Middlewares/Third_Party/FatFs/src/ff.o
 .text.remove_chain
                0x08004dd4       0x88 Middlewares/Third_Party/FatFs/src/ff.o
 .text.dir_next
                0x08004e5c      0x10c Middlewares/Third_Party/FatFs/src/ff.o
 .text.dir_alloc
                0x08004f68       0x50 Middlewares/Third_Party/FatFs/src/ff.o
 .text.unlock_fs
                0x08004fb8       0x1a Middlewares/Third_Party/FatFs/src/ff.o
 .text.validate
                0x08004fd2       0x60 Middlewares/Third_Party/FatFs/src/ff.o
 *fill*         0x08005032        0x2 
 .text.create_name
                0x08005034      0x288 Middlewares/Third_Party/FatFs/src/ff.o
 .text.cmp_lfn  0x080052bc       0xa4 Middlewares/Third_Party/FatFs/src/ff.o
 .text.dir_find
                0x08005360       0xe6 Middlewares/Third_Party/FatFs/src/ff.o
 .text.follow_path
                0x08005446       0xba Middlewares/Third_Party/FatFs/src/ff.o
 .text.dir_register
                0x08005500      0x144 Middlewares/Third_Party/FatFs/src/ff.o
 .text.sync_fs  0x08005644       0x8c Middlewares/Third_Party/FatFs/src/ff.o
 .text.f_mount  0x080056d0       0x8c Middlewares/Third_Party/FatFs/src/ff.o
                0x080056d0                f_mount
 .text.f_open   0x0800575c      0x238 Middlewares/Third_Party/FatFs/src/ff.o
                0x0800575c                f_open
 .text.f_read   0x08005994      0x206 Middlewares/Third_Party/FatFs/src/ff.o
                0x08005994                f_read
 .text.f_write  0x08005b9a      0x236 Middlewares/Third_Party/FatFs/src/ff.o
                0x08005b9a                f_write
 .text.putc_bfd
                0x08005dd0       0x4e Middlewares/Third_Party/FatFs/src/ff.o
 .text.putc_flush
                0x08005e1e       0x3a Middlewares/Third_Party/FatFs/src/ff.o
 .text.f_sync   0x08005e58       0xb0 Middlewares/Third_Party/FatFs/src/ff.o
                0x08005e58                f_sync
 .text.f_close  0x08005f08       0x3a Middlewares/Third_Party/FatFs/src/ff.o
                0x08005f08                f_close
 .text.f_chdir  0x08005f42       0x6c Middlewares/Third_Party/FatFs/src/ff.o
                0x08005f42                f_chdir
 .text.f_lseek  0x08005fae      0x306 Middlewares/Third_Party/FatFs/src/ff.o
                0x08005fae                f_lseek
 .text.f_mkdir  0x080062b4      0x184 Middlewares/Third_Party/FatFs/src/ff.o
                0x080062b4                f_mkdir
 .text.f_puts   0x08006438       0x26 Middlewares/Third_Party/FatFs/src/ff.o
                0x08006438                f_puts
 *fill*         0x0800645e        0x2 
 .text.FATFS_LinkDriverEx
                0x08006460       0x48 Middlewares/Third_Party/FatFs/src/ff_gen_drv.o
                0x08006460                FATFS_LinkDriverEx
 .text.FATFS_LinkDriver
                0x080064a8        0xa Middlewares/Third_Party/FatFs/src/ff_gen_drv.o
                0x080064a8                FATFS_LinkDriver
 *fill*         0x080064b2        0x2 
 .text.ff_convert
                0x080064b4       0x38 Middlewares/Third_Party/FatFs/src/option/ccsbcs.o
                0x080064b4                ff_convert
 .text.ff_wtoupper
                0x080064ec       0x9c Middlewares/Third_Party/FatFs/src/option/ccsbcs.o
                0x080064ec                ff_wtoupper
 .text.ff_cre_syncobj
                0x08006588       0x20 Middlewares/Third_Party/FatFs/src/option/syscall.o
                0x08006588                ff_cre_syncobj
 .text.ff_del_syncobj
                0x080065a8        0xa Middlewares/Third_Party/FatFs/src/option/syscall.o
                0x080065a8                ff_del_syncobj
 .text.ff_req_grant
                0x080065b2       0x14 Middlewares/Third_Party/FatFs/src/option/syscall.o
                0x080065b2                ff_req_grant
 .text.ff_rel_grant
                0x080065c6        0x8 Middlewares/Third_Party/FatFs/src/option/syscall.o
                0x080065c6                ff_rel_grant
 .text.makeFreeRtosPriority
                0x080065ce        0xc Middlewares/Third_Party/FreeRTOS/Source/CMSIS_RTOS/cmsis_os.o
 .text.inHandlerMode
                0x080065da        0xc Middlewares/Third_Party/FreeRTOS/Source/CMSIS_RTOS/cmsis_os.o
 .text.osKernelStart
                0x080065e6        0xa Middlewares/Third_Party/FreeRTOS/Source/CMSIS_RTOS/cmsis_os.o
                0x080065e6                osKernelStart
 .text.osKernelRunning
                0x080065f0       0x12 Middlewares/Third_Party/FreeRTOS/Source/CMSIS_RTOS/cmsis_os.o
                0x080065f0                osKernelRunning
 .text.osKernelSysTick
                0x08006602       0x14 Middlewares/Third_Party/FreeRTOS/Source/CMSIS_RTOS/cmsis_os.o
                0x08006602                osKernelSysTick
 .text.osThreadCreate
                0x08006616       0x6c Middlewares/Third_Party/FreeRTOS/Source/CMSIS_RTOS/cmsis_os.o
                0x08006616                osThreadCreate
 .text.osDelay  0x08006682       0x12 Middlewares/Third_Party/FreeRTOS/Source/CMSIS_RTOS/cmsis_os.o
                0x08006682                osDelay
 .text.osSemaphoreCreate
                0x08006694       0x4a Middlewares/Third_Party/FreeRTOS/Source/CMSIS_RTOS/cmsis_os.o
                0x08006694                osSemaphoreCreate
 *fill*         0x080066de        0x2 
 .text.osSemaphoreWait
                0x080066e0       0x70 Middlewares/Third_Party/FreeRTOS/Source/CMSIS_RTOS/cmsis_os.o
                0x080066e0                osSemaphoreWait
 .text.osSemaphoreRelease
                0x08006750       0x5c Middlewares/Third_Party/FreeRTOS/Source/CMSIS_RTOS/cmsis_os.o
                0x08006750                osSemaphoreRelease
 .text.osSemaphoreDelete
                0x080067ac       0x18 Middlewares/Third_Party/FreeRTOS/Source/CMSIS_RTOS/cmsis_os.o
                0x080067ac                osSemaphoreDelete
 .text.osMessageCreate
                0x080067c4       0x28 Middlewares/Third_Party/FreeRTOS/Source/CMSIS_RTOS/cmsis_os.o
                0x080067c4                osMessageCreate
 .text.osMessagePut
                0x080067ec       0x68 Middlewares/Third_Party/FreeRTOS/Source/CMSIS_RTOS/cmsis_os.o
                0x080067ec                osMessagePut
 .text.osMessageGet
                0x08006854       0xa0 Middlewares/Third_Party/FreeRTOS/Source/CMSIS_RTOS/cmsis_os.o
                0x08006854                osMessageGet
 .text.vListInitialise
                0x080068f4       0x16 Middlewares/Third_Party/FreeRTOS/Source/list.o
                0x080068f4                vListInitialise
 .text.vListInitialiseItem
                0x0800690a        0x6 Middlewares/Third_Party/FreeRTOS/Source/list.o
                0x0800690a                vListInitialiseItem
 .text.vListInsertEnd
                0x08006910       0x18 Middlewares/Third_Party/FreeRTOS/Source/list.o
                0x08006910                vListInsertEnd
 .text.vListInsert
                0x08006928       0x34 Middlewares/Third_Party/FreeRTOS/Source/list.o
                0x08006928                vListInsert
 .text.uxListRemove
                0x0800695c       0x28 Middlewares/Third_Party/FreeRTOS/Source/list.o
                0x0800695c                uxListRemove
 .text.prvGetDisinheritPriorityAfterTimeout
                0x08006984       0x12 Middlewares/Third_Party/FreeRTOS/Source/queue.o
 .text.prvIsQueueFull
                0x08006996       0x1e Middlewares/Third_Party/FreeRTOS/Source/queue.o
 .text.prvIsQueueEmpty
                0x080069b4       0x1a Middlewares/Third_Party/FreeRTOS/Source/queue.o
 .text.prvCopyDataToQueue
                0x080069ce       0x76 Middlewares/Third_Party/FreeRTOS/Source/queue.o
 .text.prvCopyDataFromQueue
                0x08006a44       0x24 Middlewares/Third_Party/FreeRTOS/Source/queue.o
 .text.prvUnlockQueue
                0x08006a68       0x6e Middlewares/Third_Party/FreeRTOS/Source/queue.o
 *fill*         0x08006ad6        0x2 
 .text.xQueueGenericReset
                0x08006ad8       0x84 Middlewares/Third_Party/FreeRTOS/Source/queue.o
                0x08006ad8                xQueueGenericReset
 .text.prvInitialiseNewQueue
                0x08006b5c       0x1c Middlewares/Third_Party/FreeRTOS/Source/queue.o
 .text.xQueueGenericCreateStatic
                0x08006b78       0x92 Middlewares/Third_Party/FreeRTOS/Source/queue.o
                0x08006b78                xQueueGenericCreateStatic
 .text.xQueueGenericCreate
                0x08006c0a       0x48 Middlewares/Third_Party/FreeRTOS/Source/queue.o
                0x08006c0a                xQueueGenericCreate
 *fill*         0x08006c52        0x2 
 .text.xQueueGenericSend
                0x08006c54      0x17c Middlewares/Third_Party/FreeRTOS/Source/queue.o
                0x08006c54                xQueueGenericSend
 .text.xQueueGenericSendFromISR
                0x08006dd0       0xce Middlewares/Third_Party/FreeRTOS/Source/queue.o
                0x08006dd0                xQueueGenericSendFromISR
 .text.xQueueGiveFromISR
                0x08006e9e       0xb2 Middlewares/Third_Party/FreeRTOS/Source/queue.o
                0x08006e9e                xQueueGiveFromISR
 .text.xQueueReceive
                0x08006f50      0x158 Middlewares/Third_Party/FreeRTOS/Source/queue.o
                0x08006f50                xQueueReceive
 .text.xQueueSemaphoreTake
                0x080070a8      0x19c Middlewares/Third_Party/FreeRTOS/Source/queue.o
                0x080070a8                xQueueSemaphoreTake
 .text.xQueueReceiveFromISR
                0x08007244       0xaa Middlewares/Third_Party/FreeRTOS/Source/queue.o
                0x08007244                xQueueReceiveFromISR
 .text.uxQueueMessagesWaiting
                0x080072ee       0x26 Middlewares/Third_Party/FreeRTOS/Source/queue.o
                0x080072ee                uxQueueMessagesWaiting
 .text.vQueueUnregisterQueue
                0x08007314       0x2c Middlewares/Third_Party/FreeRTOS/Source/queue.o
                0x08007314                vQueueUnregisterQueue
 .text.vQueueDelete
                0x08007340       0x2c Middlewares/Third_Party/FreeRTOS/Source/queue.o
                0x08007340                vQueueDelete
 .text.prvResetNextTaskUnblockTime
                0x0800736c       0x24 Middlewares/Third_Party/FreeRTOS/Source/tasks.o
 .text.prvInitialiseNewTask
                0x08007390       0xee Middlewares/Third_Party/FreeRTOS/Source/tasks.o
 *fill*         0x0800747e        0x2 
 .text.prvInitialiseTaskLists
                0x08007480       0x58 Middlewares/Third_Party/FreeRTOS/Source/tasks.o
 .text.prvAddNewTaskToReadyList
                0x080074d8       0xac Middlewares/Third_Party/FreeRTOS/Source/tasks.o
 .text.prvDeleteTCB
                0x08007584       0x40 Middlewares/Third_Party/FreeRTOS/Source/tasks.o
 .text.prvCheckTasksWaitingTermination
                0x080075c4       0x44 Middlewares/Third_Party/FreeRTOS/Source/tasks.o
 .text.prvIdleTask
                0x08007608       0x28 Middlewares/Third_Party/FreeRTOS/Source/tasks.o
 .text.prvAddCurrentTaskToDelayedList
                0x08007630       0x88 Middlewares/Third_Party/FreeRTOS/Source/tasks.o
 .text.xTaskCreateStatic
                0x080076b8       0x78 Middlewares/Third_Party/FreeRTOS/Source/tasks.o
                0x080076b8                xTaskCreateStatic
 .text.xTaskCreate
                0x08007730       0x68 Middlewares/Third_Party/FreeRTOS/Source/tasks.o
                0x08007730                xTaskCreate
 .text.vTaskStartScheduler
                0x08007798       0x78 Middlewares/Third_Party/FreeRTOS/Source/tasks.o
                0x08007798                vTaskStartScheduler
 .text.vTaskSuspendAll
                0x08007810       0x14 Middlewares/Third_Party/FreeRTOS/Source/tasks.o
                0x08007810                vTaskSuspendAll
 .text.xTaskGetTickCount
                0x08007824        0xc Middlewares/Third_Party/FreeRTOS/Source/tasks.o
                0x08007824                xTaskGetTickCount
 .text.xTaskGetTickCountFromISR
                0x08007830       0x14 Middlewares/Third_Party/FreeRTOS/Source/tasks.o
                0x08007830                xTaskGetTickCountFromISR
 .text.xTaskIncrementTick
                0x08007844      0x10c Middlewares/Third_Party/FreeRTOS/Source/tasks.o
                0x08007844                xTaskIncrementTick
 .text.xTaskResumeAll
                0x08007950       0xf0 Middlewares/Third_Party/FreeRTOS/Source/tasks.o
                0x08007950                xTaskResumeAll
 .text.vTaskDelay
                0x08007a40       0x4c Middlewares/Third_Party/FreeRTOS/Source/tasks.o
                0x08007a40                vTaskDelay
 .text.vTaskSwitchContext
                0x08007a8c       0xb8 Middlewares/Third_Party/FreeRTOS/Source/tasks.o
                0x08007a8c                vTaskSwitchContext
 .text.vTaskSuspend
                0x08007b44       0xe4 Middlewares/Third_Party/FreeRTOS/Source/tasks.o
                0x08007b44                vTaskSuspend
 .text.vTaskPlaceOnEventList
                0x08007c28       0x34 Middlewares/Third_Party/FreeRTOS/Source/tasks.o
                0x08007c28                vTaskPlaceOnEventList
 .text.xTaskRemoveFromEventList
                0x08007c5c       0x84 Middlewares/Third_Party/FreeRTOS/Source/tasks.o
                0x08007c5c                xTaskRemoveFromEventList
 .text.vTaskInternalSetTimeOutState
                0x08007ce0       0x14 Middlewares/Third_Party/FreeRTOS/Source/tasks.o
                0x08007ce0                vTaskInternalSetTimeOutState
 .text.xTaskCheckForTimeOut
                0x08007cf4       0x80 Middlewares/Third_Party/FreeRTOS/Source/tasks.o
                0x08007cf4                xTaskCheckForTimeOut
 .text.vTaskMissedYield
                0x08007d74       0x10 Middlewares/Third_Party/FreeRTOS/Source/tasks.o
                0x08007d74                vTaskMissedYield
 .text.xTaskGetSchedulerState
                0x08007d84       0x20 Middlewares/Third_Party/FreeRTOS/Source/tasks.o
                0x08007d84                xTaskGetSchedulerState
 .text.xTaskPriorityInherit
                0x08007da4       0xb8 Middlewares/Third_Party/FreeRTOS/Source/tasks.o
                0x08007da4                xTaskPriorityInherit
 .text.xTaskPriorityDisinherit
                0x08007e5c       0xb0 Middlewares/Third_Party/FreeRTOS/Source/tasks.o
                0x08007e5c                xTaskPriorityDisinherit
 .text.vTaskPriorityDisinheritAfterTimeout
                0x08007f0c       0xb8 Middlewares/Third_Party/FreeRTOS/Source/tasks.o
                0x08007f0c                vTaskPriorityDisinheritAfterTimeout
 .text.pvTaskIncrementMutexHeldCount
                0x08007fc4       0x20 Middlewares/Third_Party/FreeRTOS/Source/tasks.o
                0x08007fc4                pvTaskIncrementMutexHeldCount
 .text.ulTaskNotifyTake
                0x08007fe4       0x8c Middlewares/Third_Party/FreeRTOS/Source/tasks.o
                0x08007fe4                ulTaskNotifyTake
 .text.xTaskGenericNotify
                0x08008070      0x10c Middlewares/Third_Party/FreeRTOS/Source/tasks.o
                0x08008070                xTaskGenericNotify
 .text.prvTaskExitError
                0x0800817c       0x40 Middlewares/Third_Party/FreeRTOS/Source/portable/GCC/ARM_CM4F/port.o
 .text.prvPortStartFirstTask
                0x080081bc       0x28 Middlewares/Third_Party/FreeRTOS/Source/portable/GCC/ARM_CM4F/port.o
 .text.vPortEnableVFP
                0x080081e4       0x14 Middlewares/Third_Party/FreeRTOS/Source/portable/GCC/ARM_CM4F/port.o
 .text.pxPortInitialiseStack
                0x080081f8       0x2c Middlewares/Third_Party/FreeRTOS/Source/portable/GCC/ARM_CM4F/port.o
                0x080081f8                pxPortInitialiseStack
 *fill*         0x08008224        0xc 
 .text.SVC_Handler
                0x08008230       0x24 Middlewares/Third_Party/FreeRTOS/Source/portable/GCC/ARM_CM4F/port.o
                0x08008230                SVC_Handler
 .text.vPortEnterCritical
                0x08008254       0x44 Middlewares/Third_Party/FreeRTOS/Source/portable/GCC/ARM_CM4F/port.o
                0x08008254                vPortEnterCritical
 .text.vPortExitCritical
                0x08008298       0x2c Middlewares/Third_Party/FreeRTOS/Source/portable/GCC/ARM_CM4F/port.o
                0x08008298                vPortExitCritical
 *fill*         0x080082c4        0xc 
 .text.PendSV_Handler
                0x080082d0       0x64 Middlewares/Third_Party/FreeRTOS/Source/portable/GCC/ARM_CM4F/port.o
                0x080082d0                PendSV_Handler
 .text.SysTick_Handler
                0x08008334       0x2c Middlewares/Third_Party/FreeRTOS/Source/portable/GCC/ARM_CM4F/port.o
                0x08008334                SysTick_Handler
 .text.vPortSetupTimerInterrupt
                0x08008360       0x38 Middlewares/Third_Party/FreeRTOS/Source/portable/GCC/ARM_CM4F/port.o
                0x08008360                vPortSetupTimerInterrupt
 .text.xPortStartScheduler
                0x08008398      0x108 Middlewares/Third_Party/FreeRTOS/Source/portable/GCC/ARM_CM4F/port.o
                0x08008398                xPortStartScheduler
 .text.vPortValidateInterruptPriority
                0x080084a0       0x58 Middlewares/Third_Party/FreeRTOS/Source/portable/GCC/ARM_CM4F/port.o
                0x080084a0                vPortValidateInterruptPriority
 .text.prvHeapInit
                0x080084f8       0x4c Middlewares/Third_Party/FreeRTOS/Source/portable/MemMang/heap_4.o
 .text.prvInsertBlockIntoFreeList
                0x08008544       0x54 Middlewares/Third_Party/FreeRTOS/Source/portable/MemMang/heap_4.o
 .text.pvPortMalloc
                0x08008598       0xfc Middlewares/Third_Party/FreeRTOS/Source/portable/MemMang/heap_4.o
                0x08008598                pvPortMalloc
 .text.vPortFree
                0x08008694       0x70 Middlewares/Third_Party/FreeRTOS/Source/portable/MemMang/heap_4.o
                0x08008694                vPortFree
 .text.MX_ADC1_Init
                0x08008704      0x1fc Src/adc.o
                0x08008704                MX_ADC1_Init
 .text.HAL_ADC_MspInit
                0x08008900       0xf8 Src/adc.o
                0x08008900                HAL_ADC_MspInit
 .text.BSP_SD_ReadBlocks_DMA
                0x080089f8       0x18 Src/bsp_driver_sd.o
                0x080089f8                BSP_SD_ReadBlocks_DMA
 .text.BSP_SD_WriteBlocks_DMA
                0x08008a10       0x18 Src/bsp_driver_sd.o
                0x08008a10                BSP_SD_WriteBlocks_DMA
 .text.BSP_SD_GetCardState
                0x08008a28       0x14 Src/bsp_driver_sd.o
                0x08008a28                BSP_SD_GetCardState
 .text.BSP_SD_GetCardInfo
                0x08008a3c       0x10 Src/bsp_driver_sd.o
                0x08008a3c                BSP_SD_GetCardInfo
 .text.BSP_SD_AbortCallback
                0x08008a4c        0x2 Src/bsp_driver_sd.o
                0x08008a4c                BSP_SD_AbortCallback
 .text.HAL_SD_AbortCallback
                0x08008a4e        0x8 Src/bsp_driver_sd.o
                0x08008a4e                HAL_SD_AbortCallback
 .text.HAL_SD_TxCpltCallback
                0x08008a56        0x8 Src/bsp_driver_sd.o
                0x08008a56                HAL_SD_TxCpltCallback
 .text.HAL_SD_RxCpltCallback
                0x08008a5e        0x8 Src/bsp_driver_sd.o
                0x08008a5e                HAL_SD_RxCpltCallback
 .text.BSP_SD_IsDetected
                0x08008a66       0x20 Src/bsp_driver_sd.o
                0x08008a66                BSP_SD_IsDetected
 *fill*         0x08008a86        0x2 
 .text.BSP_SD_Init
                0x08008a88       0x34 Src/bsp_driver_sd.o
                0x08008a88                BSP_SD_Init
 .text.MX_CAN1_Init
                0x08008abc       0x38 Src/can.o
                0x08008abc                MX_CAN1_Init
 .text.HAL_CAN_MspInit
                0x08008af4       0x70 Src/can.o
                0x08008af4                HAL_CAN_MspInit
 .text.MX_DMA_Init
                0x08008b64       0x54 Src/dma.o
                0x08008b64                MX_DMA_Init
 .text.MX_FATFS_Init
                0x08008bb8       0x1c Src/fatfs.o
                0x08008bb8                MX_FATFS_Init
 .text.get_fattime
                0x08008bd4        0x4 Src/fatfs.o
                0x08008bd4                get_fattime
 .text.BSP_PlatformIsDetected
                0x08008bd8       0x1c Src/fatfs_platform.o
                0x08008bd8                BSP_PlatformIsDetected
 .text.StartDefaultTask
                0x08008bf4        0xa Src/freertos.o
                0x08008bf4                StartDefaultTask
 .text.configureTimerForRunTimeStats
                0x08008bfe        0x2 Src/freertos.o
                0x08008bfe                configureTimerForRunTimeStats
 .text.getRunTimeCounterValue
                0x08008c00        0x4 Src/freertos.o
                0x08008c00                getRunTimeCounterValue
 .text.vApplicationGetIdleTaskMemory
                0x08008c04       0x14 Src/freertos.o
                0x08008c04                vApplicationGetIdleTaskMemory
 .text.MX_FREERTOS_Init
                0x08008c18       0x2c Src/freertos.o
                0x08008c18                MX_FREERTOS_Init
 .text.MX_GPIO_Init
                0x08008c44       0x94 Src/gpio.o
                0x08008c44                MX_GPIO_Init
 .text.SystemClock_Config
                0x08008cd8       0x9c Src/main.o
                0x08008cd8                SystemClock_Config
 .text.main     0x08008d74       0x40 Src/main.o
                0x08008d74                main
 .text.HAL_TIM_PeriodElapsedCallback
                0x08008db4       0x18 Src/main.o
                0x08008db4                HAL_TIM_PeriodElapsedCallback
 .text.Error_Handler
                0x08008dcc        0x2 Src/main.o
                0x08008dcc                Error_Handler
 *fill*         0x08008dce        0x2 
 .text.MX_RTC_Init
                0x08008dd0       0x90 Src/rtc.o
                0x08008dd0                MX_RTC_Init
 .text.HAL_RTC_MspInit
                0x08008e60       0x44 Src/rtc.o
                0x08008e60                HAL_RTC_MspInit
 .text.SD_Task_Read
                0x08008ea4       0x6c Src/sd_card.o
 .text.SD_Task_Write
                0x08008f10       0x70 Src/sd_card.o
 .text.xSD_Card_Gatekeeper
                0x08008f80      0x124 Src/sd_card.o
                0x08008f80                xSD_Card_Gatekeeper
 .text.xSD_Sync
                0x080090a4       0x44 Src/sd_card.o
                0x080090a4                xSD_Sync
 .text.Init_SD_Card
                0x080090e8       0x40 Src/sd_card.o
                0x080090e8                Init_SD_Card
 .text.Init_SD_RTOS_Tasks
                0x08009128       0x8c Src/sd_card.o
                0x08009128                Init_SD_RTOS_Tasks
 .text.SD_Log   0x080091b4       0x34 Src/sd_card.o
                0x080091b4                SD_Log
 .text.xTest_Sender_Task
                0x080091e8       0x7c Src/sd_card.o
                0x080091e8                xTest_Sender_Task
 .text.SD_CheckStatus
                0x08009264       0x24 Src/sd_diskio.o
 .text.SD_initialize
                0x08009288       0x74 Src/sd_diskio.o
                0x08009288                SD_initialize
 .text.SD_status
                0x080092fc        0x8 Src/sd_diskio.o
                0x080092fc                SD_status
 .text.SD_CheckStatusWithTimeout
                0x08009304       0x26 Src/sd_diskio.o
 *fill*         0x0800932a        0x2 
 .text.SD_read  0x0800932c       0x78 Src/sd_diskio.o
                0x0800932c                SD_read
 .text.SD_write
                0x080093a4       0x78 Src/sd_diskio.o
                0x080093a4                SD_write
 .text.SD_ioctl
                0x0800941c       0x5c Src/sd_diskio.o
                0x0800941c                SD_ioctl
 .text.BSP_SD_WriteCpltCallback
                0x08009478       0x14 Src/sd_diskio.o
                0x08009478                BSP_SD_WriteCpltCallback
 .text.BSP_SD_ReadCpltCallback
                0x0800948c       0x14 Src/sd_diskio.o
                0x0800948c                BSP_SD_ReadCpltCallback
 .text.MX_SDIO_SD_Init
                0x080094a0       0x20 Src/sdio.o
                0x080094a0                MX_SDIO_SD_Init
 .text.HAL_SD_MspInit
                0x080094c0      0x1c0 Src/sdio.o
                0x080094c0                HAL_SD_MspInit
 .text.HAL_MspInit
                0x08009680       0x44 Src/stm32f4xx_hal_msp.o
                0x08009680                HAL_MspInit
 .text.HAL_InitTick
                0x080096c4       0x94 Src/stm32f4xx_hal_timebase_tim.o
                0x080096c4                HAL_InitTick
 .text.NMI_Handler
                0x08009758        0x2 Src/stm32f4xx_it.o
                0x08009758                NMI_Handler
 .text.HardFault_Handler
                0x0800975a        0x2 Src/stm32f4xx_it.o
                0x0800975a                HardFault_Handler
 .text.MemManage_Handler
                0x0800975c        0x2 Src/stm32f4xx_it.o
                0x0800975c                MemManage_Handler
 .text.BusFault_Handler
                0x0800975e        0x2 Src/stm32f4xx_it.o
                0x0800975e                BusFault_Handler
 .text.UsageFault_Handler
                0x08009760        0x2 Src/stm32f4xx_it.o
                0x08009760                UsageFault_Handler
 .text.DebugMon_Handler
                0x08009762        0x2 Src/stm32f4xx_it.o
                0x08009762                DebugMon_Handler
 .text.TIM1_UP_TIM10_IRQHandler
                0x08009764       0x10 Src/stm32f4xx_it.o
                0x08009764                TIM1_UP_TIM10_IRQHandler
 .text.SDIO_IRQHandler
                0x08009774       0x10 Src/stm32f4xx_it.o
                0x08009774                SDIO_IRQHandler
 .text.DMA2_Stream0_IRQHandler
                0x08009784       0x10 Src/stm32f4xx_it.o
                0x08009784                DMA2_Stream0_IRQHandler
 .text.DMA2_Stream3_IRQHandler
                0x08009794       0x10 Src/stm32f4xx_it.o
                0x08009794                DMA2_Stream3_IRQHandler
 .text.DMA2_Stream6_IRQHandler
                0x080097a4       0x10 Src/stm32f4xx_it.o
                0x080097a4                DMA2_Stream6_IRQHandler
 .text.SystemInit
                0x080097b4       0x4c Src/system_stm32f4xx.o
                0x080097b4                SystemInit
 .text.MX_USART1_UART_Init
                0x08009800       0x34 Src/usart.o
                0x08009800                MX_USART1_UART_Init
 .text.HAL_UART_MspInit
                0x08009834       0x74 Src/usart.o
                0x08009834                HAL_UART_MspInit
 .text.Reset_Handler
                0x080098a8       0x50 startup/startup_stm32f446xx.o
                0x080098a8                Reset_Handler
 .text.Default_Handler
                0x080098f8        0x2 startup/startup_stm32f446xx.o
                0x080098f8                RTC_Alarm_IRQHandler
                0x080098f8                EXTI2_IRQHandler
                0x080098f8                TIM8_CC_IRQHandler
                0x080098f8                SPI4_IRQHandler
                0x080098f8                TIM1_CC_IRQHandler
                0x080098f8                DMA2_Stream5_IRQHandler
                0x080098f8                DMA1_Stream5_IRQHandler
                0x080098f8                PVD_IRQHandler
                0x080098f8                TAMP_STAMP_IRQHandler
                0x080098f8                CAN2_RX1_IRQHandler
                0x080098f8                EXTI3_IRQHandler
                0x080098f8                TIM8_TRG_COM_TIM14_IRQHandler
                0x080098f8                TIM8_UP_TIM13_IRQHandler
                0x080098f8                I2C3_ER_IRQHandler
                0x080098f8                FMPI2C1_Event_IRQHandler
                0x080098f8                EXTI0_IRQHandler
                0x080098f8                I2C2_EV_IRQHandler
                0x080098f8                DMA1_Stream2_IRQHandler
                0x080098f8                CAN1_RX0_IRQHandler
                0x080098f8                FPU_IRQHandler
                0x080098f8                OTG_HS_WKUP_IRQHandler
                0x080098f8                CAN2_SCE_IRQHandler
                0x080098f8                DMA2_Stream2_IRQHandler
                0x080098f8                SPI1_IRQHandler
                0x080098f8                TIM6_DAC_IRQHandler
                0x080098f8                TIM1_BRK_TIM9_IRQHandler
                0x080098f8                DCMI_IRQHandler
                0x080098f8                CAN2_RX0_IRQHandler
                0x080098f8                SAI2_IRQHandler
                0x080098f8                USART6_IRQHandler
                0x080098f8                USART3_IRQHandler
                0x080098f8                CAN1_RX1_IRQHandler
                0x080098f8                UART5_IRQHandler
                0x080098f8                TIM4_IRQHandler
                0x080098f8                QUADSPI_IRQHandler
                0x080098f8                I2C1_EV_IRQHandler
                0x080098f8                DMA1_Stream6_IRQHandler
                0x080098f8                DMA1_Stream1_IRQHandler
                0x080098f8                UART4_IRQHandler
                0x080098f8                TIM3_IRQHandler
                0x080098f8                RCC_IRQHandler
                0x080098f8                TIM8_BRK_TIM12_IRQHandler
                0x080098f8                Default_Handler
                0x080098f8                CEC_IRQHandler
                0x080098f8                EXTI15_10_IRQHandler
                0x080098f8                ADC_IRQHandler
                0x080098f8                DMA1_Stream7_IRQHandler
                0x080098f8                TIM7_IRQHandler
                0x080098f8                CAN2_TX_IRQHandler
                0x080098f8                TIM5_IRQHandler
                0x080098f8                DMA2_Stream7_IRQHandler
                0x080098f8                I2C3_EV_IRQHandler
                0x080098f8                EXTI9_5_IRQHandler
                0x080098f8                RTC_WKUP_IRQHandler
                0x080098f8                SPDIF_RX_IRQHandler
                0x080098f8                SPI2_IRQHandler
                0x080098f8                OTG_HS_EP1_IN_IRQHandler
                0x080098f8                DMA1_Stream0_IRQHandler
                0x080098f8                CAN1_TX_IRQHandler
                0x080098f8                EXTI4_IRQHandler
                0x080098f8                OTG_HS_EP1_OUT_IRQHandler
                0x080098f8                WWDG_IRQHandler
                0x080098f8                TIM2_IRQHandler
                0x080098f8                OTG_FS_WKUP_IRQHandler
                0x080098f8                TIM1_TRG_COM_TIM11_IRQHandler
                0x080098f8                OTG_HS_IRQHandler
                0x080098f8                EXTI1_IRQHandler
                0x080098f8                USART2_IRQHandler
                0x080098f8                I2C2_ER_IRQHandler
                0x080098f8                DMA2_Stream1_IRQHandler
                0x080098f8                CAN1_SCE_IRQHandler
                0x080098f8                FLASH_IRQHandler
                0x080098f8                DMA2_Stream4_IRQHandler
                0x080098f8                USART1_IRQHandler
                0x080098f8                OTG_FS_IRQHandler
                0x080098f8                SPI3_IRQHandler
                0x080098f8                DMA1_Stream4_IRQHandler
                0x080098f8                I2C1_ER_IRQHandler
                0x080098f8                FMC_IRQHandler
                0x080098f8                SAI1_IRQHandler
                0x080098f8                DMA1_Stream3_IRQHandler
                0x080098f8                FMPI2C1_Error_IRQHandler
 *fill*         0x080098fa        0x2 
 .text.__libc_init_array
                0x080098fc       0x48 c:/ac6/systemworkbench/plugins/fr.ac6.mcu.externaltools.arm-none.win32_1.17.0.201812190825/tools/compiler/bin/../lib/gcc/arm-none-eabi/7.3.1/../../../../arm-none-eabi/lib/thumb/v7e-m/fpv4-sp/hard\libc_nano.a(lib_a-init.o)
                0x080098fc                __libc_init_array
 .text.memcpy   0x08009944       0x16 c:/ac6/systemworkbench/plugins/fr.ac6.mcu.externaltools.arm-none.win32_1.17.0.201812190825/tools/compiler/bin/../lib/gcc/arm-none-eabi/7.3.1/../../../../arm-none-eabi/lib/thumb/v7e-m/fpv4-sp/hard\libc_nano.a(lib_a-memcpy-stub.o)
                0x08009944                memcpy
 .text.memset   0x0800995a       0x10 c:/ac6/systemworkbench/plugins/fr.ac6.mcu.externaltools.arm-none.win32_1.17.0.201812190825/tools/compiler/bin/../lib/gcc/arm-none-eabi/7.3.1/../../../../arm-none-eabi/lib/thumb/v7e-m/fpv4-sp/hard\libc_nano.a(lib_a-memset.o)
                0x0800995a                memset
 .text.cleanup_glue
                0x0800996a       0x1a c:/ac6/systemworkbench/plugins/fr.ac6.mcu.externaltools.arm-none.win32_1.17.0.201812190825/tools/compiler/bin/../lib/gcc/arm-none-eabi/7.3.1/../../../../arm-none-eabi/lib/thumb/v7e-m/fpv4-sp/hard\libc_nano.a(lib_a-reent.o)
                0x0800996a                cleanup_glue
 .text._reclaim_reent
                0x08009984       0xb8 c:/ac6/systemworkbench/plugins/fr.ac6.mcu.externaltools.arm-none.win32_1.17.0.201812190825/tools/compiler/bin/../lib/gcc/arm-none-eabi/7.3.1/../../../../arm-none-eabi/lib/thumb/v7e-m/fpv4-sp/hard\libc_nano.a(lib_a-reent.o)
                0x08009984                _reclaim_reent
 .text.sprintf  0x08009a3c       0x40 c:/ac6/systemworkbench/plugins/fr.ac6.mcu.externaltools.arm-none.win32_1.17.0.201812190825/tools/compiler/bin/../lib/gcc/arm-none-eabi/7.3.1/../../../../arm-none-eabi/lib/thumb/v7e-m/fpv4-sp/hard\libc_nano.a(lib_a-sprintf.o)
                0x08009a3c                siprintf
                0x08009a3c                sprintf
 .text._free_r  0x08009a7c       0x9c c:/ac6/systemworkbench/plugins/fr.ac6.mcu.externaltools.arm-none.win32_1.17.0.201812190825/tools/compiler/bin/../lib/gcc/arm-none-eabi/7.3.1/../../../../arm-none-eabi/lib/thumb/v7e-m/fpv4-sp/hard\libc_nano.a(lib_a-nano-freer.o)
                0x08009a7c                _free_r
 .text._malloc_r
                0x08009b18       0xb4 c:/ac6/systemworkbench/plugins/fr.ac6.mcu.externaltools.arm-none.win32_1.17.0.201812190825/tools/compiler/bin/../lib/gcc/arm-none-eabi/7.3.1/../../../../arm-none-eabi/lib/thumb/v7e-m/fpv4-sp/hard\libc_nano.a(lib_a-nano-mallocr.o)
                0x08009b18                _malloc_r
 .text.__ssputs_r
                0x08009bcc       0xb4 c:/ac6/systemworkbench/plugins/fr.ac6.mcu.externaltools.arm-none.win32_1.17.0.201812190825/tools/compiler/bin/../lib/gcc/arm-none-eabi/7.3.1/../../../../arm-none-eabi/lib/thumb/v7e-m/fpv4-sp/hard\libc_nano.a(lib_a-nano-svfprintf.o)
                0x08009bcc                __ssputs_r
 .text._svfprintf_r
                0x08009c80      0x1f0 c:/ac6/systemworkbench/plugins/fr.ac6.mcu.externaltools.arm-none.win32_1.17.0.201812190825/tools/compiler/bin/../lib/gcc/arm-none-eabi/7.3.1/../../../../arm-none-eabi/lib/thumb/v7e-m/fpv4-sp/hard\libc_nano.a(lib_a-nano-svfprintf.o)
                0x08009c80                _svfiprintf_r
                0x08009c80                _svfprintf_r
 .text._printf_common
                0x08009e70       0xea c:/ac6/systemworkbench/plugins/fr.ac6.mcu.externaltools.arm-none.win32_1.17.0.201812190825/tools/compiler/bin/../lib/gcc/arm-none-eabi/7.3.1/../../../../arm-none-eabi/lib/thumb/v7e-m/fpv4-sp/hard\libc_nano.a(lib_a-nano-vfprintf_i.o)
                0x08009e70                _printf_common
 *fill*         0x08009f5a        0x2 
 .text._printf_i
                0x08009f5c      0x224 c:/ac6/systemworkbench/plugins/fr.ac6.mcu.externaltools.arm-none.win32_1.17.0.201812190825/tools/compiler/bin/../lib/gcc/arm-none-eabi/7.3.1/../../../../arm-none-eabi/lib/thumb/v7e-m/fpv4-sp/hard\libc_nano.a(lib_a-nano-vfprintf_i.o)
                0x08009f5c                _printf_i
 .text._sbrk_r  0x0800a180       0x20 c:/ac6/systemworkbench/plugins/fr.ac6.mcu.externaltools.arm-none.win32_1.17.0.201812190825/tools/compiler/bin/../lib/gcc/arm-none-eabi/7.3.1/../../../../arm-none-eabi/lib/thumb/v7e-m/fpv4-sp/hard\libc_nano.a(lib_a-sbrkr.o)
                0x0800a180                _sbrk_r
 .text.memmove  0x0800a1a0       0x32 c:/ac6/systemworkbench/plugins/fr.ac6.mcu.externaltools.arm-none.win32_1.17.0.201812190825/tools/compiler/bin/../lib/gcc/arm-none-eabi/7.3.1/../../../../arm-none-eabi/lib/thumb/v7e-m/fpv4-sp/hard\libc_nano.a(lib_a-memmove.o)
                0x0800a1a0                memmove
 .text.__malloc_lock
                0x0800a1d2        0x2 c:/ac6/systemworkbench/plugins/fr.ac6.mcu.externaltools.arm-none.win32_1.17.0.201812190825/tools/compiler/bin/../lib/gcc/arm-none-eabi/7.3.1/../../../../arm-none-eabi/lib/thumb/v7e-m/fpv4-sp/hard\libc_nano.a(lib_a-mlock.o)
                0x0800a1d2                __malloc_lock
 .text.__malloc_unlock
                0x0800a1d4        0x2 c:/ac6/systemworkbench/plugins/fr.ac6.mcu.externaltools.arm-none.win32_1.17.0.201812190825/tools/compiler/bin/../lib/gcc/arm-none-eabi/7.3.1/../../../../arm-none-eabi/lib/thumb/v7e-m/fpv4-sp/hard\libc_nano.a(lib_a-mlock.o)
                0x0800a1d4                __malloc_unlock
 .text._realloc_r
                0x0800a1d6       0x4c c:/ac6/systemworkbench/plugins/fr.ac6.mcu.externaltools.arm-none.win32_1.17.0.201812190825/tools/compiler/bin/../lib/gcc/arm-none-eabi/7.3.1/../../../../arm-none-eabi/lib/thumb/v7e-m/fpv4-sp/hard\libc_nano.a(lib_a-nano-reallocr.o)
                0x0800a1d6                _realloc_r
 .text._malloc_usable_size_r
                0x0800a222       0x10 c:/ac6/systemworkbench/plugins/fr.ac6.mcu.externaltools.arm-none.win32_1.17.0.201812190825/tools/compiler/bin/../lib/gcc/arm-none-eabi/7.3.1/../../../../arm-none-eabi/lib/thumb/v7e-m/fpv4-sp/hard\libc_nano.a(lib_a-nano-msizer.o)
                0x0800a222                _malloc_usable_size_r
 *fill*         0x0800a232        0x2 
 .text._sbrk    0x0800a234       0x1c c:/ac6/systemworkbench/plugins/fr.ac6.mcu.externaltools.arm-none.win32_1.17.0.201812190825/tools/compiler/bin/../lib/gcc/arm-none-eabi/7.3.1/../../../../arm-none-eabi/lib/thumb/v7e-m/fpv4-sp/hard\libnosys.a(sbrk.o)
                0x0800a234                _sbrk
 *(.glue_7)
 .glue_7        0x0800a250        0x0 linker stubs
 *(.glue_7t)
 .glue_7t       0x0800a250        0x0 linker stubs
 *(.eh_frame)
 .eh_frame      0x0800a250        0x0 c:/ac6/systemworkbench/plugins/fr.ac6.mcu.externaltools.arm-none.win32_1.17.0.201812190825/tools/compiler/bin/../lib/gcc/arm-none-eabi/7.3.1/thumb/v7e-m/fpv4-sp/hard/crtbegin.o
 *(.init)
 .init          0x0800a250        0x4 c:/ac6/systemworkbench/plugins/fr.ac6.mcu.externaltools.arm-none.win32_1.17.0.201812190825/tools/compiler/bin/../lib/gcc/arm-none-eabi/7.3.1/thumb/v7e-m/fpv4-sp/hard/crti.o
                0x0800a250                _init
 .init          0x0800a254        0x8 c:/ac6/systemworkbench/plugins/fr.ac6.mcu.externaltools.arm-none.win32_1.17.0.201812190825/tools/compiler/bin/../lib/gcc/arm-none-eabi/7.3.1/thumb/v7e-m/fpv4-sp/hard/crtn.o
 *(.fini)
 .fini          0x0800a25c        0x4 c:/ac6/systemworkbench/plugins/fr.ac6.mcu.externaltools.arm-none.win32_1.17.0.201812190825/tools/compiler/bin/../lib/gcc/arm-none-eabi/7.3.1/thumb/v7e-m/fpv4-sp/hard/crti.o
                0x0800a25c                _fini
 .fini          0x0800a260        0x8 c:/ac6/systemworkbench/plugins/fr.ac6.mcu.externaltools.arm-none.win32_1.17.0.201812190825/tools/compiler/bin/../lib/gcc/arm-none-eabi/7.3.1/thumb/v7e-m/fpv4-sp/hard/crtn.o
                0x0800a268                . = ALIGN (0x4)
                0x0800a268                _etext = .

.vfp11_veneer   0x0800a268        0x0
 .vfp11_veneer  0x0800a268        0x0 linker stubs

.v4_bx          0x0800a268        0x0
 .v4_bx         0x0800a268        0x0 linker stubs

.iplt           0x0800a268        0x0
 .iplt          0x0800a268        0x0 c:/ac6/systemworkbench/plugins/fr.ac6.mcu.externaltools.arm-none.win32_1.17.0.201812190825/tools/compiler/bin/../lib/gcc/arm-none-eabi/7.3.1/thumb/v7e-m/fpv4-sp/hard/crtbegin.o

.rodata         0x0800a268      0x5bc
                0x0800a268                . = ALIGN (0x4)
 *(.rodata)
 .rodata        0x0800a268        0x8 Drivers/STM32F4xx_HAL_Driver/Src/stm32f4xx_hal_dma.o
 .rodata        0x0800a270       0xae Middlewares/Third_Party/FatFs/src/ff.o
 *fill*         0x0800a31e        0x2 
 .rodata        0x0800a320      0x3ae Middlewares/Third_Party/FatFs/src/option/ccsbcs.o
 *fill*         0x0800a6ce        0x2 
 .rodata        0x0800a6d0       0x1c Src/freertos.o
 .rodata        0x0800a6ec        0x9 Src/sd_card.o
 *fill*         0x0800a6f5        0x3 
 .rodata        0x0800a6f8       0x24 Src/sd_diskio.o
                0x0800a708                SD_Driver
 .rodata        0x0800a71c       0x18 Src/system_stm32f4xx.o
                0x0800a71c                AHBPrescTable
                0x0800a72c                APBPrescTable
 *(.rodata*)
 .rodata.str1.4
                0x0800a734       0x48 Middlewares/Third_Party/FatFs/src/ff.o
 .rodata.str1.4
                0x0800a77c        0x5 Middlewares/Third_Party/FreeRTOS/Source/tasks.o
 *fill*         0x0800a781        0x3 
 .rodata.str1.4
                0x0800a784        0xc Src/freertos.o
 .rodata.str1.4
                0x0800a790       0x60 Src/sd_card.o
                                 0x61 (size before relaxing)
 .rodata._svfprintf_r.str1.1
                0x0800a7f0       0x11 c:/ac6/systemworkbench/plugins/fr.ac6.mcu.externaltools.arm-none.win32_1.17.0.201812190825/tools/compiler/bin/../lib/gcc/arm-none-eabi/7.3.1/../../../../arm-none-eabi/lib/thumb/v7e-m/fpv4-sp/hard\libc_nano.a(lib_a-nano-svfprintf.o)
 .rodata._printf_i.str1.1
                0x0800a801       0x22 c:/ac6/systemworkbench/plugins/fr.ac6.mcu.externaltools.arm-none.win32_1.17.0.201812190825/tools/compiler/bin/../lib/gcc/arm-none-eabi/7.3.1/../../../../arm-none-eabi/lib/thumb/v7e-m/fpv4-sp/hard\libc_nano.a(lib_a-nano-vfprintf_i.o)
                0x0800a824                . = ALIGN (0x4)
 *fill*         0x0800a823        0x1 

.ARM.extab
 *(.ARM.extab* .gnu.linkonce.armextab.*)

.ARM            0x0800a824        0x8
                0x0800a824                __exidx_start = .
 *(.ARM.exidx*)
 .ARM.exidx     0x0800a824        0x8 c:/ac6/systemworkbench/plugins/fr.ac6.mcu.externaltools.arm-none.win32_1.17.0.201812190825/tools/compiler/bin/../lib/gcc/arm-none-eabi/7.3.1/thumb/v7e-m/fpv4-sp/hard\libgcc.a(_udivmoddi4.o)
                0x0800a82c                __exidx_end = .

.rel.dyn        0x0800a82c        0x0
 .rel.iplt      0x0800a82c        0x0 c:/ac6/systemworkbench/plugins/fr.ac6.mcu.externaltools.arm-none.win32_1.17.0.201812190825/tools/compiler/bin/../lib/gcc/arm-none-eabi/7.3.1/thumb/v7e-m/fpv4-sp/hard/crtbegin.o

.preinit_array  0x0800a82c        0x0
                0x0800a82c                PROVIDE (__preinit_array_start = .)
 *(.preinit_array*)
                0x0800a82c                PROVIDE (__preinit_array_end = .)

.init_array     0x0800a82c        0x4
                0x0800a82c                PROVIDE (__init_array_start = .)
 *(SORT_BY_NAME(.init_array.*))
 *(.init_array*)
 .init_array    0x0800a82c        0x4 c:/ac6/systemworkbench/plugins/fr.ac6.mcu.externaltools.arm-none.win32_1.17.0.201812190825/tools/compiler/bin/../lib/gcc/arm-none-eabi/7.3.1/thumb/v7e-m/fpv4-sp/hard/crtbegin.o
                0x0800a830                PROVIDE (__init_array_end = .)

.fini_array     0x0800a830        0x4
                [!provide]                PROVIDE (__fini_array_start = .)
 *(SORT_BY_NAME(.fini_array.*))
 *(.fini_array*)
 .fini_array    0x0800a830        0x4 c:/ac6/systemworkbench/plugins/fr.ac6.mcu.externaltools.arm-none.win32_1.17.0.201812190825/tools/compiler/bin/../lib/gcc/arm-none-eabi/7.3.1/thumb/v7e-m/fpv4-sp/hard/crtbegin.o
                [!provide]                PROVIDE (__fini_array_end = .)
                0x0800a834                _sidata = LOADADDR (.data)

.data           0x20000000       0x84 load address 0x0800a834
                0x20000000                . = ALIGN (0x4)
                0x20000000                _sdata = .
 *(.data)
 .data          0x20000000        0x8 Drivers/STM32F4xx_HAL_Driver/Src/stm32f4xx_hal.o
                0x20000000                uwTickFreq
                0x20000004                uwTickPrio
 .data          0x20000008        0x4 Middlewares/Third_Party/FreeRTOS/Source/portable/GCC/ARM_CM4F/port.o
 .data          0x2000000c        0xd Src/sd_card.o
 .data          0x20000019        0x1 Src/sd_diskio.o
 *fill*         0x2000001a        0x2 
 .data          0x2000001c        0x4 Src/system_stm32f4xx.o
                0x2000001c                SystemCoreClock
 *(.data*)
 .data._impure_ptr
                0x20000020        0x4 c:/ac6/systemworkbench/plugins/fr.ac6.mcu.externaltools.arm-none.win32_1.17.0.201812190825/tools/compiler/bin/../lib/gcc/arm-none-eabi/7.3.1/../../../../arm-none-eabi/lib/thumb/v7e-m/fpv4-sp/hard\libc_nano.a(lib_a-impure.o)
                0x20000020                _impure_ptr
 .data.impure_data
                0x20000024       0x60 c:/ac6/systemworkbench/plugins/fr.ac6.mcu.externaltools.arm-none.win32_1.17.0.201812190825/tools/compiler/bin/../lib/gcc/arm-none-eabi/7.3.1/../../../../arm-none-eabi/lib/thumb/v7e-m/fpv4-sp/hard\libc_nano.a(lib_a-impure.o)
                0x20000084                . = ALIGN (0x4)
                0x20000084                _edata = .

.igot.plt       0x20000084        0x0 load address 0x0800a8b8
 .igot.plt      0x20000084        0x0 c:/ac6/systemworkbench/plugins/fr.ac6.mcu.externaltools.arm-none.win32_1.17.0.201812190825/tools/compiler/bin/../lib/gcc/arm-none-eabi/7.3.1/thumb/v7e-m/fpv4-sp/hard/crtbegin.o
                0x20000084                . = ALIGN (0x4)

.bss            0x20000088     0x6ccc load address 0x0800a8b8
                0x20000088                _sbss = .
                0x20000088                __bss_start__ = _sbss
 *(.bss)
 .bss           0x20000088       0x1c c:/ac6/systemworkbench/plugins/fr.ac6.mcu.externaltools.arm-none.win32_1.17.0.201812190825/tools/compiler/bin/../lib/gcc/arm-none-eabi/7.3.1/thumb/v7e-m/fpv4-sp/hard/crtbegin.o
 .bss           0x200000a4       0x26 Middlewares/Third_Party/FatFs/src/ff.o
 *fill*         0x200000ca        0x2 
 .bss           0x200000cc        0xc Middlewares/Third_Party/FatFs/src/ff_gen_drv.o
                0x200000cc                disk
 .bss           0x200000d8      0x12c Middlewares/Third_Party/FreeRTOS/Source/tasks.o
                0x200001d8                pxCurrentTCB
 .bss           0x20000204        0x8 Middlewares/Third_Party/FreeRTOS/Source/portable/GCC/ARM_CM4F/port.o
 .bss           0x2000020c     0x3c20 Middlewares/Third_Party/FreeRTOS/Source/portable/MemMang/heap_4.o
 *fill*         0x20003e2c        0x4 
 .bss           0x20003e30      0x680 Src/freertos.o
 .bss           0x200044b0     0x20c8 Src/sd_card.o
 .bss           0x20006578        0x4 Src/sd_diskio.o
 *(.bss*)
 .bss.__malloc_free_list
                0x2000657c        0x4 c:/ac6/systemworkbench/plugins/fr.ac6.mcu.externaltools.arm-none.win32_1.17.0.201812190825/tools/compiler/bin/../lib/gcc/arm-none-eabi/7.3.1/../../../../arm-none-eabi/lib/thumb/v7e-m/fpv4-sp/hard\libc_nano.a(lib_a-nano-mallocr.o)
                0x2000657c                __malloc_free_list
 .bss.__malloc_sbrk_start
                0x20006580        0x4 c:/ac6/systemworkbench/plugins/fr.ac6.mcu.externaltools.arm-none.win32_1.17.0.201812190825/tools/compiler/bin/../lib/gcc/arm-none-eabi/7.3.1/../../../../arm-none-eabi/lib/thumb/v7e-m/fpv4-sp/hard\libc_nano.a(lib_a-nano-mallocr.o)
                0x20006580                __malloc_sbrk_start
 .bss.heap_end.5377
                0x20006584        0x4 c:/ac6/systemworkbench/plugins/fr.ac6.mcu.externaltools.arm-none.win32_1.17.0.201812190825/tools/compiler/bin/../lib/gcc/arm-none-eabi/7.3.1/../../../../arm-none-eabi/lib/thumb/v7e-m/fpv4-sp/hard\libnosys.a(sbrk.o)
 *(COMMON)
 COMMON         0x20006588        0x4 Drivers/STM32F4xx_HAL_Driver/Src/stm32f4xx_hal.o
                0x20006588                uwTick
 COMMON         0x2000658c       0x40 Middlewares/Third_Party/FreeRTOS/Source/queue.o
                0x2000658c                xQueueRegistry
 COMMON         0x200065cc       0xa8 Src/adc.o
                0x200065cc                hadc1
                0x20006614                hdma_adc1
 COMMON         0x20006674       0x28 Src/can.o
                0x20006674                hcan1
 COMMON         0x2000669c      0x474 Src/fatfs.o
                0x2000669c                retSD
                0x200066a0                SDPath
                0x200066a4                SDFile
                0x200068d4                SDFatFS
 COMMON         0x20006b10        0x4 Src/freertos.o
                0x20006b10                defaultTaskHandle
 COMMON         0x20006b14       0x20 Src/rtc.o
                0x20006b14                hrtc
 COMMON         0x20006b34       0x4c Src/sd_card.o
                0x20006b34                xSD_Card_Queue
                0x20006b38                xSD_Card_Queue_Storage
 COMMON         0x20006b80      0x144 Src/sdio.o
                0x20006b80                hdma_sdio_rx
                0x20006be0                hdma_sdio_tx
                0x20006c40                hsd
 COMMON         0x20006cc4       0x48 Src/stm32f4xx_hal_timebase_tim.o
                0x20006cc4                htim10
 COMMON         0x20006d0c       0x44 Src/usart.o
                0x20006d0c                huart1
 COMMON         0x20006d50        0x4 c:/ac6/systemworkbench/plugins/fr.ac6.mcu.externaltools.arm-none.win32_1.17.0.201812190825/tools/compiler/bin/../lib/gcc/arm-none-eabi/7.3.1/../../../../arm-none-eabi/lib/thumb/v7e-m/fpv4-sp/hard\libc_nano.a(lib_a-reent.o)
                0x20006d50                errno
                0x20006d54                . = ALIGN (0x4)
                0x20006d54                _ebss = .
                0x20006d54                __bss_end__ = _ebss

._user_heap_stack
                0x20006d54      0x604 load address 0x0800a8b8
                0x20006d58                . = ALIGN (0x8)
 *fill*         0x20006d54        0x4 
                0x20006d58                PROVIDE (end = .)
                [!provide]                PROVIDE (_end = .)
                0x20006f58                . = (. + _Min_Heap_Size)
 *fill*         0x20006d58      0x200 
                0x20007358                . = (. + _Min_Stack_Size)
 *fill*         0x20006f58      0x400 
                0x20007358                . = ALIGN (0x8)

/DISCARD/
 libc.a(*)
 libm.a(*)
 libgcc.a(*)

.ARM.attributes
                0x00000000       0x30
 *(.ARM.attributes)
 .ARM.attributes
                0x00000000       0x22 c:/ac6/systemworkbench/plugins/fr.ac6.mcu.externaltools.arm-none.win32_1.17.0.201812190825/tools/compiler/bin/../lib/gcc/arm-none-eabi/7.3.1/thumb/v7e-m/fpv4-sp/hard/crti.o
 .ARM.attributes
                0x00000022       0x34 c:/ac6/systemworkbench/plugins/fr.ac6.mcu.externaltools.arm-none.win32_1.17.0.201812190825/tools/compiler/bin/../lib/gcc/arm-none-eabi/7.3.1/thumb/v7e-m/fpv4-sp/hard/crtbegin.o
 .ARM.attributes
                0x00000056       0x39 Drivers/STM32F4xx_HAL_Driver/Src/stm32f4xx_hal.o
 .ARM.attributes
                0x0000008f       0x39 Drivers/STM32F4xx_HAL_Driver/Src/stm32f4xx_hal_adc.o
 .ARM.attributes
                0x000000c8       0x39 Drivers/STM32F4xx_HAL_Driver/Src/stm32f4xx_hal_can.o
 .ARM.attributes
                0x00000101       0x39 Drivers/STM32F4xx_HAL_Driver/Src/stm32f4xx_hal_cortex.o
 .ARM.attributes
                0x0000013a       0x39 Drivers/STM32F4xx_HAL_Driver/Src/stm32f4xx_hal_dma.o
 .ARM.attributes
                0x00000173       0x39 Drivers/STM32F4xx_HAL_Driver/Src/stm32f4xx_hal_gpio.o
 .ARM.attributes
                0x000001ac       0x39 Drivers/STM32F4xx_HAL_Driver/Src/stm32f4xx_hal_rcc.o
 .ARM.attributes
                0x000001e5       0x39 Drivers/STM32F4xx_HAL_Driver/Src/stm32f4xx_hal_rcc_ex.o
 .ARM.attributes
                0x0000021e       0x39 Drivers/STM32F4xx_HAL_Driver/Src/stm32f4xx_hal_rtc.o
 .ARM.attributes
                0x00000257       0x39 Drivers/STM32F4xx_HAL_Driver/Src/stm32f4xx_hal_sd.o
 .ARM.attributes
                0x00000290       0x39 Drivers/STM32F4xx_HAL_Driver/Src/stm32f4xx_hal_tim.o
 .ARM.attributes
                0x000002c9       0x39 Drivers/STM32F4xx_HAL_Driver/Src/stm32f4xx_hal_tim_ex.o
 .ARM.attributes
                0x00000302       0x39 Drivers/STM32F4xx_HAL_Driver/Src/stm32f4xx_hal_uart.o
 .ARM.attributes
                0x0000033b       0x39 Drivers/STM32F4xx_HAL_Driver/Src/stm32f4xx_ll_sdmmc.o
 .ARM.attributes
                0x00000374       0x39 Middlewares/Third_Party/FatFs/src/diskio.o
 .ARM.attributes
                0x000003ad       0x39 Middlewares/Third_Party/FatFs/src/ff.o
 .ARM.attributes
                0x000003e6       0x39 Middlewares/Third_Party/FatFs/src/ff_gen_drv.o
 .ARM.attributes
                0x0000041f       0x39 Middlewares/Third_Party/FatFs/src/option/ccsbcs.o
 .ARM.attributes
                0x00000458       0x39 Middlewares/Third_Party/FatFs/src/option/syscall.o
 .ARM.attributes
                0x00000491       0x39 Middlewares/Third_Party/FreeRTOS/Source/CMSIS_RTOS/cmsis_os.o
 .ARM.attributes
                0x000004ca       0x39 Middlewares/Third_Party/FreeRTOS/Source/list.o
 .ARM.attributes
                0x00000503       0x39 Middlewares/Third_Party/FreeRTOS/Source/queue.o
 .ARM.attributes
                0x0000053c       0x39 Middlewares/Third_Party/FreeRTOS/Source/tasks.o
 .ARM.attributes
                0x00000575       0x39 Middlewares/Third_Party/FreeRTOS/Source/portable/GCC/ARM_CM4F/port.o
 .ARM.attributes
                0x000005ae       0x39 Middlewares/Third_Party/FreeRTOS/Source/portable/MemMang/heap_4.o
 .ARM.attributes
                0x000005e7       0x39 Src/adc.o
 .ARM.attributes
                0x00000620       0x39 Src/bsp_driver_sd.o
 .ARM.attributes
                0x00000659       0x39 Src/can.o
 .ARM.attributes
                0x00000692       0x39 Src/dma.o
 .ARM.attributes
                0x000006cb       0x39 Src/fatfs.o
 .ARM.attributes
                0x00000704       0x39 Src/fatfs_platform.o
 .ARM.attributes
                0x0000073d       0x39 Src/freertos.o
 .ARM.attributes
                0x00000776       0x39 Src/gpio.o
 .ARM.attributes
                0x000007af       0x39 Src/main.o
 .ARM.attributes
                0x000007e8       0x39 Src/rtc.o
 .ARM.attributes
                0x00000821       0x39 Src/sd_card.o
 .ARM.attributes
                0x0000085a       0x39 Src/sd_diskio.o
 .ARM.attributes
                0x00000893       0x39 Src/sdio.o
 .ARM.attributes
                0x000008cc       0x39 Src/stm32f4xx_hal_msp.o
 .ARM.attributes
                0x00000905       0x39 Src/stm32f4xx_hal_timebase_tim.o
 .ARM.attributes
                0x0000093e       0x39 Src/stm32f4xx_it.o
 .ARM.attributes
                0x00000977       0x39 Src/system_stm32f4xx.o
 .ARM.attributes
                0x000009b0       0x39 Src/usart.o
 .ARM.attributes
                0x000009e9       0x21 startup/startup_stm32f446xx.o
 .ARM.attributes
                0x00000a0a       0x22 c:/ac6/systemworkbench/plugins/fr.ac6.mcu.externaltools.arm-none.win32_1.17.0.201812190825/tools/compiler/bin/../lib/gcc/arm-none-eabi/7.3.1/thumb/v7e-m/fpv4-sp/hard\libgcc.a(_arm_addsubdf3.o)
 .ARM.attributes
                0x00000a2c       0x22 c:/ac6/systemworkbench/plugins/fr.ac6.mcu.externaltools.arm-none.win32_1.17.0.201812190825/tools/compiler/bin/../lib/gcc/arm-none-eabi/7.3.1/thumb/v7e-m/fpv4-sp/hard\libgcc.a(_arm_muldivdf3.o)
 .ARM.attributes
                0x00000a4e       0x22 c:/ac6/systemworkbench/plugins/fr.ac6.mcu.externaltools.arm-none.win32_1.17.0.201812190825/tools/compiler/bin/../lib/gcc/arm-none-eabi/7.3.1/thumb/v7e-m/fpv4-sp/hard\libgcc.a(_aeabi_uldivmod.o)
 .ARM.attributes
                0x00000a70       0x34 c:/ac6/systemworkbench/plugins/fr.ac6.mcu.externaltools.arm-none.win32_1.17.0.201812190825/tools/compiler/bin/../lib/gcc/arm-none-eabi/7.3.1/thumb/v7e-m/fpv4-sp/hard\libgcc.a(_udivmoddi4.o)
 .ARM.attributes
                0x00000aa4       0x22 c:/ac6/systemworkbench/plugins/fr.ac6.mcu.externaltools.arm-none.win32_1.17.0.201812190825/tools/compiler/bin/../lib/gcc/arm-none-eabi/7.3.1/thumb/v7e-m/fpv4-sp/hard\libgcc.a(_dvmd_tls.o)
 .ARM.attributes
                0x00000ac6       0x34 c:/ac6/systemworkbench/plugins/fr.ac6.mcu.externaltools.arm-none.win32_1.17.0.201812190825/tools/compiler/bin/../lib/gcc/arm-none-eabi/7.3.1/../../../../arm-none-eabi/lib/thumb/v7e-m/fpv4-sp/hard\libc_nano.a(lib_a-impure.o)
 .ARM.attributes
                0x00000afa       0x34 c:/ac6/systemworkbench/plugins/fr.ac6.mcu.externaltools.arm-none.win32_1.17.0.201812190825/tools/compiler/bin/../lib/gcc/arm-none-eabi/7.3.1/../../../../arm-none-eabi/lib/thumb/v7e-m/fpv4-sp/hard\libc_nano.a(lib_a-init.o)
 .ARM.attributes
                0x00000b2e       0x34 c:/ac6/systemworkbench/plugins/fr.ac6.mcu.externaltools.arm-none.win32_1.17.0.201812190825/tools/compiler/bin/../lib/gcc/arm-none-eabi/7.3.1/../../../../arm-none-eabi/lib/thumb/v7e-m/fpv4-sp/hard\libc_nano.a(lib_a-memcpy-stub.o)
 .ARM.attributes
                0x00000b62       0x34 c:/ac6/systemworkbench/plugins/fr.ac6.mcu.externaltools.arm-none.win32_1.17.0.201812190825/tools/compiler/bin/../lib/gcc/arm-none-eabi/7.3.1/../../../../arm-none-eabi/lib/thumb/v7e-m/fpv4-sp/hard\libc_nano.a(lib_a-memset.o)
 .ARM.attributes
                0x00000b96       0x34 c:/ac6/systemworkbench/plugins/fr.ac6.mcu.externaltools.arm-none.win32_1.17.0.201812190825/tools/compiler/bin/../lib/gcc/arm-none-eabi/7.3.1/../../../../arm-none-eabi/lib/thumb/v7e-m/fpv4-sp/hard\libc_nano.a(lib_a-reent.o)
 .ARM.attributes
                0x00000bca       0x34 c:/ac6/systemworkbench/plugins/fr.ac6.mcu.externaltools.arm-none.win32_1.17.0.201812190825/tools/compiler/bin/../lib/gcc/arm-none-eabi/7.3.1/../../../../arm-none-eabi/lib/thumb/v7e-m/fpv4-sp/hard\libc_nano.a(lib_a-sprintf.o)
 .ARM.attributes
                0x00000bfe       0x1b c:/ac6/systemworkbench/plugins/fr.ac6.mcu.externaltools.arm-none.win32_1.17.0.201812190825/tools/compiler/bin/../lib/gcc/arm-none-eabi/7.3.1/../../../../arm-none-eabi/lib/thumb/v7e-m/fpv4-sp/hard\libc_nano.a(lib_a-strlen.o)
 .ARM.attributes
                0x00000c19       0x34 c:/ac6/systemworkbench/plugins/fr.ac6.mcu.externaltools.arm-none.win32_1.17.0.201812190825/tools/compiler/bin/../lib/gcc/arm-none-eabi/7.3.1/../../../../arm-none-eabi/lib/thumb/v7e-m/fpv4-sp/hard\libc_nano.a(lib_a-nano-freer.o)
 .ARM.attributes
                0x00000c4d       0x34 c:/ac6/systemworkbench/plugins/fr.ac6.mcu.externaltools.arm-none.win32_1.17.0.201812190825/tools/compiler/bin/../lib/gcc/arm-none-eabi/7.3.1/../../../../arm-none-eabi/lib/thumb/v7e-m/fpv4-sp/hard\libc_nano.a(lib_a-nano-mallocr.o)
 .ARM.attributes
                0x00000c81       0x34 c:/ac6/systemworkbench/plugins/fr.ac6.mcu.externaltools.arm-none.win32_1.17.0.201812190825/tools/compiler/bin/../lib/gcc/arm-none-eabi/7.3.1/../../../../arm-none-eabi/lib/thumb/v7e-m/fpv4-sp/hard\libc_nano.a(lib_a-nano-svfprintf.o)
 .ARM.attributes
                0x00000cb5       0x34 c:/ac6/systemworkbench/plugins/fr.ac6.mcu.externaltools.arm-none.win32_1.17.0.201812190825/tools/compiler/bin/../lib/gcc/arm-none-eabi/7.3.1/../../../../arm-none-eabi/lib/thumb/v7e-m/fpv4-sp/hard\libc_nano.a(lib_a-nano-vfprintf_i.o)
 .ARM.attributes
                0x00000ce9       0x34 c:/ac6/systemworkbench/plugins/fr.ac6.mcu.externaltools.arm-none.win32_1.17.0.201812190825/tools/compiler/bin/../lib/gcc/arm-none-eabi/7.3.1/../../../../arm-none-eabi/lib/thumb/v7e-m/fpv4-sp/hard\libc_nano.a(lib_a-sbrkr.o)
 .ARM.attributes
                0x00000d1d       0x20 c:/ac6/systemworkbench/plugins/fr.ac6.mcu.externaltools.arm-none.win32_1.17.0.201812190825/tools/compiler/bin/../lib/gcc/arm-none-eabi/7.3.1/../../../../arm-none-eabi/lib/thumb/v7e-m/fpv4-sp/hard\libc_nano.a(lib_a-memchr.o)
 .ARM.attributes
                0x00000d3d       0x34 c:/ac6/systemworkbench/plugins/fr.ac6.mcu.externaltools.arm-none.win32_1.17.0.201812190825/tools/compiler/bin/../lib/gcc/arm-none-eabi/7.3.1/../../../../arm-none-eabi/lib/thumb/v7e-m/fpv4-sp/hard\libc_nano.a(lib_a-memmove.o)
 .ARM.attributes
                0x00000d71       0x34 c:/ac6/systemworkbench/plugins/fr.ac6.mcu.externaltools.arm-none.win32_1.17.0.201812190825/tools/compiler/bin/../lib/gcc/arm-none-eabi/7.3.1/../../../../arm-none-eabi/lib/thumb/v7e-m/fpv4-sp/hard\libc_nano.a(lib_a-mlock.o)
 .ARM.attributes
                0x00000da5       0x34 c:/ac6/systemworkbench/plugins/fr.ac6.mcu.externaltools.arm-none.win32_1.17.0.201812190825/tools/compiler/bin/../lib/gcc/arm-none-eabi/7.3.1/../../../../arm-none-eabi/lib/thumb/v7e-m/fpv4-sp/hard\libc_nano.a(lib_a-nano-reallocr.o)
 .ARM.attributes
                0x00000dd9       0x34 c:/ac6/systemworkbench/plugins/fr.ac6.mcu.externaltools.arm-none.win32_1.17.0.201812190825/tools/compiler/bin/../lib/gcc/arm-none-eabi/7.3.1/../../../../arm-none-eabi/lib/thumb/v7e-m/fpv4-sp/hard\libc_nano.a(lib_a-nano-msizer.o)
 .ARM.attributes
                0x00000e0d       0x34 c:/ac6/systemworkbench/plugins/fr.ac6.mcu.externaltools.arm-none.win32_1.17.0.201812190825/tools/compiler/bin/../lib/gcc/arm-none-eabi/7.3.1/../../../../arm-none-eabi/lib/thumb/v7e-m/fpv4-sp/hard\libnosys.a(sbrk.o)
 .ARM.attributes
                0x00000e41       0x22 c:/ac6/systemworkbench/plugins/fr.ac6.mcu.externaltools.arm-none.win32_1.17.0.201812190825/tools/compiler/bin/../lib/gcc/arm-none-eabi/7.3.1/thumb/v7e-m/fpv4-sp/hard/crtn.o
OUTPUT(SensorSquid.elf elf32-littlearm)

.debug_info     0x00000000    0x3588a
 .debug_info    0x00000000      0xa43 Drivers/STM32F4xx_HAL_Driver/Src/stm32f4xx_hal.o
 .debug_info    0x00000a43      0xe31 Drivers/STM32F4xx_HAL_Driver/Src/stm32f4xx_hal_adc.o
 .debug_info    0x00001874     0x113c Drivers/STM32F4xx_HAL_Driver/Src/stm32f4xx_hal_can.o
 .debug_info    0x000029b0      0xfaa Drivers/STM32F4xx_HAL_Driver/Src/stm32f4xx_hal_cortex.o
 .debug_info    0x0000395a      0xaad Drivers/STM32F4xx_HAL_Driver/Src/stm32f4xx_hal_dma.o
 .debug_info    0x00004407      0x81e Drivers/STM32F4xx_HAL_Driver/Src/stm32f4xx_hal_gpio.o
 .debug_info    0x00004c25      0xad4 Drivers/STM32F4xx_HAL_Driver/Src/stm32f4xx_hal_rcc.o
 .debug_info    0x000056f9      0xc44 Drivers/STM32F4xx_HAL_Driver/Src/stm32f4xx_hal_rcc_ex.o
 .debug_info    0x0000633d      0xf9e Drivers/STM32F4xx_HAL_Driver/Src/stm32f4xx_hal_rtc.o
 .debug_info    0x000072db     0x234c Drivers/STM32F4xx_HAL_Driver/Src/stm32f4xx_hal_sd.o
 .debug_info    0x00009627     0x3738 Drivers/STM32F4xx_HAL_Driver/Src/stm32f4xx_hal_tim.o
 .debug_info    0x0000cd5f     0x1877 Drivers/STM32F4xx_HAL_Driver/Src/stm32f4xx_hal_tim_ex.o
 .debug_info    0x0000e5d6     0x3944 Drivers/STM32F4xx_HAL_Driver/Src/stm32f4xx_hal_uart.o
 .debug_info    0x00011f1a     0x17ad Drivers/STM32F4xx_HAL_Driver/Src/stm32f4xx_ll_sdmmc.o