Archive member included to satisfy reference by file (symbol)

c:/st/stm32cubeide_1.8.0/stm32cubeide/plugins/com.st.stm32cube.ide.mcu.externaltools.gnu-tools-for-stm32.10.3-2021.10.win32_1.0.0.202111181127/tools/bin/../lib/gcc/arm-none-eabi/10.3.1/../../../../arm-none-eabi/lib/thumb/v7e-m+fp/hard\libc_nano.a(lib_a-exit.o)
                              c:/st/stm32cubeide_1.8.0/stm32cubeide/plugins/com.st.stm32cube.ide.mcu.externaltools.gnu-tools-for-stm32.10.3-2021.10.win32_1.0.0.202111181127/tools/bin/../lib/gcc/arm-none-eabi/10.3.1/../../../../arm-none-eabi/lib/thumb/v7e-m+fp/hard/crt0.o (exit)
c:/st/stm32cubeide_1.8.0/stm32cubeide/plugins/com.st.stm32cube.ide.mcu.externaltools.gnu-tools-for-stm32.10.3-2021.10.win32_1.0.0.202111181127/tools/bin/../lib/gcc/arm-none-eabi/10.3.1/../../../../arm-none-eabi/lib/thumb/v7e-m+fp/hard\libc_nano.a(lib_a-findfp.o)
                              ./Middlewares/Third_Party/FreeRTOS/Source/tasks.o (__sf_fake_stderr)
c:/st/stm32cubeide_1.8.0/stm32cubeide/plugins/com.st.stm32cube.ide.mcu.externaltools.gnu-tools-for-stm32.10.3-2021.10.win32_1.0.0.202111181127/tools/bin/../lib/gcc/arm-none-eabi/10.3.1/../../../../arm-none-eabi/lib/thumb/v7e-m+fp/hard\libc_nano.a(lib_a-fwalk.o)
                              c:/st/stm32cubeide_1.8.0/stm32cubeide/plugins/com.st.stm32cube.ide.mcu.externaltools.gnu-tools-for-stm32.10.3-2021.10.win32_1.0.0.202111181127/tools/bin/../lib/gcc/arm-none-eabi/10.3.1/../../../../arm-none-eabi/lib/thumb/v7e-m+fp/hard\libc_nano.a(lib_a-findfp.o) (_fwalk)
c:/st/stm32cubeide_1.8.0/stm32cubeide/plugins/com.st.stm32cube.ide.mcu.externaltools.gnu-tools-for-stm32.10.3-2021.10.win32_1.0.0.202111181127/tools/bin/../lib/gcc/arm-none-eabi/10.3.1/../../../../arm-none-eabi/lib/thumb/v7e-m+fp/hard\libc_nano.a(lib_a-impure.o)
                              c:/st/stm32cubeide_1.8.0/stm32cubeide/plugins/com.st.stm32cube.ide.mcu.externaltools.gnu-tools-for-stm32.10.3-2021.10.win32_1.0.0.202111181127/tools/bin/../lib/gcc/arm-none-eabi/10.3.1/../../../../arm-none-eabi/lib/thumb/v7e-m+fp/hard\libc_nano.a(lib_a-exit.o) (_global_impure_ptr)
c:/st/stm32cubeide_1.8.0/stm32cubeide/plugins/com.st.stm32cube.ide.mcu.externaltools.gnu-tools-for-stm32.10.3-2021.10.win32_1.0.0.202111181127/tools/bin/../lib/gcc/arm-none-eabi/10.3.1/../../../../arm-none-eabi/lib/thumb/v7e-m+fp/hard\libc_nano.a(lib_a-init.o)
                              c:/st/stm32cubeide_1.8.0/stm32cubeide/plugins/com.st.stm32cube.ide.mcu.externaltools.gnu-tools-for-stm32.10.3-2021.10.win32_1.0.0.202111181127/tools/bin/../lib/gcc/arm-none-eabi/10.3.1/../../../../arm-none-eabi/lib/thumb/v7e-m+fp/hard/crt0.o (__libc_init_array)
c:/st/stm32cubeide_1.8.0/stm32cubeide/plugins/com.st.stm32cube.ide.mcu.externaltools.gnu-tools-for-stm32.10.3-2021.10.win32_1.0.0.202111181127/tools/bin/../lib/gcc/arm-none-eabi/10.3.1/../../../../arm-none-eabi/lib/thumb/v7e-m+fp/hard\libc_nano.a(lib_a-lock.o)
                              c:/st/stm32cubeide_1.8.0/stm32cubeide/plugins/com.st.stm32cube.ide.mcu.externaltools.gnu-tools-for-stm32.10.3-2021.10.win32_1.0.0.202111181127/tools/bin/../lib/gcc/arm-none-eabi/10.3.1/../../../../arm-none-eabi/lib/thumb/v7e-m+fp/hard\libc_nano.a(lib_a-findfp.o) (__retarget_lock_init_recursive)
c:/st/stm32cubeide_1.8.0/stm32cubeide/plugins/com.st.stm32cube.ide.mcu.externaltools.gnu-tools-for-stm32.10.3-2021.10.win32_1.0.0.202111181127/tools/bin/../lib/gcc/arm-none-eabi/10.3.1/../../../../arm-none-eabi/lib/thumb/v7e-m+fp/hard\libc_nano.a(lib_a-memcpy-stub.o)
                              ./Middlewares/Third_Party/FreeRTOS/Source/queue.o (memcpy)
c:/st/stm32cubeide_1.8.0/stm32cubeide/plugins/com.st.stm32cube.ide.mcu.externaltools.gnu-tools-for-stm32.10.3-2021.10.win32_1.0.0.202111181127/tools/bin/../lib/gcc/arm-none-eabi/10.3.1/../../../../arm-none-eabi/lib/thumb/v7e-m+fp/hard\libc_nano.a(lib_a-memset.o)
                              c:/st/stm32cubeide_1.8.0/stm32cubeide/plugins/com.st.stm32cube.ide.mcu.externaltools.gnu-tools-for-stm32.10.3-2021.10.win32_1.0.0.202111181127/tools/bin/../lib/gcc/arm-none-eabi/10.3.1/../../../../arm-none-eabi/lib/thumb/v7e-m+fp/hard/crt0.o (memset)
c:/st/stm32cubeide_1.8.0/stm32cubeide/plugins/com.st.stm32cube.ide.mcu.externaltools.gnu-tools-for-stm32.10.3-2021.10.win32_1.0.0.202111181127/tools/bin/../lib/gcc/arm-none-eabi/10.3.1/../../../../arm-none-eabi/lib/thumb/v7e-m+fp/hard\libc_nano.a(lib_a-nano-mallocr.o)
                              c:/st/stm32cubeide_1.8.0/stm32cubeide/plugins/com.st.stm32cube.ide.mcu.externaltools.gnu-tools-for-stm32.10.3-2021.10.win32_1.0.0.202111181127/tools/bin/../lib/gcc/arm-none-eabi/10.3.1/../../../../arm-none-eabi/lib/thumb/v7e-m+fp/hard\libc_nano.a(lib_a-findfp.o) (_malloc_r)
c:/st/stm32cubeide_1.8.0/stm32cubeide/plugins/com.st.stm32cube.ide.mcu.externaltools.gnu-tools-for-stm32.10.3-2021.10.win32_1.0.0.202111181127/tools/bin/../lib/gcc/arm-none-eabi/10.3.1/../../../../arm-none-eabi/lib/thumb/v7e-m+fp/hard\libc_nano.a(lib_a-reent.o)
[...]
Memory Configuration

Name             Origin             Length             Attributes
RAM              0x0000000020000000 0x0000000000020000 xrw
FLASH            0x0000000008000000 0x0000000000080000 xr
*default*        0x0000000000000000 0xffffffffffffffff

Linker script and memory map

LOAD c:/st/stm32cubeide_1.8.0/stm32cubeide/plugins/com.st.stm32cube.ide.mcu.externaltools.gnu-tools-for-stm32.10.3-2021.10.win32_1.0.0.202111181127/tools/bin/../lib/gcc/arm-none-eabi/10.3.1/thumb/v7e-m+fp/hard/crti.o
LOAD c:/st/stm32cubeide_1.8.0/stm32cubeide/plugins/com.st.stm32cube.ide.mcu.externaltools.gnu-tools-for-stm32.10.3-2021.10.win32_1.0.0.202111181127/tools/bin/../lib/gcc/arm-none-eabi/10.3.1/thumb/v7e-m+fp/hard/crtbegin.o
LOAD c:/st/stm32cubeide_1.8.0/stm32cubeide/plugins/com.st.stm32cube.ide.mcu.externaltools.gnu-tools-for-stm32.10.3-2021.10.win32_1.0.0.202111181127/tools/bin/../lib/gcc/arm-none-eabi/10.3.1/../../../../arm-none-eabi/lib/thumb/v7e-m+fp/hard/crt0.o
LOAD ./Drivers/STM32F4xx_HAL_Driver/Src/stm32f4xx_hal.o
LOAD ./Drivers/STM32F4xx_HAL_Driver/Src/stm32f4xx_hal_adc.o
LOAD ./Drivers/STM32F4xx_HAL_Driver/Src/stm32f4xx_hal_adc_ex.o
LOAD ./Drivers/STM32F4xx_HAL_Driver/Src/stm32f4xx_hal_can.o
LOAD ./Drivers/STM32F4xx_HAL_Driver/Src/stm32f4xx_hal_cortex.o
LOAD ./Drivers/STM32F4xx_HAL_Driver/Src/stm32f4xx_hal_dma.o
LOAD ./Drivers/STM32F4xx_HAL_Driver/Src/stm32f4xx_hal_dma_ex.o
LOAD ./Drivers/STM32F4xx_HAL_Driver/Src/stm32f4xx_hal_exti.o
LOAD ./Drivers/STM32F4xx_HAL_Driver/Src/stm32f4xx_hal_flash.o
LOAD ./Drivers/STM32F4xx_HAL_Driver/Src/stm32f4xx_hal_flash_ex.o
LOAD ./Drivers/STM32F4xx_HAL_Driver/Src/stm32f4xx_hal_flash_ramfunc.o
LOAD ./Drivers/STM32F4xx_HAL_Driver/Src/stm32f4xx_hal_gpio.o
LOAD ./Drivers/STM32F4xx_HAL_Driver/Src/stm32f4xx_hal_pwr.o
LOAD ./Drivers/STM32F4xx_HAL_Driver/Src/stm32f4xx_hal_pwr_ex.o
LOAD ./Drivers/STM32F4xx_HAL_Driver/Src/stm32f4xx_hal_rcc.o
LOAD ./Drivers/STM32F4xx_HAL_Driver/Src/stm32f4xx_hal_rcc_ex.o
LOAD ./Drivers/STM32F4xx_HAL_Driver/Src/stm32f4xx_hal_rtc.o
LOAD ./Drivers/STM32F4xx_HAL_Driver/Src/stm32f4xx_hal_rtc_ex.o
LOAD ./Drivers/STM32F4xx_HAL_Driver/Src/stm32f4xx_hal_sd.o
LOAD ./Drivers/STM32F4xx_HAL_Driver/Src/stm32f4xx_hal_tim.o
LOAD ./Drivers/STM32F4xx_HAL_Driver/Src/stm32f4xx_hal_tim_ex.o
LOAD ./Drivers/STM32F4xx_HAL_Driver/Src/stm32f4xx_hal_uart.o
LOAD ./Drivers/STM32F4xx_HAL_Driver/Src/stm32f4xx_ll_adc.o
LOAD ./Drivers/STM32F4xx_HAL_Driver/Src/stm32f4xx_ll_sdmmc.o
LOAD ./Middlewares/Third_Party/FatFs/src/diskio.o
LOAD ./Middlewares/Third_Party/FatFs/src/ff.o
LOAD ./Middlewares/Third_Party/FatFs/src/ff_gen_drv.o
LOAD ./Middlewares/Third_Party/FatFs/src/option/ccsbcs.o
LOAD ./Middlewares/Third_Party/FatFs/src/option/syscall.o
LOAD ./Middlewares/Third_Party/FreeRTOS/Source/CMSIS_RTOS/cmsis_os.o
LOAD ./Middlewares/Third_Party/FreeRTOS/Source/croutine.o
LOAD ./Middlewares/Third_Party/FreeRTOS/Source/event_groups.o
LOAD ./Middlewares/Third_Party/FreeRTOS/Source/list.o
LOAD ./Middlewares/Third_Party/FreeRTOS/Source/queue.o
LOAD ./Middlewares/Third_Party/FreeRTOS/Source/stream_buffer.o
LOAD ./Middlewares/Third_Party/FreeRTOS/Source/tasks.o
LOAD ./Middlewares/Third_Party/FreeRTOS/Source/timers.o
LOAD ./Middlewares/Third_Party/FreeRTOS/Source/portable/GCC/ARM_CM4F/port.o
LOAD ./Middlewares/Third_Party/FreeRTOS/Source/portable/MemMang/heap_4.o
LOAD ./Src/adc.o
LOAD ./Src/bsp_driver_sd.o
LOAD ./Src/can.o
LOAD ./Src/dma.o
LOAD ./Src/fatfs.o
LOAD ./Src/fatfs_platform.o
LOAD ./Src/freertos.o
LOAD ./Src/gpio.o
LOAD ./Src/main.o
LOAD ./Src/rtc.o
LOAD ./Src/sd_card.o
LOAD ./Src/sd_diskio.o
LOAD ./Src/sdio.o
LOAD ./Src/stm32f4xx_hal_msp.o
LOAD ./Src/stm32f4xx_hal_timebase_tim.o
LOAD ./Src/stm32f4xx_it.o
LOAD ./Src/system_stm32f4xx.o
LOAD ./Src/tim.o
LOAD ./Src/timestamps.o
LOAD ./Src/usart.o
LOAD ./Src/wheel_speed.o
LOAD ./startup/startup_stm32f446xx.o
START GROUP
LOAD c:/st/stm32cubeide_1.8.0/stm32cubeide/plugins/com.st.stm32cube.ide.mcu.externaltools.gnu-tools-for-stm32.10.3-2021.10.win32_1.0.0.202111181127/tools/bin/../lib/gcc/arm-none-eabi/10.3.1/../../../../arm-none-eabi/lib/thumb/v7e-m+fp/hard\libc_nano.a
LOAD c:/st/stm32cubeide_1.8.0/stm32cubeide/plugins/com.st.stm32cube.ide.mcu.externaltools.gnu-tools-for-stm32.10.3-2021.10.win32_1.0.0.202111181127/tools/bin/../lib/gcc/arm-none-eabi/10.3.1/../../../../arm-none-eabi/lib/thumb/v7e-m+fp/hard\libm.a
END GROUP
START GROUP
LOAD c:/st/stm32cubeide_1.8.0/stm32cubeide/plugins/com.st.stm32cube.ide.mcu.externaltools.gnu-tools-for-stm32.10.3-2021.10.win32_1.0.0.202111181127/tools/bin/../lib/gcc/arm-none-eabi/10.3.1/thumb/v7e-m+fp/hard\libgcc.a
LOAD c:/st/stm32cubeide_1.8.0/stm32cubeide/plugins/com.st.stm32cube.ide.mcu.externaltools.gnu-tools-for-stm32.10.3-2021.10.win32_1.0.0.202111181127/tools/bin/../lib/gcc/arm-none-eabi/10.3.1/../../../../arm-none-eabi/lib/thumb/v7e-m+fp/hard\libc_nano.a
END GROUP
START GROUP
LOAD c:/st/stm32cubeide_1.8.0/stm32cubeide/plugins/com.st.stm32cube.ide.mcu.externaltools.gnu-tools-for-stm32.10.3-2021.10.win32_1.0.0.202111181127/tools/bin/../lib/gcc/arm-none-eabi/10.3.1/thumb/v7e-m+fp/hard\libgcc.a
LOAD c:/st/stm32cubeide_1.8.0/stm32cubeide/plugins/com.st.stm32cube.ide.mcu.externaltools.gnu-tools-for-stm32.10.3-2021.10.win32_1.0.0.202111181127/tools/bin/../lib/gcc/arm-none-eabi/10.3.1/../../../../arm-none-eabi/lib/thumb/v7e-m+fp/hard\libc_nano.a
LOAD c:/st/stm32cubeide_1.8.0/stm32cubeide/plugins/com.st.stm32cube.ide.mcu.externaltools.gnu-tools-for-stm32.10.3-2021.10.win32_1.0.0.202111181127/tools/bin/../lib/gcc/arm-none-eabi/10.3.1/../../../../arm-none-eabi/lib/thumb/v7e-m+fp/hard\libnosys.a
END GROUP
START GROUP
LOAD c:/st/stm32cubeide_1.8.0/stm32cubeide/plugins/com.st.stm32cube.ide.mcu.externaltools.gnu-tools-for-stm32.10.3-2021.10.win32_1.0.0.202111181127/tools/bin/../lib/gcc/arm-none-eabi/10.3.1/thumb/v7e-m+fp/hard\libgcc.a
LOAD c:/st/stm32cubeide_1.8.0/stm32cubeide/plugins/com.st.stm32cube.ide.mcu.externaltools.gnu-tools-for-stm32.10.3-2021.10.win32_1.0.0.202111181127/tools/bin/../lib/gcc/arm-none-eabi/10.3.1/../../../../arm-none-eabi/lib/thumb/v7e-m+fp/hard\libc_nano.a
LOAD c:/st/stm32cubeide_1.8.0/stm32cubeide/plugins/com.st.stm32cube.ide.mcu.externaltools.gnu-tools-for-stm32.10.3-2021.10.win32_1.0.0.202111181127/tools/bin/../lib/gcc/arm-none-eabi/10.3.1/../../../../arm-none-eabi/lib/thumb/v7e-m+fp/hard\libnosys.a
END GROUP
LOAD c:/st/stm32cubeide_1.8.0/stm32cubeide/plugins/com.st.stm32cube.ide.mcu.externaltools.gnu-tools-for-stm32.10.3-2021.10.win32_1.0.0.202111181127/tools/bin/../lib/gcc/arm-none-eabi/10.3.1/thumb/v7e-m+fp/hard/crtend.o
LOAD c:/st/stm32cubeide_1.8.0/stm32cubeide/plugins/com.st.stm32cube.ide.mcu.externaltools.gnu-tools-for-stm32.10.3-2021.10.win32_1.0.0.202111181127/tools/bin/../lib/gcc/arm-none-eabi/10.3.1/thumb/v7e-m+fp/hard/crtn.o
                0x0000000020020000                _estack = 0x20020000
                0x0000000000000200                _Min_Heap_Size = 0x200
                0x0000000000000400                _Min_Stack_Size = 0x400

.isr_vector     0x0000000008000000      0x1c4
                0x0000000008000000                . = ALIGN (0x4)
 *(.isr_vector)
 .isr_vector    0x0000000008000000      0x1c4 ./startup/startup_stm32f446xx.o
                0x0000000008000000                g_pfnVectors
                0x00000000080001c4                . = ALIGN (0x4)

.text           0x00000000080001d0     0xb1b8
                0x00000000080001d0                . = ALIGN (0x4)
 *(.text)
 .text          0x00000000080001d0       0x40 c:/st/stm32cubeide_1.8.0/stm32cubeide/plugins/com.st.stm32cube.ide.mcu.externaltools.gnu-tools-for-stm32.10.3-2021.10.win32_1.0.0.202111181127/tools/bin/../lib/gcc/arm-none-eabi/10.3.1/thumb/v7e-m+fp/hard/crtbegin.o
 .text          0x0000000008000210       0x10 c:/st/stm32cubeide_1.8.0/stm32cubeide/plugins/com.st.stm32cube.ide.mcu.externaltools.gnu-tools-for-stm32.10.3-2021.10.win32_1.0.0.202111181127/tools/bin/../lib/gcc/arm-none-eabi/10.3.1/../../../../arm-none-eabi/lib/thumb/v7e-m+fp/hard\libc_nano.a(lib_a-strlen.o)
                0x0000000008000210                strlen
 .text          0x0000000008000220       0xa0 c:/st/stm32cubeide_1.8.0/stm32cubeide/plugins/com.st.stm32cube.ide.mcu.externaltools.gnu-tools-for-stm32.10.3-2021.10.win32_1.0.0.202111181127/tools/bin/../lib/gcc/arm-none-eabi/10.3.1/../../../../arm-none-eabi/lib/thumb/v7e-m+fp/hard\libc_nano.a(lib_a-memchr.o)
                0x0000000008000220                memchr
 .text          0x00000000080002c0      0x378 c:/st/stm32cubeide_1.8.0/stm32cubeide/plugins/com.st.stm32cube.ide.mcu.externaltools.gnu-tools-for-stm32.10.3-2021.10.win32_1.0.0.202111181127/tools/bin/../lib/gcc/arm-none-eabi/10.3.1/thumb/v7e-m+fp/hard\libgcc.a(_arm_addsubdf3.o)
                0x00000000080002c0                __aeabi_drsub
                0x00000000080002c8                __aeabi_dsub
                0x00000000080002c8                __subdf3
                0x00000000080002cc                __aeabi_dadd
                0x00000000080002cc                __adddf3
                0x0000000008000544                __floatunsidf
                0x0000000008000544                __aeabi_ui2d
                0x0000000008000564                __floatsidf
                0x0000000008000564                __aeabi_i2d
                0x0000000008000588                __aeabi_f2d
                0x0000000008000588                __extendsfdf2
                0x00000000080005cc                __floatundidf
                0x00000000080005cc                __aeabi_ul2d
                0x00000000080005dc                __floatdidf
                0x00000000080005dc                __aeabi_l2d
 .text          0x0000000008000638      0x424 c:/st/stm32cubeide_1.8.0/stm32cubeide/plugins/com.st.stm32cube.ide.mcu.externaltools.gnu-tools-for-stm32.10.3-2021.10.win32_1.0.0.202111181127/tools/bin/../lib/gcc/arm-none-eabi/10.3.1/thumb/v7e-m+fp/hard\libgcc.a(_arm_muldivdf3.o)
                0x0000000008000638                __aeabi_dmul
                0x0000000008000638                __muldf3
                0x000000000800088c                __divdf3
                0x000000000800088c                __aeabi_ddiv
 .text          0x0000000008000a5c      0x21c c:/st/stm32cubeide_1.8.0/stm32cubeide/plugins/com.st.stm32cube.ide.mcu.externaltools.gnu-tools-for-stm32.10.3-2021.10.win32_1.0.0.202111181127/tools/bin/../lib/gcc/arm-none-eabi/10.3.1/thumb/v7e-m+fp/hard\libgcc.a(_arm_addsubsf3.o)
                0x0000000008000a5c                __aeabi_frsub
                0x0000000008000a64                __subsf3
                0x0000000008000a64                __aeabi_fsub
                0x0000000008000a68                __aeabi_fadd
                0x0000000008000a68                __addsf3
                0x0000000008000bc8                __aeabi_ui2f
                0x0000000008000bc8                __floatunsisf
                0x0000000008000bd0                __aeabi_i2f
                0x0000000008000bd0                __floatsisf
                0x0000000008000bec                __aeabi_ul2f
                0x0000000008000bec                __floatundisf
                0x0000000008000bfc                __aeabi_l2f
                0x0000000008000bfc                __floatdisf
 .text          0x0000000008000c78       0x30 c:/st/stm32cubeide_1.8.0/stm32cubeide/plugins/com.st.stm32cube.ide.mcu.externaltools.gnu-tools-for-stm32.10.3-2021.10.win32_1.0.0.202111181127/tools/bin/../lib/gcc/arm-none-eabi/10.3.1/thumb/v7e-m+fp/hard\libgcc.a(_aeabi_uldivmod.o)
                0x0000000008000c78                __aeabi_uldivmod
 .text          0x0000000008000ca8      0x2d0 c:/st/stm32cubeide_1.8.0/stm32cubeide/plugins/com.st.stm32cube.ide.mcu.externaltools.gnu-tools-for-stm32.10.3-2021.10.win32_1.0.0.202111181127/tools/bin/../lib/gcc/arm-none-eabi/10.3.1/thumb/v7e-m+fp/hard\libgcc.a(_udivmoddi4.o)
                0x0000000008000ca8                __udivmoddi4
 .text          0x0000000008000f78        0x4 c:/st/stm32cubeide_1.8.0/stm32cubeide/plugins/com.st.stm32cube.ide.mcu.externaltools.gnu-tools-for-stm32.10.3-2021.10.win32_1.0.0.202111181127/tools/bin/../lib/gcc/arm-none-eabi/10.3.1/thumb/v7e-m+fp/hard\libgcc.a(_dvmd_tls.o)
                0x0000000008000f78                __aeabi_idiv0
                0x0000000008000f78                __aeabi_ldiv0
 *(.text*)
 .text.HAL_Init
                0x0000000008000f7c       0x34 ./Drivers/STM32F4xx_HAL_Driver/Src/stm32f4xx_hal.o
                0x0000000008000f7c                HAL_Init
 .text.HAL_GetTick
                0x0000000008000fb0        0xc ./Drivers/STM32F4xx_HAL_Driver/Src/stm32f4xx_hal.o
                0x0000000008000fb0                HAL_GetTick
 .text.HAL_Delay
                0x0000000008000fbc       0x28 ./Drivers/STM32F4xx_HAL_Driver/Src/stm32f4xx_hal.o
                0x0000000008000fbc                HAL_Delay
 .text.ADC_Init
                0x0000000008000fe4      0x134 ./Drivers/STM32F4xx_HAL_Driver/Src/stm32f4xx_hal_adc.o
 .text.HAL_ADC_Init
                0x0000000008001118       0x56 ./Drivers/STM32F4xx_HAL_Driver/Src/stm32f4xx_hal_adc.o
                0x0000000008001118                HAL_ADC_Init
 *fill*         0x000000000800116e        0x2 
 .text.HAL_ADC_ConfigChannel
                0x0000000008001170      0x1ac ./Drivers/STM32F4xx_HAL_Driver/Src/stm32f4xx_hal_adc.o
                0x0000000008001170                HAL_ADC_ConfigChannel
 .text.HAL_CAN_Init
                0x000000000800131c      0x14c ./Drivers/STM32F4xx_HAL_Driver/Src/stm32f4xx_hal_can.o
                0x000000000800131c                HAL_CAN_Init
 .text.HAL_CAN_GetRxMessage
                0x0000000008001468      0x14a ./Drivers/STM32F4xx_HAL_Driver/Src/stm32f4xx_hal_can.o
                0x0000000008001468                HAL_CAN_GetRxMessage
 .text.HAL_CAN_GetRxFifoFillLevel
                0x00000000080015b2       0x26 ./Drivers/STM32F4xx_HAL_Driver/Src/stm32f4xx_hal_can.o
                0x00000000080015b2                HAL_CAN_GetRxFifoFillLevel
 .text.HAL_NVIC_SetPriorityGrouping
                0x00000000080015d8       0x24 ./Drivers/STM32F4xx_HAL_Driver/Src/stm32f4xx_hal_cortex.o
                0x00000000080015d8                HAL_NVIC_SetPriorityGrouping
 .text.HAL_NVIC_SetPriority
                0x00000000080015fc       0x70 ./Drivers/STM32F4xx_HAL_Driver/Src/stm32f4xx_hal_cortex.o
                0x00000000080015fc                HAL_NVIC_SetPriority
 .text.HAL_NVIC_EnableIRQ
                0x000000000800166c       0x1c ./Drivers/STM32F4xx_HAL_Driver/Src/stm32f4xx_hal_cortex.o
                0x000000000800166c                HAL_NVIC_EnableIRQ
 .text.DMA_SetConfig
                0x0000000008001688       0x2c ./Drivers/STM32F4xx_HAL_Driver/Src/stm32f4xx_hal_dma.o
 .text.DMA_CalcBaseAndBitshift
                0x00000000080016b4       0x44 ./Drivers/STM32F4xx_HAL_Driver/Src/stm32f4xx_hal_dma.o
 .text.DMA_CheckFifoParam
                0x00000000080016f8       0x8e ./Drivers/STM32F4xx_HAL_Driver/Src/stm32f4xx_hal_dma.o
 *fill*         0x0000000008001786        0x2 
 .text.HAL_DMA_Init
                0x0000000008001788       0xcc ./Drivers/STM32F4xx_HAL_Driver/Src/stm32f4xx_hal_dma.o
                0x0000000008001788                HAL_DMA_Init
 .text.HAL_DMA_Start_IT
                0x0000000008001854       0x6a ./Drivers/STM32F4xx_HAL_Driver/Src/stm32f4xx_hal_dma.o
                0x0000000008001854                HAL_DMA_Start_IT
 .text.HAL_DMA_Abort_IT
                0x00000000080018be       0x26 ./Drivers/STM32F4xx_HAL_Driver/Src/stm32f4xx_hal_dma.o
                0x00000000080018be                HAL_DMA_Abort_IT
 .text.HAL_DMA_IRQHandler
                0x00000000080018e4      0x1dc ./Drivers/STM32F4xx_HAL_Driver/Src/stm32f4xx_hal_dma.o
                0x00000000080018e4                HAL_DMA_IRQHandler
 .text.HAL_DMA_GetError
                0x0000000008001ac0        0x4 ./Drivers/STM32F4xx_HAL_Driver/Src/stm32f4xx_hal_dma.o
                0x0000000008001ac0                HAL_DMA_GetError
 .text.HAL_GPIO_Init
                0x0000000008001ac4      0x1d8 ./Drivers/STM32F4xx_HAL_Driver/Src/stm32f4xx_hal_gpio.o
                0x0000000008001ac4                HAL_GPIO_Init
 .text.HAL_GPIO_ReadPin
                0x0000000008001c9c        0xe ./Drivers/STM32F4xx_HAL_Driver/Src/stm32f4xx_hal_gpio.o
                0x0000000008001c9c                HAL_GPIO_ReadPin
 *fill*         0x0000000008001caa        0x2 
 .text.HAL_PWREx_EnableOverDrive
                0x0000000008001cac       0x7c ./Drivers/STM32F4xx_HAL_Driver/Src/stm32f4xx_hal_pwr_ex.o
                0x0000000008001cac                HAL_PWREx_EnableOverDrive
 .text.HAL_RCC_ClockConfig
                0x0000000008001d28      0x160 ./Drivers/STM32F4xx_HAL_Driver/Src/stm32f4xx_hal_rcc.o
                0x0000000008001d28                HAL_RCC_ClockConfig
 .text.HAL_RCC_GetHCLKFreq
                0x0000000008001e88        0xc ./Drivers/STM32F4xx_HAL_Driver/Src/stm32f4xx_hal_rcc.o
                0x0000000008001e88                HAL_RCC_GetHCLKFreq
 .text.HAL_RCC_GetPCLK1Freq
                0x0000000008001e94       0x20 ./Drivers/STM32F4xx_HAL_Driver/Src/stm32f4xx_hal_rcc.o
                0x0000000008001e94                HAL_RCC_GetPCLK1Freq
 .text.HAL_RCC_GetPCLK2Freq
                0x0000000008001eb4       0x20 ./Drivers/STM32F4xx_HAL_Driver/Src/stm32f4xx_hal_rcc.o
                0x0000000008001eb4                HAL_RCC_GetPCLK2Freq
 .text.HAL_RCC_GetClockConfig
                0x0000000008001ed4       0x3c ./Drivers/STM32F4xx_HAL_Driver/Src/stm32f4xx_hal_rcc.o
                0x0000000008001ed4                HAL_RCC_GetClockConfig
 .text.HAL_RCCEx_PeriphCLKConfig
                0x0000000008001f10      0x474 ./Drivers/STM32F4xx_HAL_Driver/Src/stm32f4xx_hal_rcc_ex.o
                0x0000000008001f10                HAL_RCCEx_PeriphCLKConfig
 .text.HAL_RCC_GetSysClockFreq
                0x0000000008002384      0x180 ./Drivers/STM32F4xx_HAL_Driver/Src/stm32f4xx_hal_rcc_ex.o
                0x0000000008002384                HAL_RCC_GetSysClockFreq
 .text.HAL_RCC_OscConfig
                0x0000000008002504      0x444 ./Drivers/STM32F4xx_HAL_Driver/Src/stm32f4xx_hal_rcc_ex.o
                0x0000000008002504                HAL_RCC_OscConfig
 .text.HAL_RTC_WaitForSynchro
                0x0000000008002948       0x32 ./Drivers/STM32F4xx_HAL_Driver/Src/stm32f4xx_hal_rtc.o
                0x0000000008002948                HAL_RTC_WaitForSynchro
 .text.RTC_EnterInitMode
                0x000000000800297a       0x46 ./Drivers/STM32F4xx_HAL_Driver/Src/stm32f4xx_hal_rtc.o
                0x000000000800297a                RTC_EnterInitMode
 .text.RTC_ExitInitMode
                0x00000000080029c0       0x2a ./Drivers/STM32F4xx_HAL_Driver/Src/stm32f4xx_hal_rtc.o
                0x00000000080029c0                RTC_ExitInitMode
 .text.HAL_RTC_Init
                0x00000000080029ea       0x8c ./Drivers/STM32F4xx_HAL_Driver/Src/stm32f4xx_hal_rtc.o
                0x00000000080029ea                HAL_RTC_Init
 .text.RTC_ByteToBcd2
                0x0000000008002a76       0x18 ./Drivers/STM32F4xx_HAL_Driver/Src/stm32f4xx_hal_rtc.o
                0x0000000008002a76                RTC_ByteToBcd2
 .text.HAL_RTC_SetTime
                0x0000000008002a8e       0xbe ./Drivers/STM32F4xx_HAL_Driver/Src/stm32f4xx_hal_rtc.o
                0x0000000008002a8e                HAL_RTC_SetTime
 .text.HAL_RTC_SetDate
                0x0000000008002b4c       0x9c ./Drivers/STM32F4xx_HAL_Driver/Src/stm32f4xx_hal_rtc.o
                0x0000000008002b4c                HAL_RTC_SetDate
 .text.RTC_Bcd2ToByte
                0x0000000008002be8       0x12 ./Drivers/STM32F4xx_HAL_Driver/Src/stm32f4xx_hal_rtc.o
                0x0000000008002be8                RTC_Bcd2ToByte
 .text.HAL_RTC_GetTime
                0x0000000008002bfa       0x4c ./Drivers/STM32F4xx_HAL_Driver/Src/stm32f4xx_hal_rtc.o
                0x0000000008002bfa                HAL_RTC_GetTime
 .text.SD_DMATransmitCplt
                0x0000000008002c46        0xe ./Drivers/STM32F4xx_HAL_Driver/Src/stm32f4xx_hal_sd.o
 .text.SD_PowerON
                0x0000000008002c54       0xc0 ./Drivers/STM32F4xx_HAL_Driver/Src/stm32f4xx_hal_sd.o
 .text.SD_Read_IT
                0x0000000008002d14       0x38 ./Drivers/STM32F4xx_HAL_Driver/Src/stm32f4xx_hal_sd.o
 .text.SD_Write_IT
                0x0000000008002d4c       0x48 ./Drivers/STM32F4xx_HAL_Driver/Src/stm32f4xx_hal_sd.o
 .text.SD_FindSCR
                0x0000000008002d94      0x100 ./Drivers/STM32F4xx_HAL_Driver/Src/stm32f4xx_hal_sd.o
 .text.SD_WideBus_Enable
                0x0000000008002e94       0x4e ./Drivers/STM32F4xx_HAL_Driver/Src/stm32f4xx_hal_sd.o
 .text.SD_WideBus_Disable
                0x0000000008002ee2       0x4e ./Drivers/STM32F4xx_HAL_Driver/Src/stm32f4xx_hal_sd.o
 .text.SD_SendStatus
                0x0000000008002f30       0x2c ./Drivers/STM32F4xx_HAL_Driver/Src/stm32f4xx_hal_sd.o
 .text.HAL_SD_ReadBlocks_DMA
                0x0000000008002f5c      0x134 ./Drivers/STM32F4xx_HAL_Driver/Src/stm32f4xx_hal_sd.o
                0x0000000008002f5c                HAL_SD_ReadBlocks_DMA
 .text.HAL_SD_WriteBlocks_DMA
                0x0000000008003090      0x130 ./Drivers/STM32F4xx_HAL_Driver/Src/stm32f4xx_hal_sd.o
                0x0000000008003090                HAL_SD_WriteBlocks_DMA
 .text.HAL_SD_ErrorCallback
                0x00000000080031c0        0x2 ./Drivers/STM32F4xx_HAL_Driver/Src/stm32f4xx_hal_sd.o
                0x00000000080031c0                HAL_SD_ErrorCallback
 .text.SD_DMAReceiveCplt
                0x00000000080031c2       0x48 ./Drivers/STM32F4xx_HAL_Driver/Src/stm32f4xx_hal_sd.o
 *fill*         0x000000000800320a        0x2 
 .text.HAL_SD_GetCardCSD
                0x000000000800320c      0x1b8 ./Drivers/STM32F4xx_HAL_Driver/Src/stm32f4xx_hal_sd.o
                0x000000000800320c                HAL_SD_GetCardCSD
 .text.SD_InitCard
                0x00000000080033c4      0x100 ./Drivers/STM32F4xx_HAL_Driver/Src/stm32f4xx_hal_sd.o
 .text.HAL_SD_InitCard
                0x00000000080034c4       0xa8 ./Drivers/STM32F4xx_HAL_Driver/Src/stm32f4xx_hal_sd.o
                0x00000000080034c4                HAL_SD_InitCard
 .text.HAL_SD_Init
                0x000000000800356c       0x36 ./Drivers/STM32F4xx_HAL_Driver/Src/stm32f4xx_hal_sd.o
                0x000000000800356c                HAL_SD_Init
 .text.HAL_SD_GetCardInfo
                0x00000000080035a2       0x24 ./Drivers/STM32F4xx_HAL_Driver/Src/stm32f4xx_hal_sd.o
                0x00000000080035a2                HAL_SD_GetCardInfo
 *fill*         0x00000000080035c6        0x2 
 .text.HAL_SD_ConfigWideBusOperation
                0x00000000080035c8       0xc0 ./Drivers/STM32F4xx_HAL_Driver/Src/stm32f4xx_hal_sd.o
                0x00000000080035c8                HAL_SD_ConfigWideBusOperation
 .text.HAL_SD_GetCardState
                0x0000000008003688       0x22 ./Drivers/STM32F4xx_HAL_Driver/Src/stm32f4xx_hal_sd.o
                0x0000000008003688                HAL_SD_GetCardState
 *fill*         0x00000000080036aa        0x2 
 .text.SD_DMAError
                0x00000000080036ac       0x68 ./Drivers/STM32F4xx_HAL_Driver/Src/stm32f4xx_hal_sd.o
 .text.SD_DMATxAbort
                0x0000000008003714       0x44 ./Drivers/STM32F4xx_HAL_Driver/Src/stm32f4xx_hal_sd.o
 .text.SD_DMARxAbort
                0x0000000008003758       0x44 ./Drivers/STM32F4xx_HAL_Driver/Src/stm32f4xx_hal_sd.o
 .text.HAL_SD_IRQHandler
                0x000000000800379c      0x1c8 ./Drivers/STM32F4xx_HAL_Driver/Src/stm32f4xx_hal_sd.o
                0x000000000800379c                HAL_SD_IRQHandler
 .text.TIM_TI1_ConfigInputStage
                0x0000000008003964       0x26 ./Drivers/STM32F4xx_HAL_Driver/Src/stm32f4xx_hal_tim.o
 .text.TIM_TI2_SetConfig
                0x000000000800398a       0x36 ./Drivers/STM32F4xx_HAL_Driver/Src/stm32f4xx_hal_tim.o
 .text.TIM_TI2_ConfigInputStage
                0x00000000080039c0       0x28 ./Drivers/STM32F4xx_HAL_Driver/Src/stm32f4xx_hal_tim.o
 .text.TIM_TI3_SetConfig
                0x00000000080039e8       0x36 ./Drivers/STM32F4xx_HAL_Driver/Src/stm32f4xx_hal_tim.o
 .text.TIM_TI4_SetConfig
                0x0000000008003a1e       0x36 ./Drivers/STM32F4xx_HAL_Driver/Src/stm32f4xx_hal_tim.o
 .text.TIM_ITRx_SetConfig
                0x0000000008003a54       0x10 ./Drivers/STM32F4xx_HAL_Driver/Src/stm32f4xx_hal_tim.o
 .text.HAL_TIM_Base_Start_IT
                0x0000000008003a64       0x88 ./Drivers/STM32F4xx_HAL_Driver/Src/stm32f4xx_hal_tim.o
                0x0000000008003a64                HAL_TIM_Base_Start_IT
 .text.HAL_TIM_PeriodElapsedCallback
                0x0000000008003aec        0x2 ./Drivers/STM32F4xx_HAL_Driver/Src/stm32f4xx_hal_tim.o
                0x0000000008003aec                HAL_TIM_PeriodElapsedCallback
 .text.HAL_TIM_OC_DelayElapsedCallback
                0x0000000008003aee        0x2 ./Drivers/STM32F4xx_HAL_Driver/Src/stm32f4xx_hal_tim.o
                0x0000000008003aee                HAL_TIM_OC_DelayElapsedCallback
 .text.HAL_TIM_PWM_PulseFinishedCallback
                0x0000000008003af0        0x2 ./Drivers/STM32F4xx_HAL_Driver/Src/stm32f4xx_hal_tim.o
                0x0000000008003af0                HAL_TIM_PWM_PulseFinishedCallback
 .text.HAL_TIM_TriggerCallback
                0x0000000008003af2        0x2 ./Drivers/STM32F4xx_HAL_Driver/Src/stm32f4xx_hal_tim.o
                0x0000000008003af2                HAL_TIM_TriggerCallback
 .text.HAL_TIM_IRQHandler
                0x0000000008003af4      0x17a ./Drivers/STM32F4xx_HAL_Driver/Src/stm32f4xx_hal_tim.o
                0x0000000008003af4                HAL_TIM_IRQHandler
 *fill*         0x0000000008003c6e        0x2 
 .text.TIM_Base_SetConfig
                0x0000000008003c70       0xc8 ./Drivers/STM32F4xx_HAL_Driver/Src/stm32f4xx_hal_tim.o
                0x0000000008003c70                TIM_Base_SetConfig
 .text.HAL_TIM_Base_Init
                0x0000000008003d38       0x58 ./Drivers/STM32F4xx_HAL_Driver/Src/stm32f4xx_hal_tim.o
                0x0000000008003d38                HAL_TIM_Base_Init
 .text.HAL_TIM_IC_Init
                0x0000000008003d90       0x58 ./Drivers/STM32F4xx_HAL_Driver/Src/stm32f4xx_hal_tim.o
                0x0000000008003d90                HAL_TIM_IC_Init
 .text.TIM_TI1_SetConfig
                0x0000000008003de8       0x7c ./Drivers/STM32F4xx_HAL_Driver/Src/stm32f4xx_hal_tim.o
                0x0000000008003de8                TIM_TI1_SetConfig
 .text.HAL_TIM_IC_ConfigChannel
                0x0000000008003e64       0xc4 ./Drivers/STM32F4xx_HAL_Driver/Src/stm32f4xx_hal_tim.o
                0x0000000008003e64                HAL_TIM_IC_ConfigChannel
 .text.TIM_ETR_SetConfig
                0x0000000008003f28       0x1a ./Drivers/STM32F4xx_HAL_Driver/Src/stm32f4xx_hal_tim.o
                0x0000000008003f28                TIM_ETR_SetConfig
 .text.HAL_TIM_ConfigClockSource
                0x0000000008003f42       0xfe ./Drivers/STM32F4xx_HAL_Driver/Src/stm32f4xx_hal_tim.o
                0x0000000008003f42                HAL_TIM_ConfigClockSource
 .text.TIM_CCxChannelCmd
                0x0000000008004040       0x1e ./Drivers/STM32F4xx_HAL_Driver/Src/stm32f4xx_hal_tim.o
                0x0000000008004040                TIM_CCxChannelCmd
 *fill*         0x000000000800405e        0x2 
 .text.HAL_TIM_IC_Start_IT
                0x0000000008004060      0x174 ./Drivers/STM32F4xx_HAL_Driver/Src/stm32f4xx_hal_tim.o
                0x0000000008004060                HAL_TIM_IC_Start_IT
 .text.HAL_TIMEx_MasterConfigSynchronization
                0x00000000080041d4       0x8c ./Drivers/STM32F4xx_HAL_Driver/Src/stm32f4xx_hal_tim_ex.o
                0x00000000080041d4                HAL_TIMEx_MasterConfigSynchronization
 .text.HAL_TIMEx_CommutCallback
                0x0000000008004260        0x2 ./Drivers/STM32F4xx_HAL_Driver/Src/stm32f4xx_hal_tim_ex.o
                0x0000000008004260                HAL_TIMEx_CommutCallback
 .text.HAL_TIMEx_BreakCallback
                0x0000000008004262        0x2 ./Drivers/STM32F4xx_HAL_Driver/Src/stm32f4xx_hal_tim_ex.o
                0x0000000008004262                HAL_TIMEx_BreakCallback
 .text.UART_SetConfig
                0x0000000008004264      0x110 ./Drivers/STM32F4xx_HAL_Driver/Src/stm32f4xx_hal_uart.o
 .text.HAL_UART_Init
                0x0000000008004374       0x5e ./Drivers/STM32F4xx_HAL_Driver/Src/stm32f4xx_hal_uart.o
                0x0000000008004374                HAL_UART_Init
 *fill*         0x00000000080043d2        0x2 
 .text.SDMMC_GetCmdError
                0x00000000080043d4       0x38 ./Drivers/STM32F4xx_HAL_Driver/Src/stm32f4xx_ll_sdmmc.o
 .text.SDIO_Init
                0x000000000800440c       0x32 ./Drivers/STM32F4xx_HAL_Driver/Src/stm32f4xx_ll_sdmmc.o
                0x000000000800440c                SDIO_Init
 .text.SDIO_ReadFIFO
                0x000000000800443e        0x6 ./Drivers/STM32F4xx_HAL_Driver/Src/stm32f4xx_ll_sdmmc.o
                0x000000000800443e                SDIO_ReadFIFO
 .text.SDIO_WriteFIFO
                0x0000000008004444        0xa ./Drivers/STM32F4xx_HAL_Driver/Src/stm32f4xx_ll_sdmmc.o
                0x0000000008004444                SDIO_WriteFIFO
 .text.SDIO_PowerState_ON
                0x000000000800444e        0x8 ./Drivers/STM32F4xx_HAL_Driver/Src/stm32f4xx_ll_sdmmc.o
                0x000000000800444e                SDIO_PowerState_ON
 .text.SDIO_GetPowerState
                0x0000000008004456        0x8 ./Drivers/STM32F4xx_HAL_Driver/Src/stm32f4xx_ll_sdmmc.o
                0x0000000008004456                SDIO_GetPowerState
 .text.SDIO_SendCommand
                0x000000000800445e       0x24 ./Drivers/STM32F4xx_HAL_Driver/Src/stm32f4xx_ll_sdmmc.o
                0x000000000800445e                SDIO_SendCommand
 .text.SDIO_GetCommandResponse
                0x0000000008004482        0x6 ./Drivers/STM32F4xx_HAL_Driver/Src/stm32f4xx_ll_sdmmc.o
                0x0000000008004482                SDIO_GetCommandResponse
 .text.SDIO_GetResponse
                0x0000000008004488        0x6 ./Drivers/STM32F4xx_HAL_Driver/Src/stm32f4xx_ll_sdmmc.o
                0x0000000008004488                SDIO_GetResponse
 .text.SDIO_ConfigData
                0x000000000800448e       0x24 ./Drivers/STM32F4xx_HAL_Driver/Src/stm32f4xx_ll_sdmmc.o
                0x000000000800448e                SDIO_ConfigData
 .text.SDMMC_CmdGoIdleState
                0x00000000080044b2       0x26 ./Drivers/STM32F4xx_HAL_Driver/Src/stm32f4xx_ll_sdmmc.o
                0x00000000080044b2                SDMMC_CmdGoIdleState
 .text.SDMMC_GetCmdResp1
                0x00000000080044d8      0x154 ./Drivers/STM32F4xx_HAL_Driver/Src/stm32f4xx_ll_sdmmc.o
                0x00000000080044d8                SDMMC_GetCmdResp1
 .text.SDMMC_CmdBlockLength
                0x000000000800462c       0x30 ./Drivers/STM32F4xx_HAL_Driver/Src/stm32f4xx_ll_sdmmc.o
                0x000000000800462c                SDMMC_CmdBlockLength
 .text.SDMMC_CmdReadSingleBlock
                0x000000000800465c       0x30 ./Drivers/STM32F4xx_HAL_Driver/Src/stm32f4xx_ll_sdmmc.o
                0x000000000800465c                SDMMC_CmdReadSingleBlock
 .text.SDMMC_CmdReadMultiBlock
                0x000000000800468c       0x30 ./Drivers/STM32F4xx_HAL_Driver/Src/stm32f4xx_ll_sdmmc.o
                0x000000000800468c                SDMMC_CmdReadMultiBlock
 .text.SDMMC_CmdWriteSingleBlock
                0x00000000080046bc       0x30 ./Drivers/STM32F4xx_HAL_Driver/Src/stm32f4xx_ll_sdmmc.o
                0x00000000080046bc                SDMMC_CmdWriteSingleBlock
 .text.SDMMC_CmdWriteMultiBlock
                0x00000000080046ec       0x30 ./Drivers/STM32F4xx_HAL_Driver/Src/stm32f4xx_ll_sdmmc.o
                0x00000000080046ec                SDMMC_CmdWriteMultiBlock
 .text.SDMMC_CmdStopTransfer
                0x000000000800471c       0x34 ./Drivers/STM32F4xx_HAL_Driver/Src/stm32f4xx_ll_sdmmc.o
                0x000000000800471c                SDMMC_CmdStopTransfer
 .text.SDMMC_CmdSelDesel
                0x0000000008004750       0x30 ./Drivers/STM32F4xx_HAL_Driver/Src/stm32f4xx_ll_sdmmc.o
                0x0000000008004750                SDMMC_CmdSelDesel
 .text.SDMMC_CmdAppCommand
                0x0000000008004780       0x30 ./Drivers/STM32F4xx_HAL_Driver/Src/stm32f4xx_ll_sdmmc.o
                0x0000000008004780                SDMMC_CmdAppCommand
 .text.SDMMC_CmdBusWidth
                0x00000000080047b0       0x30 ./Drivers/STM32F4xx_HAL_Driver/Src/stm32f4xx_ll_sdmmc.o
                0x00000000080047b0                SDMMC_CmdBusWidth
 .text.SDMMC_CmdSendSCR
                0x00000000080047e0       0x30 ./Drivers/STM32F4xx_HAL_Driver/Src/stm32f4xx_ll_sdmmc.o
                0x00000000080047e0                SDMMC_CmdSendSCR
 .text.SDMMC_CmdSendStatus
                0x0000000008004810       0x30 ./Drivers/STM32F4xx_HAL_Driver/Src/stm32f4xx_ll_sdmmc.o
                0x0000000008004810                SDMMC_CmdSendStatus
 .text.SDMMC_GetCmdResp2
                0x0000000008004840       0x5c ./Drivers/STM32F4xx_HAL_Driver/Src/stm32f4xx_ll_sdmmc.o
                0x0000000008004840                SDMMC_GetCmdResp2
 .text.SDMMC_CmdSendCID
                0x000000000800489c       0x2a ./Drivers/STM32F4xx_HAL_Driver/Src/stm32f4xx_ll_sdmmc.o
                0x000000000800489c                SDMMC_CmdSendCID
 .text.SDMMC_CmdSendCSD
                0x00000000080048c6       0x2a ./Drivers/STM32F4xx_HAL_Driver/Src/stm32f4xx_ll_sdmmc.o
                0x00000000080048c6                SDMMC_CmdSendCSD
 .text.SDMMC_GetCmdResp3
                0x00000000080048f0       0x4c ./Drivers/STM32F4xx_HAL_Driver/Src/stm32f4xx_ll_sdmmc.o
                0x00000000080048f0                SDMMC_GetCmdResp3
 .text.SDMMC_CmdAppOperCommand
                0x000000000800493c       0x32 ./Drivers/STM32F4xx_HAL_Driver/Src/stm32f4xx_ll_sdmmc.o
                0x000000000800493c                SDMMC_CmdAppOperCommand
 *fill*         0x000000000800496e        0x2 
 .text.SDMMC_GetCmdResp6
                0x0000000008004970       0xa0 ./Drivers/STM32F4xx_HAL_Driver/Src/stm32f4xx_ll_sdmmc.o
                0x0000000008004970                SDMMC_GetCmdResp6
 .text.SDMMC_CmdSetRelAdd
                0x0000000008004a10       0x30 ./Drivers/STM32F4xx_HAL_Driver/Src/stm32f4xx_ll_sdmmc.o
                0x0000000008004a10                SDMMC_CmdSetRelAdd
 .text.SDMMC_GetCmdResp7
                0x0000000008004a40       0x64 ./Drivers/STM32F4xx_HAL_Driver/Src/stm32f4xx_ll_sdmmc.o
                0x0000000008004a40                SDMMC_GetCmdResp7
 .text.SDMMC_CmdOperCond
                0x0000000008004aa4       0x2e ./Drivers/STM32F4xx_HAL_Driver/Src/stm32f4xx_ll_sdmmc.o
                0x0000000008004aa4                SDMMC_CmdOperCond
 *fill*         0x0000000008004ad2        0x2 
 .text.disk_status
                0x0000000008004ad4       0x18 ./Middlewares/Third_Party/FatFs/src/diskio.o
                0x0000000008004ad4                disk_status
 .text.disk_initialize
                0x0000000008004aec       0x28 ./Middlewares/Third_Party/FatFs/src/diskio.o
                0x0000000008004aec                disk_initialize
 .text.disk_read
                0x0000000008004b14       0x18 ./Middlewares/Third_Party/FatFs/src/diskio.o
                0x0000000008004b14                disk_read
 .text.disk_write
                0x0000000008004b2c       0x18 ./Middlewares/Third_Party/FatFs/src/diskio.o
                0x0000000008004b2c                disk_write
 .text.disk_ioctl
                0x0000000008004b44       0x18 ./Middlewares/Third_Party/FatFs/src/diskio.o
                0x0000000008004b44                disk_ioctl
 .text.ld_word  0x0000000008004b5c        0xa ./Middlewares/Third_Party/FatFs/src/ff.o
 .text.ld_dword
                0x0000000008004b66       0x16 ./Middlewares/Third_Party/FatFs/src/ff.o
 .text.st_word  0x0000000008004b7c        0x8 ./Middlewares/Third_Party/FatFs/src/ff.o
 .text.st_dword
                0x0000000008004b84       0x14 ./Middlewares/Third_Party/FatFs/src/ff.o
 .text.mem_cpy  0x0000000008004b98       0x14 ./Middlewares/Third_Party/FatFs/src/ff.o
 .text.mem_set  0x0000000008004bac        0xa ./Middlewares/Third_Party/FatFs/src/ff.o
 .text.mem_cmp  0x0000000008004bb6       0x1a ./Middlewares/Third_Party/FatFs/src/ff.o
 .text.chk_chr  0x0000000008004bd0       0x10 ./Middlewares/Third_Party/FatFs/src/ff.o
 .text.chk_lock
                0x0000000008004be0       0x74 ./Middlewares/Third_Party/FatFs/src/ff.o
 .text.enq_lock
                0x0000000008004c54       0x20 ./Middlewares/Third_Party/FatFs/src/ff.o
 .text.inc_lock
                0x0000000008004c74       0xa4 ./Middlewares/Third_Party/FatFs/src/ff.o
 .text.dec_lock
                0x0000000008004d18       0x40 ./Middlewares/Third_Party/FatFs/src/ff.o
 .text.clear_lock
                0x0000000008004d58       0x3c ./Middlewares/Third_Party/FatFs/src/ff.o
 .text.clust2sect
                0x0000000008004d94       0x18 ./Middlewares/Third_Party/FatFs/src/ff.o
 .text.clmt_clust
                0x0000000008004dac       0x22 ./Middlewares/Third_Party/FatFs/src/ff.o
 .text.ld_clust
                0x0000000008004dce       0x26 ./Middlewares/Third_Party/FatFs/src/ff.o
 .text.st_clust
                0x0000000008004df4       0x26 ./Middlewares/Third_Party/FatFs/src/ff.o
 *fill*         0x0000000008004e1a        0x2 
 .text.put_lfn  0x0000000008004e1c       0x78 ./Middlewares/Third_Party/FatFs/src/ff.o
 .text.gen_numname
                0x0000000008004e94       0xaa ./Middlewares/Third_Party/FatFs/src/ff.o
 .text.sum_sfn  0x0000000008004f3e       0x20 ./Middlewares/Third_Party/FatFs/src/ff.o
 .text.get_ldnumber
                0x0000000008004f5e       0x54 ./Middlewares/Third_Party/FatFs/src/ff.o
 .text.putc_init
                0x0000000008004fb2        0xa ./Middlewares/Third_Party/FatFs/src/ff.o
 .text.lock_fs  0x0000000008004fbc       0x14 ./Middlewares/Third_Party/FatFs/src/ff.o
 .text.sync_window
                0x0000000008004fd0       0x54 ./Middlewares/Third_Party/FatFs/src/ff.o
 .text.move_window
                0x0000000008005024       0x36 ./Middlewares/Third_Party/FatFs/src/ff.o
 *fill*         0x000000000800505a        0x2 
 .text.check_fs
                0x000000000800505c       0x78 ./Middlewares/Third_Party/FatFs/src/ff.o
 .text.find_volume
                0x00000000080050d4      0x310 ./Middlewares/Third_Party/FatFs/src/ff.o
 .text.put_fat  0x00000000080053e4      0x10e ./Middlewares/Third_Party/FatFs/src/ff.o
 .text.get_fat  0x00000000080054f2       0xd0 ./Middlewares/Third_Party/FatFs/src/ff.o
 .text.dir_sdi  0x00000000080055c2       0xac ./Middlewares/Third_Party/FatFs/src/ff.o
 .text.create_chain
                0x000000000800566e       0xcc ./Middlewares/Third_Party/FatFs/src/ff.o
 .text.remove_chain
                0x000000000800573a       0x7e ./Middlewares/Third_Party/FatFs/src/ff.o
 .text.dir_next
                0x00000000080057b8      0x108 ./Middlewares/Third_Party/FatFs/src/ff.o
 .text.dir_alloc
                0x00000000080058c0       0x50 ./Middlewares/Third_Party/FatFs/src/ff.o
 .text.unlock_fs
                0x0000000008005910       0x1c ./Middlewares/Third_Party/FatFs/src/ff.o
 .text.validate
                0x000000000800592c       0x5c ./Middlewares/Third_Party/FatFs/src/ff.o
 .text.create_name
                0x0000000008005988      0x28c ./Middlewares/Third_Party/FatFs/src/ff.o
 .text.cmp_lfn  0x0000000008005c14       0xa0 ./Middlewares/Third_Party/FatFs/src/ff.o
 .text.dir_find
                0x0000000008005cb4       0xe6 ./Middlewares/Third_Party/FatFs/src/ff.o
 .text.follow_path
                0x0000000008005d9a       0xba ./Middlewares/Third_Party/FatFs/src/ff.o
 .text.dir_register
                0x0000000008005e54      0x140 ./Middlewares/Third_Party/FatFs/src/ff.o
 .text.sync_fs  0x0000000008005f94       0x8c ./Middlewares/Third_Party/FatFs/src/ff.o
 .text.f_mount  0x0000000008006020       0x88 ./Middlewares/Third_Party/FatFs/src/ff.o
                0x0000000008006020                f_mount
 .text.f_open   0x00000000080060a8      0x236 ./Middlewares/Third_Party/FatFs/src/ff.o
                0x00000000080060a8                f_open
 .text.f_read   0x00000000080062de      0x1d8 ./Middlewares/Third_Party/FatFs/src/ff.o
                0x00000000080062de                f_read
 .text.f_write  0x00000000080064b6      0x216 ./Middlewares/Third_Party/FatFs/src/ff.o
                0x00000000080064b6                f_write
 .text.putc_bfd
                0x00000000080066cc       0x4e ./Middlewares/Third_Party/FatFs/src/ff.o
 .text.putc_flush
                0x000000000800671a       0x3a ./Middlewares/Third_Party/FatFs/src/ff.o
 .text.f_sync   0x0000000008006754       0xb0 ./Middlewares/Third_Party/FatFs/src/ff.o
                0x0000000008006754                f_sync
 .text.f_close  0x0000000008006804       0x3a ./Middlewares/Third_Party/FatFs/src/ff.o
                0x0000000008006804                f_close
 .text.f_chdir  0x000000000800683e       0x6c ./Middlewares/Third_Party/FatFs/src/ff.o
                0x000000000800683e                f_chdir
 .text.f_lseek  0x00000000080068aa      0x300 ./Middlewares/Third_Party/FatFs/src/ff.o
                0x00000000080068aa                f_lseek
 .text.f_mkdir  0x0000000008006baa      0x184 ./Middlewares/Third_Party/FatFs/src/ff.o
                0x0000000008006baa                f_mkdir
 .text.f_puts   0x0000000008006d2e       0x26 ./Middlewares/Third_Party/FatFs/src/ff.o
                0x0000000008006d2e                f_puts
 .text.FATFS_LinkDriverEx
                0x0000000008006d54       0x54 ./Middlewares/Third_Party/FatFs/src/ff_gen_drv.o
                0x0000000008006d54                FATFS_LinkDriverEx
 .text.FATFS_LinkDriver
                0x0000000008006da8        0xa ./Middlewares/Third_Party/FatFs/src/ff_gen_drv.o
                0x0000000008006da8                FATFS_LinkDriver
 *fill*         0x0000000008006db2        0x2 
 .text.ff_convert
                0x0000000008006db4       0x3c ./Middlewares/Third_Party/FatFs/src/option/ccsbcs.o
                0x0000000008006db4                ff_convert
 .text.ff_wtoupper
                0x0000000008006df0       0x9c ./Middlewares/Third_Party/FatFs/src/option/ccsbcs.o
                0x0000000008006df0                ff_wtoupper
 .text.ff_cre_syncobj
                0x0000000008006e8c       0x20 ./Middlewares/Third_Party/FatFs/src/option/syscall.o
                0x0000000008006e8c                ff_cre_syncobj
 .text.ff_del_syncobj
                0x0000000008006eac        0xa ./Middlewares/Third_Party/FatFs/src/option/syscall.o
                0x0000000008006eac                ff_del_syncobj
 .text.ff_req_grant
                0x0000000008006eb6       0x14 ./Middlewares/Third_Party/FatFs/src/option/syscall.o
                0x0000000008006eb6                ff_req_grant
 .text.ff_rel_grant
                0x0000000008006eca        0x8 ./Middlewares/Third_Party/FatFs/src/option/syscall.o
                0x0000000008006eca                ff_rel_grant
 .text.makeFreeRtosPriority
                0x0000000008006ed2        0xc ./Middlewares/Third_Party/FreeRTOS/Source/CMSIS_RTOS/cmsis_os.o
 .text.inHandlerMode
                0x0000000008006ede        0xc ./Middlewares/Third_Party/FreeRTOS/Source/CMSIS_RTOS/cmsis_os.o
 .text.osKernelStart
                0x0000000008006eea        0xa ./Middlewares/Third_Party/FreeRTOS/Source/CMSIS_RTOS/cmsis_os.o
                0x0000000008006eea                osKernelStart
 .text.osKernelRunning
                0x0000000008006ef4       0x12 ./Middlewares/Third_Party/FreeRTOS/Source/CMSIS_RTOS/cmsis_os.o
                0x0000000008006ef4                osKernelRunning
 .text.osKernelSysTick
                0x0000000008006f06       0x14 ./Middlewares/Third_Party/FreeRTOS/Source/CMSIS_RTOS/cmsis_os.o
                0x0000000008006f06                osKernelSysTick
 .text.osThreadCreate
                0x0000000008006f1a       0x6a ./Middlewares/Third_Party/FreeRTOS/Source/CMSIS_RTOS/cmsis_os.o
                0x0000000008006f1a                osThreadCreate
 .text.osDelay  0x0000000008006f84        0xe ./Middlewares/Third_Party/FreeRTOS/Source/CMSIS_RTOS/cmsis_os.o
                0x0000000008006f84                osDelay
 .text.osSemaphoreCreate
                0x0000000008006f92       0x48 ./Middlewares/Third_Party/FreeRTOS/Source/CMSIS_RTOS/cmsis_os.o
                0x0000000008006f92                osSemaphoreCreate
 .text.osSemaphoreWait
                0x0000000008006fda       0x5e ./Middlewares/Third_Party/FreeRTOS/Source/CMSIS_RTOS/cmsis_os.o
                0x0000000008006fda                osSemaphoreWait
 .text.osSemaphoreRelease
                0x0000000008007038       0x5a ./Middlewares/Third_Party/FreeRTOS/Source/CMSIS_RTOS/cmsis_os.o
                0x0000000008007038                osSemaphoreRelease
 .text.osSemaphoreDelete
                0x0000000008007092       0x18 ./Middlewares/Third_Party/FreeRTOS/Source/CMSIS_RTOS/cmsis_os.o
                0x0000000008007092                osSemaphoreDelete
 .text.osMessageCreate
                0x00000000080070aa       0x2a ./Middlewares/Third_Party/FreeRTOS/Source/CMSIS_RTOS/cmsis_os.o
                0x00000000080070aa                osMessageCreate
 .text.osMessagePut
                0x00000000080070d4       0x66 ./Middlewares/Third_Party/FreeRTOS/Source/CMSIS_RTOS/cmsis_os.o
                0x00000000080070d4                osMessagePut
 .text.osMessageGet
                0x000000000800713a       0x88 ./Middlewares/Third_Party/FreeRTOS/Source/CMSIS_RTOS/cmsis_os.o
                0x000000000800713a                osMessageGet
 .text.vListInitialise
                0x00000000080071c2       0x16 ./Middlewares/Third_Party/FreeRTOS/Source/list.o
                0x00000000080071c2                vListInitialise
 .text.vListInitialiseItem
                0x00000000080071d8        0x6 ./Middlewares/Third_Party/FreeRTOS/Source/list.o
                0x00000000080071d8                vListInitialiseItem
 .text.vListInsertEnd
                0x00000000080071de       0x16 ./Middlewares/Third_Party/FreeRTOS/Source/list.o
                0x00000000080071de                vListInsertEnd
 .text.vListInsert
                0x00000000080071f4       0x32 ./Middlewares/Third_Party/FreeRTOS/Source/list.o
                0x00000000080071f4                vListInsert
 .text.uxListRemove
                0x0000000008007226       0x26 ./Middlewares/Third_Party/FreeRTOS/Source/list.o
                0x0000000008007226                uxListRemove
 .text.prvGetDisinheritPriorityAfterTimeout
                0x000000000800724c       0x10 ./Middlewares/Third_Party/FreeRTOS/Source/queue.o
 .text.prvIsQueueFull
                0x000000000800725c       0x1e ./Middlewares/Third_Party/FreeRTOS/Source/queue.o
 .text.prvIsQueueEmpty
                0x000000000800727a       0x1a ./Middlewares/Third_Party/FreeRTOS/Source/queue.o
 .text.prvCopyDataToQueue
                0x0000000008007294       0x76 ./Middlewares/Third_Party/FreeRTOS/Source/queue.o
 .text.prvCopyDataFromQueue
                0x000000000800730a       0x24 ./Middlewares/Third_Party/FreeRTOS/Source/queue.o
 .text.prvUnlockQueue
                0x000000000800732e       0x6e ./Middlewares/Third_Party/FreeRTOS/Source/queue.o
 .text.xQueueGenericReset
                0x000000000800739c       0x84 ./Middlewares/Third_Party/FreeRTOS/Source/queue.o
                0x000000000800739c                xQueueGenericReset
 .text.prvInitialiseNewQueue
                0x0000000008007420       0x1c ./Middlewares/Third_Party/FreeRTOS/Source/queue.o
 .text.xQueueGenericCreateStatic
                0x000000000800743c       0x94 ./Middlewares/Third_Party/FreeRTOS/Source/queue.o
                0x000000000800743c                xQueueGenericCreateStatic
 .text.xQueueGenericCreate
                0x00000000080074d0       0x48 ./Middlewares/Third_Party/FreeRTOS/Source/queue.o
                0x00000000080074d0                xQueueGenericCreate
 .text.xQueueGenericSend
                0x0000000008007518      0x188 ./Middlewares/Third_Party/FreeRTOS/Source/queue.o
                0x0000000008007518                xQueueGenericSend
 .text.xQueueGenericSendFromISR
                0x00000000080076a0       0xce ./Middlewares/Third_Party/FreeRTOS/Source/queue.o
                0x00000000080076a0                xQueueGenericSendFromISR
 .text.xQueueGiveFromISR
                0x000000000800776e       0xb2 ./Middlewares/Third_Party/FreeRTOS/Source/queue.o
                0x000000000800776e                xQueueGiveFromISR
 .text.xQueueReceive
                0x0000000008007820      0x15e ./Middlewares/Third_Party/FreeRTOS/Source/queue.o
                0x0000000008007820                xQueueReceive
 .text.xQueueSemaphoreTake
                0x000000000800797e      0x1a6 ./Middlewares/Third_Party/FreeRTOS/Source/queue.o
                0x000000000800797e                xQueueSemaphoreTake
 .text.xQueueReceiveFromISR
                0x0000000008007b24       0xa8 ./Middlewares/Third_Party/FreeRTOS/Source/queue.o
                0x0000000008007b24                xQueueReceiveFromISR
 .text.uxQueueMessagesWaiting
                0x0000000008007bcc       0x26 ./Middlewares/Third_Party/FreeRTOS/Source/queue.o
                0x0000000008007bcc                uxQueueMessagesWaiting
 *fill*         0x0000000008007bf2        0x2 
 .text.vQueueUnregisterQueue
                0x0000000008007bf4       0x2c ./Middlewares/Third_Party/FreeRTOS/Source/queue.o
                0x0000000008007bf4                vQueueUnregisterQueue
 .text.vQueueDelete
                0x0000000008007c20       0x2c ./Middlewares/Third_Party/FreeRTOS/Source/queue.o
                0x0000000008007c20                vQueueDelete
 .text.prvResetNextTaskUnblockTime
                0x0000000008007c4c       0x24 ./Middlewares/Third_Party/FreeRTOS/Source/tasks.o
 .text.prvInitialiseNewTask
                0x0000000008007c70       0xcc ./Middlewares/Third_Party/FreeRTOS/Source/tasks.o
 .text.prvInitialiseTaskLists
                0x0000000008007d3c       0x58 ./Middlewares/Third_Party/FreeRTOS/Source/tasks.o
 .text.prvAddNewTaskToReadyList
                0x0000000008007d94       0xac ./Middlewares/Third_Party/FreeRTOS/Source/tasks.o
 .text.prvDeleteTCB
                0x0000000008007e40       0x40 ./Middlewares/Third_Party/FreeRTOS/Source/tasks.o
 .text.prvCheckTasksWaitingTermination
                0x0000000008007e80       0x44 ./Middlewares/Third_Party/FreeRTOS/Source/tasks.o
 .text.prvIdleTask
                0x0000000008007ec4       0x28 ./Middlewares/Third_Party/FreeRTOS/Source/tasks.o
 .text.prvAddCurrentTaskToDelayedList
                0x0000000008007eec       0x88 ./Middlewares/Third_Party/FreeRTOS/Source/tasks.o
 .text.xTaskCreateStatic
                0x0000000008007f74       0x76 ./Middlewares/Third_Party/FreeRTOS/Source/tasks.o
                0x0000000008007f74                xTaskCreateStatic
 .text.xTaskCreate
                0x0000000008007fea       0x68 ./Middlewares/Third_Party/FreeRTOS/Source/tasks.o
                0x0000000008007fea                xTaskCreate
 *fill*         0x0000000008008052        0x2 
 .text.vTaskStartScheduler
                0x0000000008008054       0x7c ./Middlewares/Third_Party/FreeRTOS/Source/tasks.o
                0x0000000008008054                vTaskStartScheduler
 .text.vTaskSuspendAll
                0x00000000080080d0       0x14 ./Middlewares/Third_Party/FreeRTOS/Source/tasks.o
                0x00000000080080d0                vTaskSuspendAll
 .text.xTaskGetTickCount
                0x00000000080080e4        0xc ./Middlewares/Third_Party/FreeRTOS/Source/tasks.o
                0x00000000080080e4                xTaskGetTickCount
 .text.xTaskGetTickCountFromISR
                0x00000000080080f0       0x14 ./Middlewares/Third_Party/FreeRTOS/Source/tasks.o
                0x00000000080080f0                xTaskGetTickCountFromISR
 .text.xTaskIncrementTick
                0x0000000008008104      0x118 ./Middlewares/Third_Party/FreeRTOS/Source/tasks.o
                0x0000000008008104                xTaskIncrementTick
 .text.xTaskResumeAll
                0x000000000800821c       0xf0 ./Middlewares/Third_Party/FreeRTOS/Source/tasks.o
                0x000000000800821c                xTaskResumeAll
 .text.vTaskDelay
                0x000000000800830c       0x4c ./Middlewares/Third_Party/FreeRTOS/Source/tasks.o
                0x000000000800830c                vTaskDelay
 .text.vTaskSwitchContext
                0x0000000008008358       0xc0 ./Middlewares/Third_Party/FreeRTOS/Source/tasks.o
                0x0000000008008358                vTaskSwitchContext
 .text.vTaskSuspend
                0x0000000008008418       0xe4 ./Middlewares/Third_Party/FreeRTOS/Source/tasks.o
                0x0000000008008418                vTaskSuspend
 .text.vTaskPlaceOnEventList
                0x00000000080084fc       0x34 ./Middlewares/Third_Party/FreeRTOS/Source/tasks.o
                0x00000000080084fc                vTaskPlaceOnEventList
 .text.xTaskRemoveFromEventList
                0x0000000008008530       0x84 ./Middlewares/Third_Party/FreeRTOS/Source/tasks.o
                0x0000000008008530                xTaskRemoveFromEventList
 .text.vTaskInternalSetTimeOutState
                0x00000000080085b4       0x14 ./Middlewares/Third_Party/FreeRTOS/Source/tasks.o
                0x00000000080085b4                vTaskInternalSetTimeOutState
 .text.xTaskCheckForTimeOut
                0x00000000080085c8       0x84 ./Middlewares/Third_Party/FreeRTOS/Source/tasks.o
                0x00000000080085c8                xTaskCheckForTimeOut
 .text.vTaskMissedYield
                0x000000000800864c       0x10 ./Middlewares/Third_Party/FreeRTOS/Source/tasks.o
                0x000000000800864c                vTaskMissedYield
 .text.xTaskGetSchedulerState
                0x000000000800865c       0x20 ./Middlewares/Third_Party/FreeRTOS/Source/tasks.o
                0x000000000800865c                xTaskGetSchedulerState
 .text.xTaskPriorityInherit
                0x000000000800867c       0xb8 ./Middlewares/Third_Party/FreeRTOS/Source/tasks.o
                0x000000000800867c                xTaskPriorityInherit
 .text.xTaskPriorityDisinherit
                0x0000000008008734       0xb8 ./Middlewares/Third_Party/FreeRTOS/Source/tasks.o
                0x0000000008008734                xTaskPriorityDisinherit
 .text.vTaskPriorityDisinheritAfterTimeout
                0x00000000080087ec       0xbc ./Middlewares/Third_Party/FreeRTOS/Source/tasks.o
                0x00000000080087ec                vTaskPriorityDisinheritAfterTimeout
 .text.pvTaskIncrementMutexHeldCount
                0x00000000080088a8       0x20 ./Middlewares/Third_Party/FreeRTOS/Source/tasks.o
                0x00000000080088a8                pvTaskIncrementMutexHeldCount
 .text.ulTaskNotifyTake
                0x00000000080088c8       0x8c ./Middlewares/Third_Party/FreeRTOS/Source/tasks.o
                0x00000000080088c8                ulTaskNotifyTake
 .text.xTaskGenericNotify
                0x0000000008008954      0x110 ./Middlewares/Third_Party/FreeRTOS/Source/tasks.o
                0x0000000008008954                xTaskGenericNotify
 .text.prvTaskExitError
                0x0000000008008a64       0x40 ./Middlewares/Third_Party/FreeRTOS/Source/portable/GCC/ARM_CM4F/port.o
 .text.prvPortStartFirstTask
                0x0000000008008aa4       0x28 ./Middlewares/Third_Party/FreeRTOS/Source/portable/GCC/ARM_CM4F/port.o
 .text.vPortEnableVFP
                0x0000000008008acc       0x14 ./Middlewares/Third_Party/FreeRTOS/Source/portable/GCC/ARM_CM4F/port.o
 .text.pxPortInitialiseStack
                0x0000000008008ae0       0x2c ./Middlewares/Third_Party/FreeRTOS/Source/portable/GCC/ARM_CM4F/port.o
                0x0000000008008ae0                pxPortInitialiseStack
 *fill*         0x0000000008008b0c        0x4 
 .text.SVC_Handler
                0x0000000008008b10       0x24 ./Middlewares/Third_Party/FreeRTOS/Source/portable/GCC/ARM_CM4F/port.o
                0x0000000008008b10                SVC_Handler
 .text.vPortEnterCritical
                0x0000000008008b34       0x44 ./Middlewares/Third_Party/FreeRTOS/Source/portable/GCC/ARM_CM4F/port.o
                0x0000000008008b34                vPortEnterCritical
 .text.vPortExitCritical
                0x0000000008008b78       0x2c ./Middlewares/Third_Party/FreeRTOS/Source/portable/GCC/ARM_CM4F/port.o
                0x0000000008008b78                vPortExitCritical
 *fill*         0x0000000008008ba4        0xc 
 .text.PendSV_Handler
                0x0000000008008bb0       0x64 ./Middlewares/Third_Party/FreeRTOS/Source/portable/GCC/ARM_CM4F/port.o
                0x0000000008008bb0                PendSV_Handler
 .text.SysTick_Handler
                0x0000000008008c14       0x2c ./Middlewares/Third_Party/FreeRTOS/Source/portable/GCC/ARM_CM4F/port.o
                0x0000000008008c14                SysTick_Handler
 .text.vPortSetupTimerInterrupt
                0x0000000008008c40       0x28 ./Middlewares/Third_Party/FreeRTOS/Source/portable/GCC/ARM_CM4F/port.o
                0x0000000008008c40                vPortSetupTimerInterrupt
 .text.xPortStartScheduler
                0x0000000008008c68      0x114 ./Middlewares/Third_Party/FreeRTOS/Source/portable/GCC/ARM_CM4F/port.o
                0x0000000008008c68                xPortStartScheduler
 .text.vPortValidateInterruptPriority
                0x0000000008008d7c       0x58 ./Middlewares/Third_Party/FreeRTOS/Source/portable/GCC/ARM_CM4F/port.o
                0x0000000008008d7c                vPortValidateInterruptPriority
 .text.prvHeapInit
                0x0000000008008dd4       0x4c ./Middlewares/Third_Party/FreeRTOS/Source/portable/MemMang/heap_4.o
 .text.prvInsertBlockIntoFreeList
                0x0000000008008e20       0x60 ./Middlewares/Third_Party/FreeRTOS/Source/portable/MemMang/heap_4.o
 .text.pvPortMalloc
                0x0000000008008e80       0xe4 ./Middlewares/Third_Party/FreeRTOS/Source/portable/MemMang/heap_4.o
                0x0000000008008e80                pvPortMalloc
 .text.vPortFree
                0x0000000008008f64       0x70 ./Middlewares/Third_Party/FreeRTOS/Source/portable/MemMang/heap_4.o
                0x0000000008008f64                vPortFree
 .text.MX_ADC1_Init
                0x0000000008008fd4      0x200 ./Src/adc.o
                0x0000000008008fd4                MX_ADC1_Init
 .text.HAL_ADC_MspInit
                0x00000000080091d4      0x100 ./Src/adc.o
                0x00000000080091d4                HAL_ADC_MspInit
 .text.BSP_SD_ReadBlocks_DMA
                0x00000000080092d4       0x18 ./Src/bsp_driver_sd.o
                0x00000000080092d4                BSP_SD_ReadBlocks_DMA
 .text.BSP_SD_WriteBlocks_DMA
                0x00000000080092ec       0x18 ./Src/bsp_driver_sd.o
                0x00000000080092ec                BSP_SD_WriteBlocks_DMA
 .text.BSP_SD_GetCardState
                0x0000000008009304       0x14 ./Src/bsp_driver_sd.o
                0x0000000008009304                BSP_SD_GetCardState
 .text.BSP_SD_GetCardInfo
                0x0000000008009318       0x10 ./Src/bsp_driver_sd.o
                0x0000000008009318                BSP_SD_GetCardInfo
 .text.BSP_SD_AbortCallback
                0x0000000008009328        0x2 ./Src/bsp_driver_sd.o
                0x0000000008009328                BSP_SD_AbortCallback
 .text.HAL_SD_AbortCallback
                0x000000000800932a        0x8 ./Src/bsp_driver_sd.o
                0x000000000800932a                HAL_SD_AbortCallback
 .text.HAL_SD_TxCpltCallback
                0x0000000008009332        0x8 ./Src/bsp_driver_sd.o
                0x0000000008009332                HAL_SD_TxCpltCallback
 .text.HAL_SD_RxCpltCallback
                0x000000000800933a        0x8 ./Src/bsp_driver_sd.o
                0x000000000800933a                HAL_SD_RxCpltCallback
 .text.BSP_SD_IsDetected
                0x0000000008009342       0x20 ./Src/bsp_driver_sd.o
                0x0000000008009342                BSP_SD_IsDetected
 *fill*         0x0000000008009362        0x2 
 .text.BSP_SD_Init
                0x0000000008009364       0x34 ./Src/bsp_driver_sd.o
                0x0000000008009364                BSP_SD_Init
 .text.hcan1_rx_readPacketsTask
                0x0000000008009398       0x28 ./Src/can.o
                0x0000000008009398                hcan1_rx_readPacketsTask
 .text.MX_CAN1_Init
                0x00000000080093c0       0x38 ./Src/can.o
                0x00000000080093c0                MX_CAN1_Init
 .text.HAL_CAN_MspInit
                0x00000000080093f8       0x70 ./Src/can.o
                0x00000000080093f8                HAL_CAN_MspInit
 .text.MX_DMA_Init
                0x0000000008009468       0x54 ./Src/dma.o
                0x0000000008009468                MX_DMA_Init
 .text.MX_FATFS_Init
                0x00000000080094bc       0x18 ./Src/fatfs.o
                0x00000000080094bc                MX_FATFS_Init
 .text.get_fattime
                0x00000000080094d4        0x4 ./Src/fatfs.o
                0x00000000080094d4                get_fattime
 .text.BSP_PlatformIsDetected
                0x00000000080094d8       0x1c ./Src/fatfs_platform.o
                0x00000000080094d8                BSP_PlatformIsDetected
 .text.StartDefaultTask
                0x00000000080094f4        0xa ./Src/freertos.o
                0x00000000080094f4                StartDefaultTask
 .text.configureTimerForRunTimeStats
                0x00000000080094fe        0x2 ./Src/freertos.o
                0x00000000080094fe                configureTimerForRunTimeStats
 .text.getRunTimeCounterValue
                0x0000000008009500        0x4 ./Src/freertos.o
                0x0000000008009500                getRunTimeCounterValue
 .text.vApplicationGetIdleTaskMemory
                0x0000000008009504       0x14 ./Src/freertos.o
                0x0000000008009504                vApplicationGetIdleTaskMemory
 .text.MX_FREERTOS_Init
                0x0000000008009518       0x34 ./Src/freertos.o
                0x0000000008009518                MX_FREERTOS_Init
 .text.MX_GPIO_Init
                0x000000000800954c       0x98 ./Src/gpio.o
                0x000000000800954c                MX_GPIO_Init
 .text.SystemClock_Config
                0x00000000080095e4       0x9c ./Src/main.o
                0x00000000080095e4                SystemClock_Config
 .text.main     0x0000000008009680       0xa4 ./Src/main.o
                0x0000000008009680                main
 .text.Error_Handler
                0x0000000008009724        0x2 ./Src/main.o
                0x0000000008009724                Error_Handler
 *fill*         0x0000000008009726        0x2 
 .text.MX_RTC_Init
                0x0000000008009728       0x90 ./Src/rtc.o
                0x0000000008009728                MX_RTC_Init
 .text.HAL_RTC_MspInit
                0x00000000080097b8       0x48 ./Src/rtc.o
                0x00000000080097b8                HAL_RTC_MspInit
 .text.SD_Task_Read
                0x0000000008009800       0x6c ./Src/sd_card.o
 .text.SD_Task_Write
                0x000000000800986c       0x70 ./Src/sd_card.o
 .text.xSD_Card_Gatekeeper
                0x00000000080098dc      0x120 ./Src/sd_card.o
                0x00000000080098dc                xSD_Card_Gatekeeper
 .text.xSD_Sync
                0x00000000080099fc       0x48 ./Src/sd_card.o
                0x00000000080099fc                xSD_Sync
 .text.Init_SD_Card
                0x0000000008009a44       0x3c ./Src/sd_card.o
                0x0000000008009a44                Init_SD_Card
 .text.Init_SD_RTOS_Tasks
                0x0000000008009a80       0x90 ./Src/sd_card.o
                0x0000000008009a80                Init_SD_RTOS_Tasks
 .text.SD_Log   0x0000000008009b10       0x34 ./Src/sd_card.o
                0x0000000008009b10                SD_Log
 .text.xTest_Sender_Task
                0x0000000008009b44       0x7c ./Src/sd_card.o
                0x0000000008009b44                xTest_Sender_Task
 .text.SD_CheckStatus
                0x0000000008009bc0       0x24 ./Src/sd_diskio.o
 .text.SD_initialize
                0x0000000008009be4       0x74 ./Src/sd_diskio.o
                0x0000000008009be4                SD_initialize
 .text.SD_status
                0x0000000008009c58        0x8 ./Src/sd_diskio.o
                0x0000000008009c58                SD_status
 .text.SD_CheckStatusWithTimeout
                0x0000000008009c60       0x26 ./Src/sd_diskio.o
 *fill*         0x0000000008009c86        0x2 
 .text.SD_read  0x0000000008009c88       0x74 ./Src/sd_diskio.o
                0x0000000008009c88                SD_read
 .text.SD_write
                0x0000000008009cfc       0x74 ./Src/sd_diskio.o
                0x0000000008009cfc                SD_write
 .text.SD_ioctl
                0x0000000008009d70       0x58 ./Src/sd_diskio.o
                0x0000000008009d70                SD_ioctl
 .text.BSP_SD_WriteCpltCallback
                0x0000000008009dc8       0x14 ./Src/sd_diskio.o
                0x0000000008009dc8                BSP_SD_WriteCpltCallback
 .text.BSP_SD_ReadCpltCallback
                0x0000000008009ddc       0x14 ./Src/sd_diskio.o
                0x0000000008009ddc                BSP_SD_ReadCpltCallback
 .text.MX_SDIO_SD_Init
                0x0000000008009df0       0x20 ./Src/sdio.o
                0x0000000008009df0                MX_SDIO_SD_Init
 .text.HAL_SD_MspInit
                0x0000000008009e10      0x1fc ./Src/sdio.o
                0x0000000008009e10                HAL_SD_MspInit
 .text.HAL_MspInit
                0x000000000800a00c       0x44 ./Src/stm32f4xx_hal_msp.o
                0x000000000800a00c                HAL_MspInit
 .text.HAL_InitTick
                0x000000000800a050       0x98 ./Src/stm32f4xx_hal_timebase_tim.o
                0x000000000800a050                HAL_InitTick
 .text.NMI_Handler
                0x000000000800a0e8        0x2 ./Src/stm32f4xx_it.o
                0x000000000800a0e8                NMI_Handler
 .text.HardFault_Handler
                0x000000000800a0ea        0x2 ./Src/stm32f4xx_it.o
                0x000000000800a0ea                HardFault_Handler
 .text.MemManage_Handler
                0x000000000800a0ec        0x2 ./Src/stm32f4xx_it.o
                0x000000000800a0ec                MemManage_Handler
 .text.BusFault_Handler
                0x000000000800a0ee        0x2 ./Src/stm32f4xx_it.o
                0x000000000800a0ee                BusFault_Handler
 .text.UsageFault_Handler
                0x000000000800a0f0        0x2 ./Src/stm32f4xx_it.o
                0x000000000800a0f0                UsageFault_Handler
 .text.DebugMon_Handler
                0x000000000800a0f2        0x2 ./Src/stm32f4xx_it.o
                0x000000000800a0f2                DebugMon_Handler
 .text.TIM1_UP_TIM10_IRQHandler
                0x000000000800a0f4       0x18 ./Src/stm32f4xx_it.o
                0x000000000800a0f4                TIM1_UP_TIM10_IRQHandler
 .text.TIM2_IRQHandler
                0x000000000800a10c       0x10 ./Src/stm32f4xx_it.o
                0x000000000800a10c                TIM2_IRQHandler
 .text.TIM3_IRQHandler
                0x000000000800a11c       0x10 ./Src/stm32f4xx_it.o
                0x000000000800a11c                TIM3_IRQHandler
 .text.TIM4_IRQHandler
                0x000000000800a12c       0x10 ./Src/stm32f4xx_it.o
                0x000000000800a12c                TIM4_IRQHandler
 .text.SDIO_IRQHandler
                0x000000000800a13c       0x10 ./Src/stm32f4xx_it.o
                0x000000000800a13c                SDIO_IRQHandler
 .text.DMA2_Stream0_IRQHandler
                0x000000000800a14c       0x10 ./Src/stm32f4xx_it.o
                0x000000000800a14c                DMA2_Stream0_IRQHandler
 .text.DMA2_Stream3_IRQHandler
                0x000000000800a15c       0x10 ./Src/stm32f4xx_it.o
                0x000000000800a15c                DMA2_Stream3_IRQHandler
 .text.DMA2_Stream6_IRQHandler
                0x000000000800a16c       0x10 ./Src/stm32f4xx_it.o
                0x000000000800a16c                DMA2_Stream6_IRQHandler
 .text.SystemInit
                0x000000000800a17c       0x4c ./Src/system_stm32f4xx.o
                0x000000000800a17c                SystemInit
 .text.MX_TIM1_Init
                0x000000000800a1c8       0x74 ./Src/tim.o
                0x000000000800a1c8                MX_TIM1_Init
 .text.MX_TIM2_Init
                0x000000000800a23c       0xa8 ./Src/tim.o
                0x000000000800a23c                MX_TIM2_Init
 .text.MX_TIM3_Init
                0x000000000800a2e4       0xb4 ./Src/tim.o
                0x000000000800a2e4                MX_TIM3_Init
 .text.MX_TIM4_Init
                0x000000000800a398       0x84 ./Src/tim.o
                0x000000000800a398                MX_TIM4_Init
 .text.HAL_TIM_Base_MspInit
                0x000000000800a41c      0x10c ./Src/tim.o
                0x000000000800a41c                HAL_TIM_Base_MspInit
 .text.HAL_TIM_IC_MspInit
                0x000000000800a528       0x78 ./Src/tim.o
                0x000000000800a528                HAL_TIM_IC_MspInit
 .text.getTime  0x000000000800a5a0       0x7c ./Src/timestamps.o
                0x000000000800a5a0                getTime
 .text.MX_USART1_UART_Init
                0x000000000800a61c       0x34 ./Src/usart.o
                0x000000000800a61c                MX_USART1_UART_Init
 .text.HAL_UART_MspInit
                0x000000000800a650       0x74 ./Src/usart.o
                0x000000000800a650                HAL_UART_MspInit
 .text.Init_WheelSpeed_Logging_Task
                0x000000000800a6c4       0x34 ./Src/wheel_speed.o
                0x000000000800a6c4                Init_WheelSpeed_Logging_Task
 .text.get_wheel_ang_vel
                0x000000000800a6f8       0xb8 ./Src/wheel_speed.o
                0x000000000800a6f8                get_wheel_ang_vel
 .text.xWheelSpeed_Logger
                0x000000000800a7b0       0xe0 ./Src/wheel_speed.o
                0x000000000800a7b0                xWheelSpeed_Logger
 .text.HAL_TIM_IC_CaptureCallback
                0x000000000800a890       0x68 ./Src/wheel_speed.o
                0x000000000800a890                HAL_TIM_IC_CaptureCallback
 .text.Reset_Handler
                0x000000000800a8f8       0x50 ./startup/startup_stm32f446xx.o
                0x000000000800a8f8                Reset_Handler
 .text.Default_Handler
                0x000000000800a948        0x2 ./startup/startup_stm32f446xx.o
                0x000000000800a948                RTC_Alarm_IRQHandler
                0x000000000800a948                EXTI2_IRQHandler
                0x000000000800a948                TIM8_CC_IRQHandler
                0x000000000800a948                SPI4_IRQHandler
                0x000000000800a948                TIM1_CC_IRQHandler
                0x000000000800a948                DMA2_Stream5_IRQHandler
                0x000000000800a948                DMA1_Stream5_IRQHandler
                0x000000000800a948                PVD_IRQHandler
                0x000000000800a948                TAMP_STAMP_IRQHandler
                0x000000000800a948                CAN2_RX1_IRQHandler
                0x000000000800a948                EXTI3_IRQHandler
                0x000000000800a948                TIM8_TRG_COM_TIM14_IRQHandler
                0x000000000800a948                TIM8_UP_TIM13_IRQHandler
                0x000000000800a948                I2C3_ER_IRQHandler
                0x000000000800a948                FMPI2C1_Event_IRQHandler
                0x000000000800a948                EXTI0_IRQHandler
                0x000000000800a948                I2C2_EV_IRQHandler
                0x000000000800a948                DMA1_Stream2_IRQHandler
                0x000000000800a948                CAN1_RX0_IRQHandler
                0x000000000800a948                FPU_IRQHandler
                0x000000000800a948                OTG_HS_WKUP_IRQHandler
                0x000000000800a948                CAN2_SCE_IRQHandler
                0x000000000800a948                DMA2_Stream2_IRQHandler
                0x000000000800a948                SPI1_IRQHandler
                0x000000000800a948                TIM6_DAC_IRQHandler
                0x000000000800a948                TIM1_BRK_TIM9_IRQHandler
                0x000000000800a948                DCMI_IRQHandler
                0x000000000800a948                CAN2_RX0_IRQHandler
                0x000000000800a948                SAI2_IRQHandler
                0x000000000800a948                USART6_IRQHandler
                0x000000000800a948                USART3_IRQHandler
                0x000000000800a948                CAN1_RX1_IRQHandler
                0x000000000800a948                UART5_IRQHandler
                0x000000000800a948                QUADSPI_IRQHandler
                0x000000000800a948                I2C1_EV_IRQHandler
                0x000000000800a948                DMA1_Stream6_IRQHandler
                0x000000000800a948                DMA1_Stream1_IRQHandler
                0x000000000800a948                UART4_IRQHandler
                0x000000000800a948                RCC_IRQHandler
                0x000000000800a948                TIM8_BRK_TIM12_IRQHandler
                0x000000000800a948                Default_Handler
                0x000000000800a948                CEC_IRQHandler
                0x000000000800a948                EXTI15_10_IRQHandler
                0x000000000800a948                ADC_IRQHandler
                0x000000000800a948                DMA1_Stream7_IRQHandler
                0x000000000800a948                TIM7_IRQHandler
                0x000000000800a948                CAN2_TX_IRQHandler
                0x000000000800a948                TIM5_IRQHandler
                0x000000000800a948                DMA2_Stream7_IRQHandler
                0x000000000800a948                I2C3_EV_IRQHandler
                0x000000000800a948                EXTI9_5_IRQHandler
                0x000000000800a948                RTC_WKUP_IRQHandler
                0x000000000800a948                SPDIF_RX_IRQHandler
                0x000000000800a948                SPI2_IRQHandler
                0x000000000800a948                OTG_HS_EP1_IN_IRQHandler
                0x000000000800a948                DMA1_Stream0_IRQHandler
                0x000000000800a948                CAN1_TX_IRQHandler
                0x000000000800a948                EXTI4_IRQHandler
                0x000000000800a948                OTG_HS_EP1_OUT_IRQHandler
                0x000000000800a948                WWDG_IRQHandler
                0x000000000800a948                OTG_FS_WKUP_IRQHandler
                0x000000000800a948                TIM1_TRG_COM_TIM11_IRQHandler
                0x000000000800a948                OTG_HS_IRQHandler
                0x000000000800a948                EXTI1_IRQHandler
                0x000000000800a948                USART2_IRQHandler
                0x000000000800a948                I2C2_ER_IRQHandler
                0x000000000800a948                DMA2_Stream1_IRQHandler
                0x000000000800a948                CAN1_SCE_IRQHandler
                0x000000000800a948                FLASH_IRQHandler
                0x000000000800a948                DMA2_Stream4_IRQHandler
                0x000000000800a948                USART1_IRQHandler
                0x000000000800a948                OTG_FS_IRQHandler
                0x000000000800a948                SPI3_IRQHandler
                0x000000000800a948                DMA1_Stream4_IRQHandler
                0x000000000800a948                I2C1_ER_IRQHandler
                0x000000000800a948                FMC_IRQHandler
                0x000000000800a948                SAI1_IRQHandler
                0x000000000800a948                DMA1_Stream3_IRQHandler
                0x000000000800a948                FMPI2C1_Error_IRQHandler
 *fill*         0x000000000800a94a        0x2 
 .text.__libc_init_array
                0x000000000800a94c       0x48 c:/st/stm32cubeide_1.8.0/stm32cubeide/plugins/com.st.stm32cube.ide.mcu.externaltools.gnu-tools-for-stm32.10.3-2021.10.win32_1.0.0.202111181127/tools/bin/../lib/gcc/arm-none-eabi/10.3.1/../../../../arm-none-eabi/lib/thumb/v7e-m+fp/hard\libc_nano.a(lib_a-init.o)
                0x000000000800a94c                __libc_init_array
 .text.__retarget_lock_acquire_recursive
                0x000000000800a994        0x2 c:/st/stm32cubeide_1.8.0/stm32cubeide/plugins/com.st.stm32cube.ide.mcu.externaltools.gnu-tools-for-stm32.10.3-2021.10.win32_1.0.0.202111181127/tools/bin/../lib/gcc/arm-none-eabi/10.3.1/../../../../arm-none-eabi/lib/thumb/v7e-m+fp/hard\libc_nano.a(lib_a-lock.o)
                0x000000000800a994                __retarget_lock_acquire_recursive
 .text.__retarget_lock_release_recursive
                0x000000000800a996        0x2 c:/st/stm32cubeide_1.8.0/stm32cubeide/plugins/com.st.stm32cube.ide.mcu.externaltools.gnu-tools-for-stm32.10.3-2021.10.win32_1.0.0.202111181127/tools/bin/../lib/gcc/arm-none-eabi/10.3.1/../../../../arm-none-eabi/lib/thumb/v7e-m+fp/hard\libc_nano.a(lib_a-lock.o)
                0x000000000800a996                __retarget_lock_release_recursive
 .text.memcpy   0x000000000800a998       0x1c c:/st/stm32cubeide_1.8.0/stm32cubeide/plugins/com.st.stm32cube.ide.mcu.externaltools.gnu-tools-for-stm32.10.3-2021.10.win32_1.0.0.202111181127/tools/bin/../lib/gcc/arm-none-eabi/10.3.1/../../../../arm-none-eabi/lib/thumb/v7e-m+fp/hard\libc_nano.a(lib_a-memcpy-stub.o)
                0x000000000800a998                memcpy
 .text.memset   0x000000000800a9b4       0x10 c:/st/stm32cubeide_1.8.0/stm32cubeide/plugins/com.st.stm32cube.ide.mcu.externaltools.gnu-tools-for-stm32.10.3-2021.10.win32_1.0.0.202111181127/tools/bin/../lib/gcc/arm-none-eabi/10.3.1/../../../../arm-none-eabi/lib/thumb/v7e-m+fp/hard\libc_nano.a(lib_a-memset.o)
                0x000000000800a9b4                memset
 .text.sbrk_aligned
                0x000000000800a9c4       0x40 c:/st/stm32cubeide_1.8.0/stm32cubeide/plugins/com.st.stm32cube.ide.mcu.externaltools.gnu-tools-for-stm32.10.3-2021.10.win32_1.0.0.202111181127/tools/bin/../lib/gcc/arm-none-eabi/10.3.1/../../../../arm-none-eabi/lib/thumb/v7e-m+fp/hard\libc_nano.a(lib_a-nano-mallocr.o)
 .text._malloc_r
                0x000000000800aa04       0xe8 c:/st/stm32cubeide_1.8.0/stm32cubeide/plugins/com.st.stm32cube.ide.mcu.externaltools.gnu-tools-for-stm32.10.3-2021.10.win32_1.0.0.202111181127/tools/bin/../lib/gcc/arm-none-eabi/10.3.1/../../../../arm-none-eabi/lib/thumb/v7e-m+fp/hard\libc_nano.a(lib_a-nano-mallocr.o)
                0x000000000800aa04                _malloc_r
 .text.cleanup_glue
                0x000000000800aaec       0x1a c:/st/stm32cubeide_1.8.0/stm32cubeide/plugins/com.st.stm32cube.ide.mcu.externaltools.gnu-tools-for-stm32.10.3-2021.10.win32_1.0.0.202111181127/tools/bin/../lib/gcc/arm-none-eabi/10.3.1/../../../../arm-none-eabi/lib/thumb/v7e-m+fp/hard\libc_nano.a(lib_a-reent.o)
                0x000000000800aaec                cleanup_glue
 *fill*         0x000000000800ab06        0x2 
 .text._reclaim_reent
                0x000000000800ab08       0xb8 c:/st/stm32cubeide_1.8.0/stm32cubeide/plugins/com.st.stm32cube.ide.mcu.externaltools.gnu-tools-for-stm32.10.3-2021.10.win32_1.0.0.202111181127/tools/bin/../lib/gcc/arm-none-eabi/10.3.1/../../../../arm-none-eabi/lib/thumb/v7e-m+fp/hard\libc_nano.a(lib_a-reent.o)
                0x000000000800ab08                _reclaim_reent
 .text._sbrk_r  0x000000000800abc0       0x20 c:/st/stm32cubeide_1.8.0/stm32cubeide/plugins/com.st.stm32cube.ide.mcu.externaltools.gnu-tools-for-stm32.10.3-2021.10.win32_1.0.0.202111181127/tools/bin/../lib/gcc/arm-none-eabi/10.3.1/../../../../arm-none-eabi/lib/thumb/v7e-m+fp/hard\libc_nano.a(lib_a-sbrkr.o)
                0x000000000800abc0                _sbrk_r
 .text.sprintf  0x000000000800abe0       0x40 c:/st/stm32cubeide_1.8.0/stm32cubeide/plugins/com.st.stm32cube.ide.mcu.externaltools.gnu-tools-for-stm32.10.3-2021.10.win32_1.0.0.202111181127/tools/bin/../lib/gcc/arm-none-eabi/10.3.1/../../../../arm-none-eabi/lib/thumb/v7e-m+fp/hard\libc_nano.a(lib_a-sprintf.o)
                0x000000000800abe0                siprintf
                0x000000000800abe0                sprintf
 .text.__malloc_lock
                0x000000000800ac20        0xc c:/st/stm32cubeide_1.8.0/stm32cubeide/plugins/com.st.stm32cube.ide.mcu.externaltools.gnu-tools-for-stm32.10.3-2021.10.win32_1.0.0.202111181127/tools/bin/../lib/gcc/arm-none-eabi/10.3.1/../../../../arm-none-eabi/lib/thumb/v7e-m+fp/hard\libc_nano.a(lib_a-mlock.o)
                0x000000000800ac20                __malloc_lock
 .text.__malloc_unlock
                0x000000000800ac2c        0xc c:/st/stm32cubeide_1.8.0/stm32cubeide/plugins/com.st.stm32cube.ide.mcu.externaltools.gnu-tools-for-stm32.10.3-2021.10.win32_1.0.0.202111181127/tools/bin/../lib/gcc/arm-none-eabi/10.3.1/../../../../arm-none-eabi/lib/thumb/v7e-m+fp/hard\libc_nano.a(lib_a-mlock.o)
                0x000000000800ac2c                __malloc_unlock
 .text._free_r  0x000000000800ac38       0x98 c:/st/stm32cubeide_1.8.0/stm32cubeide/plugins/com.st.stm32cube.ide.mcu.externaltools.gnu-tools-for-stm32.10.3-2021.10.win32_1.0.0.202111181127/tools/bin/../lib/gcc/arm-none-eabi/10.3.1/../../../../arm-none-eabi/lib/thumb/v7e-m+fp/hard\libc_nano.a(lib_a-nano-freer.o)
                0x000000000800ac38                _free_r
 .text.__ssputs_r
                0x000000000800acd0       0xb6 c:/st/stm32cubeide_1.8.0/stm32cubeide/plugins/com.st.stm32cube.ide.mcu.externaltools.gnu-tools-for-stm32.10.3-2021.10.win32_1.0.0.202111181127/tools/bin/../lib/gcc/arm-none-eabi/10.3.1/../../../../arm-none-eabi/lib/thumb/v7e-m+fp/hard\libc_nano.a(lib_a-nano-svfprintf.o)
                0x000000000800acd0                __ssputs_r
 *fill*         0x000000000800ad86        0x2 
 .text._svfprintf_r
                0x000000000800ad88      0x200 c:/st/stm32cubeide_1.8.0/stm32cubeide/plugins/com.st.stm32cube.ide.mcu.externaltools.gnu-tools-for-stm32.10.3-2021.10.win32_1.0.0.202111181127/tools/bin/../lib/gcc/arm-none-eabi/10.3.1/../../../../arm-none-eabi/lib/thumb/v7e-m+fp/hard\libc_nano.a(lib_a-nano-svfprintf.o)
                0x000000000800ad88                _svfiprintf_r
                0x000000000800ad88                _svfprintf_r
 .text._printf_common
                0x000000000800af88       0xda c:/st/stm32cubeide_1.8.0/stm32cubeide/plugins/com.st.stm32cube.ide.mcu.externaltools.gnu-tools-for-stm32.10.3-2021.10.win32_1.0.0.202111181127/tools/bin/../lib/gcc/arm-none-eabi/10.3.1/../../../../arm-none-eabi/lib/thumb/v7e-m+fp/hard\libc_nano.a(lib_a-nano-vfprintf_i.o)
                0x000000000800af88                _printf_common
 *fill*         0x000000000800b062        0x2 
 .text._printf_i
                0x000000000800b064      0x24c c:/st/stm32cubeide_1.8.0/stm32cubeide/plugins/com.st.stm32cube.ide.mcu.externaltools.gnu-tools-for-stm32.10.3-2021.10.win32_1.0.0.202111181127/tools/bin/../lib/gcc/arm-none-eabi/10.3.1/../../../../arm-none-eabi/lib/thumb/v7e-m+fp/hard\libc_nano.a(lib_a-nano-vfprintf_i.o)
                0x000000000800b064                _printf_i
 .text.memmove  0x000000000800b2b0       0x34 c:/st/stm32cubeide_1.8.0/stm32cubeide/plugins/com.st.stm32cube.ide.mcu.externaltools.gnu-tools-for-stm32.10.3-2021.10.win32_1.0.0.202111181127/tools/bin/../lib/gcc/arm-none-eabi/10.3.1/../../../../arm-none-eabi/lib/thumb/v7e-m+fp/hard\libc_nano.a(lib_a-memmove.o)
                0x000000000800b2b0                memmove
 .text._realloc_r
                0x000000000800b2e4       0x5e c:/st/stm32cubeide_1.8.0/stm32cubeide/plugins/com.st.stm32cube.ide.mcu.externaltools.gnu-tools-for-stm32.10.3-2021.10.win32_1.0.0.202111181127/tools/bin/../lib/gcc/arm-none-eabi/10.3.1/../../../../arm-none-eabi/lib/thumb/v7e-m+fp/hard\libc_nano.a(lib_a-nano-reallocr.o)
                0x000000000800b2e4                _realloc_r
 .text._malloc_usable_size_r
                0x000000000800b342       0x10 c:/st/stm32cubeide_1.8.0/stm32cubeide/plugins/com.st.stm32cube.ide.mcu.externaltools.gnu-tools-for-stm32.10.3-2021.10.win32_1.0.0.202111181127/tools/bin/../lib/gcc/arm-none-eabi/10.3.1/../../../../arm-none-eabi/lib/thumb/v7e-m+fp/hard\libc_nano.a(lib_a-nano-msizer.o)
                0x000000000800b342                _malloc_usable_size_r
 *fill*         0x000000000800b352        0x2 
 .text._sbrk    0x000000000800b354       0x1c c:/st/stm32cubeide_1.8.0/stm32cubeide/plugins/com.st.stm32cube.ide.mcu.externaltools.gnu-tools-for-stm32.10.3-2021.10.win32_1.0.0.202111181127/tools/bin/../lib/gcc/arm-none-eabi/10.3.1/../../../../arm-none-eabi/lib/thumb/v7e-m+fp/hard\libnosys.a(sbrk.o)
                0x000000000800b354                _sbrk
 *(.glue_7)
 .glue_7        0x000000000800b370        0x0 linker stubs
 *(.glue_7t)
 .glue_7t       0x000000000800b370        0x0 linker stubs
 *(.eh_frame)
 .eh_frame      0x000000000800b370        0x0 c:/st/stm32cubeide_1.8.0/stm32cubeide/plugins/com.st.stm32cube.ide.mcu.externaltools.gnu-tools-for-stm32.10.3-2021.10.win32_1.0.0.202111181127/tools/bin/../lib/gcc/arm-none-eabi/10.3.1/thumb/v7e-m+fp/hard/crtbegin.o
 *(.init)
 .init          0x000000000800b370        0x4 c:/st/stm32cubeide_1.8.0/stm32cubeide/plugins/com.st.stm32cube.ide.mcu.externaltools.gnu-tools-for-stm32.10.3-2021.10.win32_1.0.0.202111181127/tools/bin/../lib/gcc/arm-none-eabi/10.3.1/thumb/v7e-m+fp/hard/crti.o
                0x000000000800b370                _init
 .init          0x000000000800b374        0x8 c:/st/stm32cubeide_1.8.0/stm32cubeide/plugins/com.st.stm32cube.ide.mcu.externaltools.gnu-tools-for-stm32.10.3-2021.10.win32_1.0.0.202111181127/tools/bin/../lib/gcc/arm-none-eabi/10.3.1/thumb/v7e-m+fp/hard/crtn.o
 *(.fini)
 .fini          0x000000000800b37c        0x4 c:/st/stm32cubeide_1.8.0/stm32cubeide/plugins/com.st.stm32cube.ide.mcu.externaltools.gnu-tools-for-stm32.10.3-2021.10.win32_1.0.0.202111181127/tools/bin/../lib/gcc/arm-none-eabi/10.3.1/thumb/v7e-m+fp/hard/crti.o
                0x000000000800b37c                _fini
 .fini          0x000000000800b380        0x8 c:/st/stm32cubeide_1.8.0/stm32cubeide/plugins/com.st.stm32cube.ide.mcu.externaltools.gnu-tools-for-stm32.10.3-2021.10.win32_1.0.0.202111181127/tools/bin/../lib/gcc/arm-none-eabi/10.3.1/thumb/v7e-m+fp/hard/crtn.o
                0x000000000800b388                . = ALIGN (0x4)
                0x000000000800b388                _etext = .

.vfp11_veneer   0x000000000800b388        0x0
 .vfp11_veneer  0x000000000800b388        0x0 linker stubs

.v4_bx          0x000000000800b388        0x0
 .v4_bx         0x000000000800b388        0x0 linker stubs

.iplt           0x000000000800b388        0x0
 .iplt          0x000000000800b388        0x0 c:/st/stm32cubeide_1.8.0/stm32cubeide/plugins/com.st.stm32cube.ide.mcu.externaltools.gnu-tools-for-stm32.10.3-2021.10.win32_1.0.0.202111181127/tools/bin/../lib/gcc/arm-none-eabi/10.3.1/thumb/v7e-m+fp/hard/crtbegin.o

.rodata         0x000000000800b388      0x670
                0x000000000800b388                . = ALIGN (0x4)
 *(.rodata)
 .rodata        0x000000000800b388        0x8 ./Drivers/STM32F4xx_HAL_Driver/Src/stm32f4xx_hal_dma.o
 .rodata        0x000000000800b390       0xae ./Middlewares/Third_Party/FatFs/src/ff.o
 *fill*         0x000000000800b43e        0x2 
 .rodata        0x000000000800b440      0x3ae ./Middlewares/Third_Party/FatFs/src/option/ccsbcs.o
 *fill*         0x000000000800b7ee        0x2 
 .rodata        0x000000000800b7f0       0x1c ./Src/freertos.o
 .rodata        0x000000000800b80c        0x9 ./Src/sd_card.o
 *fill*         0x000000000800b815        0x3 
 .rodata        0x000000000800b818       0x24 ./Src/sd_diskio.o
                0x000000000800b828                SD_Driver
 .rodata        0x000000000800b83c       0x18 ./Src/system_stm32f4xx.o
                0x000000000800b83c                AHBPrescTable
                0x000000000800b84c                APBPrescTable
 *(.rodata*)
 .rodata.str1.4
                0x000000000800b854       0x48 ./Middlewares/Third_Party/FatFs/src/ff.o
 .rodata.str1.4
                0x000000000800b89c        0x5 ./Middlewares/Third_Party/FreeRTOS/Source/tasks.o
 *fill*         0x000000000800b8a1        0x3 
 .rodata.str1.4
                0x000000000800b8a4        0xc ./Src/freertos.o
 .rodata.str1.4
                0x000000000800b8b0        0xd ./Src/main.o
 *fill*         0x000000000800b8bd        0x3 
 .rodata.str1.4
                0x000000000800b8c0       0x5d ./Src/sd_card.o
                                         0x61 (size before relaxing)
 *fill*         0x000000000800b91d        0x3 
 .rodata.str1.4
                0x000000000800b920       0x44 ./Src/wheel_speed.o
 .rodata.__sf_fake_stderr
                0x000000000800b964       0x20 c:/st/stm32cubeide_1.8.0/stm32cubeide/plugins/com.st.stm32cube.ide.mcu.externaltools.gnu-tools-for-stm32.10.3-2021.10.win32_1.0.0.202111181127/tools/bin/../lib/gcc/arm-none-eabi/10.3.1/../../../../arm-none-eabi/lib/thumb/v7e-m+fp/hard\libc_nano.a(lib_a-findfp.o)
                0x000000000800b964                __sf_fake_stderr
 .rodata.__sf_fake_stdin
                0x000000000800b984       0x20 c:/st/stm32cubeide_1.8.0/stm32cubeide/plugins/com.st.stm32cube.ide.mcu.externaltools.gnu-tools-for-stm32.10.3-2021.10.win32_1.0.0.202111181127/tools/bin/../lib/gcc/arm-none-eabi/10.3.1/../../../../arm-none-eabi/lib/thumb/v7e-m+fp/hard\libc_nano.a(lib_a-findfp.o)
                0x000000000800b984                __sf_fake_stdin
 .rodata.__sf_fake_stdout
                0x000000000800b9a4       0x20 c:/st/stm32cubeide_1.8.0/stm32cubeide/plugins/com.st.stm32cube.ide.mcu.externaltools.gnu-tools-for-stm32.10.3-2021.10.win32_1.0.0.202111181127/tools/bin/../lib/gcc/arm-none-eabi/10.3.1/../../../../arm-none-eabi/lib/thumb/v7e-m+fp/hard\libc_nano.a(lib_a-findfp.o)
                0x000000000800b9a4                __sf_fake_stdout
 .rodata._svfprintf_r.str1.1
                0x000000000800b9c4       0x11 c:/st/stm32cubeide_1.8.0/stm32cubeide/plugins/com.st.stm32cube.ide.mcu.externaltools.gnu-tools-for-stm32.10.3-2021.10.win32_1.0.0.202111181127/tools/bin/../lib/gcc/arm-none-eabi/10.3.1/../../../../arm-none-eabi/lib/thumb/v7e-m+fp/hard\libc_nano.a(lib_a-nano-svfprintf.o)
 .rodata._printf_i.str1.1
                0x000000000800b9d5       0x22 c:/st/stm32cubeide_1.8.0/stm32cubeide/plugins/com.st.stm32cube.ide.mcu.externaltools.gnu-tools-for-stm32.10.3-2021.10.win32_1.0.0.202111181127/tools/bin/../lib/gcc/arm-none-eabi/10.3.1/../../../../arm-none-eabi/lib/thumb/v7e-m+fp/hard\libc_nano.a(lib_a-nano-vfprintf_i.o)
                0x000000000800b9f8                . = ALIGN (0x4)
 *fill*         0x000000000800b9f7        0x1 

.ARM.extab
 *(.ARM.extab* .gnu.linkonce.armextab.*)

.ARM            0x000000000800b9f8        0x8
                0x000000000800b9f8                __exidx_start = .
 *(.ARM.exidx*)
 .ARM.exidx     0x000000000800b9f8        0x8 c:/st/stm32cubeide_1.8.0/stm32cubeide/plugins/com.st.stm32cube.ide.mcu.externaltools.gnu-tools-for-stm32.10.3-2021.10.win32_1.0.0.202111181127/tools/bin/../lib/gcc/arm-none-eabi/10.3.1/thumb/v7e-m+fp/hard\libgcc.a(_udivmoddi4.o)
                0x000000000800ba00                __exidx_end = .

.rel.dyn        0x000000000800ba00        0x0
 .rel.iplt      0x000000000800ba00        0x0 c:/st/stm32cubeide_1.8.0/stm32cubeide/plugins/com.st.stm32cube.ide.mcu.externaltools.gnu-tools-for-stm32.10.3-2021.10.win32_1.0.0.202111181127/tools/bin/../lib/gcc/arm-none-eabi/10.3.1/thumb/v7e-m+fp/hard/crtbegin.o

.preinit_array  0x000000000800ba00        0x0
                0x000000000800ba00                PROVIDE (__preinit_array_start = .)
 *(.preinit_array*)
                0x000000000800ba00                PROVIDE (__preinit_array_end = .)

.init_array     0x000000000800ba00        0x4
                0x000000000800ba00                PROVIDE (__init_array_start = .)
 *(SORT_BY_NAME(.init_array.*))
 *(.init_array*)
 .init_array    0x000000000800ba00        0x4 c:/st/stm32cubeide_1.8.0/stm32cubeide/plugins/com.st.stm32cube.ide.mcu.externaltools.gnu-tools-for-stm32.10.3-2021.10.win32_1.0.0.202111181127/tools/bin/../lib/gcc/arm-none-eabi/10.3.1/thumb/v7e-m+fp/hard/crtbegin.o
                0x000000000800ba04                PROVIDE (__init_array_end = .)

.fini_array     0x000000000800ba04        0x4
                [!provide]                        PROVIDE (__fini_array_start = .)
 *(SORT_BY_NAME(.fini_array.*))
 *(.fini_array*)
 .fini_array    0x000000000800ba04        0x4 c:/st/stm32cubeide_1.8.0/stm32cubeide/plugins/com.st.stm32cube.ide.mcu.externaltools.gnu-tools-for-stm32.10.3-2021.10.win32_1.0.0.202111181127/tools/bin/../lib/gcc/arm-none-eabi/10.3.1/thumb/v7e-m+fp/hard/crtbegin.o
                [!provide]                        PROVIDE (__fini_array_end = .)
                0x000000000800ba08                _sidata = LOADADDR (.data)

.data           0x0000000020000000       0x84 load address 0x000000000800ba08
                0x0000000020000000                . = ALIGN (0x4)
                0x0000000020000000                _sdata = .
 *(.data)
 .data          0x0000000020000000        0x8 ./Drivers/STM32F4xx_HAL_Driver/Src/stm32f4xx_hal.o
                0x0000000020000000                uwTickFreq
                0x0000000020000004                uwTickPrio
 .data          0x0000000020000008        0x4 ./Middlewares/Third_Party/FreeRTOS/Source/portable/GCC/ARM_CM4F/port.o
 .data          0x000000002000000c        0xd ./Src/sd_card.o
 .data          0x0000000020000019        0x1 ./Src/sd_diskio.o
 *fill*         0x000000002000001a        0x2 
 .data          0x000000002000001c        0x4 ./Src/system_stm32f4xx.o
                0x000000002000001c                SystemCoreClock
 *(.data*)
 .data._impure_ptr
                0x0000000020000020        0x4 c:/st/stm32cubeide_1.8.0/stm32cubeide/plugins/com.st.stm32cube.ide.mcu.externaltools.gnu-tools-for-stm32.10.3-2021.10.win32_1.0.0.202111181127/tools/bin/../lib/gcc/arm-none-eabi/10.3.1/../../../../arm-none-eabi/lib/thumb/v7e-m+fp/hard\libc_nano.a(lib_a-impure.o)
                0x0000000020000020                _impure_ptr
 .data.impure_data