../Src/bsp_driver_sd.c:79:16:BSP_SD_ITConfig	0	static
../Src/bsp_driver_sd.c:88:13:BSP_SD_DetectIT	0	static
../Src/bsp_driver_sd.c:105:16:BSP_SD_ReadBlocks	16	static
../Src/bsp_driver_sd.c:128:16:BSP_SD_WriteBlocks	16	static
../Src/bsp_driver_sd.c:150:16:BSP_SD_ReadBlocks_DMA	8	static
../Src/bsp_driver_sd.c:173:16:BSP_SD_WriteBlocks_DMA	8	static
../Src/bsp_driver_sd.c:195:16:BSP_SD_Erase	8	static
../Src/bsp_driver_sd.c:215:16:BSP_SD_GetCardState	8	static
../Src/bsp_driver_sd.c:225:13:BSP_SD_GetCardInfo	8	static
../Src/bsp_driver_sd.c:269:13:BSP_SD_AbortCallback	0	static
../Src/bsp_driver_sd.c:239:6:HAL_SD_AbortCallback	8	static
../Src/bsp_driver_sd.c:278:13:BSP_SD_WriteCpltCallback	0	static
../Src/bsp_driver_sd.c:249:6:HAL_SD_TxCpltCallback	8	static
../Src/bsp_driver_sd.c:287:13:BSP_SD_ReadCpltCallback	0	static
../Src/bsp_driver_sd.c:259:6:HAL_SD_RxCpltCallback	8	static
../Src/bsp_driver_sd.c:299:16:BSP_SD_IsDetected	16	static
../Src/bsp_driver_sd.c:48:16:BSP_SD_Init	16	static
