../Src/sd_card.c:149:14:SD_Task_Read	24	static,ignoring_inline_asm
../Src/sd_card.c:182:14:SD_Task_Write	24	static
../Src/sd_card.c:316:6:xSD_Card_Gatekeeper	16	static,ignoring_inline_asm
../Src/sd_card.c:390:6:xSD_Sync	8	static,ignoring_inline_asm
../Src/sd_card.c:97:6:Init_SD_Card	16	static,ignoring_inline_asm
../Src/sd_card.c:111:6:Init_SD_RTOS_Tasks	24	static
../Src/sd_card.c:221:7:SD_Log	24	static
../Src/sd_card.c:465:6:xTest_Sender_Task	192	static
../Src/sd_card.c:243:7:SD_Log_From_ISR	24	static
../Src/sd_card.c:275:7:SD_Read	24	static
../Src/sd_card.c:297:7:SD_Eject	24	static
