../Src/stm32f4xx_it.c:94:6:NMI_Handler	0	static
../Src/stm32f4xx_it.c:107:6:HardFault_Handler	0	static
../Src/stm32f4xx_it.c:122:6:MemManage_Handler	0	static
../Src/stm32f4xx_it.c:137:6:BusFault_Handler	0	static
../Src/stm32f4xx_it.c:152:6:UsageFault_Handler	0	static
../Src/stm32f4xx_it.c:167:6:DebugMon_Handler	0	static
../Src/stm32f4xx_it.c:187:6:TIM1_UP_TIM10_IRQHandler	8	static
../Src/stm32f4xx_it.c:202:6:TIM2_IRQHandler	8	static
../Src/stm32f4xx_it.c:216:6:TIM3_IRQHandler	8	static
../Src/stm32f4xx_it.c:230:6:TIM4_IRQHandler	8	static
../Src/stm32f4xx_it.c:244:6:SDIO_IRQHandler	8	static
../Src/stm32f4xx_it.c:258:6:DMA2_Stream0_IRQHandler	8	static
../Src/stm32f4xx_it.c:272:6:DMA2_Stream3_IRQHandler	8	static
../Src/stm32f4xx_it.c:286:6:DMA2_Stream6_IRQHandler	8	static
