../Src/stm32f4xx_it.c:90:6:NMI_Handler	0	static
../Src/stm32f4xx_it.c:103:6:HardFault_Handler	0	static
../Src/stm32f4xx_it.c:118:6:MemManage_Handler	0	static
../Src/stm32f4xx_it.c:133:6:BusFault_Handler	0	static
../Src/stm32f4xx_it.c:148:6:UsageFault_Handler	0	static
../Src/stm32f4xx_it.c:163:6:DebugMon_Handler	0	static
../Src/stm32f4xx_it.c:183:6:TIM1_UP_TIM10_IRQHandler	8	static
../Src/stm32f4xx_it.c:197:6:SDIO_IRQHandler	8	static
../Src/stm32f4xx_it.c:211:6:DMA2_Stream0_IRQHandler	8	static
../Src/stm32f4xx_it.c:225:6:DMA2_Stream3_IRQHandler	8	static
../Src/stm32f4xx_it.c:239:6:DMA2_Stream6_IRQHandler	8	static
