../Src/wheel_speed.c:93:6:Init_WheelSpeed_Logging_Task	24	static
../Src/wheel_speed.c:111:25:create_wheel_speed	56	static
../Src/wheel_speed.c:125:5:get_wheel_speed_timer_prescaler	8	static
../Src/wheel_speed.c:139:25:get_wheel_ang_vel	48	static
../Src/wheel_speed.c:199:6:xWheelSpeed_Logger	592	static
../Src/wheel_speed.c:240:6:HAL_TIM_IC_CaptureCallback	0	static
../Src/wheel_speed.c:260:6:HAL_FR_Wheelspeed_Overflow_Callback	0	static
../Src/wheel_speed.c:265:6:HAL_FL_Wheelspeed_Overflow_Callback	0	static
